<?xml version="1.0" encoding="utf-8"?>
<TestRun id="7072b207-c92d-4d22-b07c-a83ac0c48751" name="@RICKEBO 2026-08-27 04:11:20" xmlns="http://microsoft.com/schemas/VisualStudio/TeamTest/2010">
  <Times creation="2026-08-27T04:11:20.2502357+02:00" queuing="2026-08-27T04:11:20.2502358+02:00" start="2026-08-27T04:11:19.5804128+02:00" finish="2026-08-27T04:11:20.2898345+02:00" />
  <TestSettings name="default" id="203bc3ea-0eac-4f6b-898c-1b907133959c">
    <Deployment runDeploymentRoot="_RICKEBO_2026-08-27_04_11_20" />
  </TestSettings>
  <Results>
    <UnitTestResult executionId="b1558408-7869-401d-adf7-1f1a78e35e57" testId="f19f3d33-1129-3ca9-4523-c88c73e29907" testName="InsightsService.UnitTests.TransitionEquivalenceTests.Supported_transition_matches_cold_output(transition: &quot;changed_blob_rename&quot;)" computerName="RICKEBO" duration="00:00:00.0616795" startTime="2026-08-27T04:11:20.1498380+02:00" endTime="2026-08-27T04:11:20.2144917+02:00" testType="13cdc9d9-ddb5-4fa4-a97d-d965ccfc6d4b" outcome="Passed" testListId="8c84fa94-04c1-424b-9868-57a2d4851a1d" relativeResultsDirectory="b1558408-7869-401d-adf7-1f1a78e35e57" />
    <UnitTestResult executionId="798b8c77-32f6-4894-8b95-872171d2fd0f" testId="a49dce1c-b0b6-f2da-910a-500593478225" testName="InsightsService.UnitTests.TransitionEquivalenceTests.Supported_transition_matches_cold_output(transition: &quot;generated_move&quot;)" computerName="RICKEBO" duration="00:00:00.0002626" startTime="2026-08-27T04:11:20.2157486+02:00" endTime="2026-08-27T04:11:20.2159457+02:00" testType="13cdc9d9-ddb5-4fa4-a97d-d965ccfc6d4b" outcome="Passed" testListId="8c84fa94-04c1-424b-9868-57a2d4851a1d" relativeResultsDirectory="798b8c77-32f6-4894-8b95-872171d2fd0f" />
    <UnitTestResult executionId="119ea61c-2752-4b7b-9435-701b2f1a75fc" testId="8941705b-791d-549e-2b3c-c144f5bd1965" testName="InsightsService.UnitTests.TransitionEquivalenceTests.Supported_transition_matches_cold_output(transition: &quot;merge_tree&quot;)" computerName="RICKEBO" duration="00:00:00.0011056" startTime="2026-08-27T04:11:20.2145325+02:00" endTime="2026-08-27T04:11:20.2156824+02:00" testType="13cdc9d9-ddb5-4fa4-a97d-d965ccfc6d4b" outcome="Passed" testListId="8c84fa94-04c1-424b-9868-57a2d4851a1d" relativeResultsDirectory="119ea61c-2752-4b7b-9435-701b2f1a75fc" />
    <UnitTestResult executionId="56292ca6-022f-4c4f-bc8e-920f10682c82" testId="cb8d09a7-156f-dada-c706-f3e6eae069b9" testName="InsightsService.UnitTests.IncrementalInsightsTests.Second_snapshot_reuses_content_and_matches_a_cold_build" computerName="RICKEBO" duration="00:00:00.0537472" startTime="2026-08-27T04:11:20.1487908+02:00" endTime="2026-08-27T04:11:20.2080302+02:00" testType="13cdc9d9-ddb5-4fa4-a97d-d965ccfc6d4b" outcome="Passed" testListId="8c84fa94-04c1-424b-9868-57a2d4851a1d" relativeResultsDirectory="56292ca6-022f-4c4f-bc8e-920f10682c82" />
    <UnitTestResult executionId="204ea626-6e58-4b73-8fca-aae0a10a455d" testId="8e742fb2-513d-6a33-f088-169219d1481d" testName="InsightsService.UnitTests.IncrementalInsightsTests.Fork_reuses_content_without_conflating_track_lineage" computerName="RICKEBO" duration="00:00:00.0040010" startTime="2026-08-27T04:11:20.2143251+02:00" endTime="2026-08-27T04:11:20.2226042+02:00" testType="13cdc9d9-ddb5-4fa4-a97d-d965ccfc6d4b" outcome="Passed" testListId="8c84fa94-04c1-424b-9868-57a2d4851a1d" relativeResultsDirectory="204ea626-6e58-4b73-8fca-aae0a10a455d" />
    <UnitTestResult executionId="f26605ff-7449-478a-a227-b03e4b1dbbf6" testId="fe2a4181-6545-dedf-bc3e-4252d02df1ae" testName="InsightsService.UnitTests.TransitionEquivalenceTests.Supported_transition_matches_cold_output(transition: &quot;same_blob_rename&quot;)" computerName="RICKEBO" duration="00:00:00.0001949" startTime="2026-08-27T04:11:20.2221958+02:00" endTime="2026-08-27T04:11:20.2222484+02:00" testType="13cdc9d9-ddb5-4fa4-a97d-d965ccfc6d4b" outcome="Passed" testListId="8c84fa94-04c1-424b-9868-57a2d4851a1d" relativeResultsDirectory="f26605ff-7449-478a-a227-b03e4b1dbbf6" />
    <UnitTestResult executionId="e1726c32-27c3-469c-a0bd-3105b3d1ab11" testId="9d3b1583-3e33-632a-c64b-22e923169d2c" testName="InsightsService.UnitTests.TransitionEquivalenceTests.Dependency_impact_recalculates_only_changed_files_and_reverse_dependants" computerName="RICKEBO" duration="00:00:00.0006520" startTime="2026-08-27T04:11:20.2225688+02:00" endTime="2026-08-27T04:11:20.2226657+02:00" testType="13cdc9d9-ddb5-4fa4-a97d-d965ccfc6d4b" outcome="Passed" testListId="8c84fa94-04c1-424b-9868-57a2d4851a1d" relativeResultsDirectory="e1726c32-27c3-469c-a0bd-3105b3d1ab11" />
    <UnitTestResult executionId="a9956520-262a-4624-8ee5-efd48ed913f4" testId="71fdc8ba-0bbf-685b-c358-5c380bbb0ab0" testName="InsightsService.UnitTests.PublicationChainTests.Publication_artifacts_are_deterministic_and_checksum_verified" computerName="RICKEBO" duration="00:00:00.0613845" startTime="2026-08-27T04:11:20.1498118+02:00" endTime="2026-08-27T04:11:20.2143467+02:00" testType="13cdc9d9-ddb5-4fa4-a97d-d965ccfc6d4b" outcome="Passed" testListId="8c84fa94-04c1-424b-9868-57a2d4851a1d" relativeResultsDirectory="a9956520-262a-4624-8ee5-efd48ed913f4" />
    <UnitTestResult executionId="f14bafe1-800d-4a7a-a831-ed46e6fb8f3e" testId="16e7a57e-0a98-97be-2c06-7cca15402efe" testName="InsightsService.UnitTests.PublicationChainTests.Checkpoint_policy_bounds_delta_chains_and_preserves_logical_digest" computerName="RICKEBO" duration="00:00:00.0077975" startTime="2026-08-27T04:11:20.2143893+02:00" endTime="2026-08-27T04:11:20.2235033+02:00" testType="13cdc9d9-ddb5-4fa4-a97d-d965ccfc6d4b" outcome="Passed" testListId="8c84fa94-04c1-424b-9868-57a2d4851a1d" relativeResultsDirectory="f14bafe1-800d-4a7a-a831-ed46e6fb8f3e" />
    <UnitTestResult executionId="c8e5bdf7-d440-4216-9388-1c8b18f770f4" testId="b512b5f2-3d97-4657-d92b-a179bdd622af" testName="InsightsService.UnitTests.IncrementalInsightsTests.Path_only_move_reuses_content_but_recomputes_placement" computerName="RICKEBO" duration="00:00:00.0016991" startTime="2026-08-27T04:11:20.2138367+02:00" endTime="2026-08-27T04:11:20.2138800+02:00" testType="13cdc9d9-ddb5-4fa4-a97d-d965ccfc6d4b" outcome="Passed" testListId="8c84fa94-04c1-424b-9868-57a2d4851a1d" relativeResultsDirectory="c8e5bdf7-d440-4216-9388-1c8b18f770f4" />
    <UnitTestResult executionId="4a453091-636f-4679-819a-cb5fa64a91e2" testId="7157191f-c4fc-7b66-4caf-c875bebf93dd" testName="InsightsService.UnitTests.TransitionEquivalenceTests.Supported_transition_matches_cold_output(transition: &quot;vendor_move&quot;)" computerName="RICKEBO" duration="00:00:00.0001830" startTime="2026-08-27T04:11:20.2224368+02:00" endTime="2026-08-27T04:11:20.2224773+02:00" testType="13cdc9d9-ddb5-4fa4-a97d-d965ccfc6d4b" outcome="Passed" testListId="8c84fa94-04c1-424b-9868-57a2d4851a1d" relativeResultsDirectory="4a453091-636f-4679-819a-cb5fa64a91e2" />
    <UnitTestResult executionId="3933523a-0309-43af-a6ab-bba1fef98d24" testId="b753a255-e5c8-dfc5-13ad-a055c7696cd9" testName="InsightsService.UnitTests.IncrementalInsightsTests.Analyzer_contract_change_invalidates_content_cache" computerName="RICKEBO" duration="00:00:00.0032349" startTime="2026-08-27T04:11:20.2142473+02:00" endTime="2026-08-27T04:11:20.2142710+02:00" testType="13cdc9d9-ddb5-4fa4-a97d-d965ccfc6d4b" outcome="Passed" testListId="8c84fa94-04c1-424b-9868-57a2d4851a1d" relativeResultsDirectory="3933523a-0309-43af-a6ab-bba1fef98d24" />
  </Results>
  <TestDefinitions>
    <UnitTest name="InsightsService.UnitTests.IncrementalInsightsTests.Fork_reuses_content_without_conflating_track_lineage" storage="/mnt/rickebo-p/workspace-manager/.worktrees/workspace-manager-fix_knowledge-production-generation-resolver/tests/insights-service/insightsservice.unittests/bin/release/net10.0/insightsservice.unittests.dll" id="8e742fb2-513d-6a33-f088-169219d1481d">
      <Execution id="204ea626-6e58-4b73-8fca-aae0a10a455d" />
      <TestMethod codeBase="/mnt/rickebo-p/workspace-manager/.worktrees/workspace-manager-fix_knowledge-production-generation-resolver/tests/insights-service/InsightsService.UnitTests/bin/Release/net10.0/InsightsService.UnitTests.dll" adapterTypeName="executor://xunit/VsTestRunner3/netcore/" className="InsightsService.UnitTests.IncrementalInsightsTests" name="Fork_reuses_content_without_conflating_track_lineage" />
    </UnitTest>
    <UnitTest name="InsightsService.UnitTests.TransitionEquivalenceTests.Supported_transition_matches_cold_output(transition: &quot;same_blob_rename&quot;)" storage="/mnt/rickebo-p/workspace-manager/.worktrees/workspace-manager-fix_knowledge-production-generation-resolver/tests/insights-service/insightsservice.unittests/bin/release/net10.0/insightsservice.unittests.dll" id="fe2a4181-6545-dedf-bc3e-4252d02df1ae">
      <Execution id="f26605ff-7449-478a-a227-b03e4b1dbbf6" />
      <TestMethod codeBase="/mnt/rickebo-p/workspace-manager/.worktrees/workspace-manager-fix_knowledge-production-generation-resolver/tests/insights-service/InsightsService.UnitTests/bin/Release/net10.0/InsightsService.UnitTests.dll" adapterTypeName="executor://xunit/VsTestRunner3/netcore/" className="InsightsService.UnitTests.TransitionEquivalenceTests" name="Supported_transition_matches_cold_output" />
    </UnitTest>
    <UnitTest name="InsightsService.UnitTests.PublicationChainTests.Publication_artifacts_are_deterministic_and_checksum_verified" storage="/mnt/rickebo-p/workspace-manager/.worktrees/workspace-manager-fix_knowledge-production-generation-resolver/tests/insights-service/insightsservice.unittests/bin/release/net10.0/insightsservice.unittests.dll" id="71fdc8ba-0bbf-685b-c358-5c380bbb0ab0">
      <Execution id="a9956520-262a-4624-8ee5-efd48ed913f4" />
      <TestMethod codeBase="/mnt/rickebo-p/workspace-manager/.worktrees/workspace-manager-fix_knowledge-production-generation-resolver/tests/insights-service/InsightsService.UnitTests/bin/Release/net10.0/InsightsService.UnitTests.dll" adapterTypeName="executor://xunit/VsTestRunner3/netcore/" className="InsightsService.UnitTests.PublicationChainTests" name="Publication_artifacts_are_deterministic_and_checksum_verified" />
    </UnitTest>
    <UnitTest name="InsightsService.UnitTests.IncrementalInsightsTests.Analyzer_contract_change_invalidates_content_cache" storage="/mnt/rickebo-p/workspace-manager/.worktrees/workspace-manager-fix_knowledge-production-generation-resolver/tests/insights-service/insightsservice.unittests/bin/release/net10.0/insightsservice.unittests.dll" id="b753a255-e5c8-dfc5-13ad-a055c7696cd9">
      <Execution id="3933523a-0309-43af-a6ab-bba1fef98d24" />
      <TestMethod codeBase="/mnt/rickebo-p/workspace-manager/.worktrees/workspace-manager-fix_knowledge-production-generation-resolver/tests/insights-service/InsightsService.UnitTests/bin/Release/net10.0/InsightsService.UnitTests.dll" adapterTypeName="executor://xunit/VsTestRunner3/netcore/" className="InsightsService.UnitTests.IncrementalInsightsTests" name="Analyzer_contract_change_invalidates_content_cache" />
    </UnitTest>
    <UnitTest name="InsightsService.UnitTests.TransitionEquivalenceTests.Supported_transition_matches_cold_output(transition: &quot;vendor_move&quot;)" storage="/mnt/rickebo-p/workspace-manager/.worktrees/workspace-manager-fix_knowledge-production-generation-resolver/tests/insights-service/insightsservice.unittests/bin/release/net10.0/insightsservice.unittests.dll" id="7157191f-c4fc-7b66-4caf-c875bebf93dd">
      <Execution id="4a453091-636f-4679-819a-cb5fa64a91e2" />
      <TestMethod codeBase="/mnt/rickebo-p/workspace-manager/.worktrees/workspace-manager-fix_knowledge-production-generation-resolver/tests/insights-service/InsightsService.UnitTests/bin/Release/net10.0/InsightsService.UnitTests.dll" adapterTypeName="executor://xunit/VsTestRunner3/netcore/" className="InsightsService.UnitTests.TransitionEquivalenceTests" name="Supported_transition_matches_cold_output" />
    </UnitTest>
    <UnitTest name="InsightsService.UnitTests.TransitionEquivalenceTests.Supported_transition_matches_cold_output(transition: &quot;changed_blob_rename&quot;)" storage="/mnt/rickebo-p/workspace-manager/.worktrees/workspace-manager-fix_knowledge-production-generation-resolver/tests/insights-service/insightsservice.unittests/bin/release/net10.0/insightsservice.unittests.dll" id="f19f3d33-1129-3ca9-4523-c88c73e29907">
      <Execution id="b1558408-7869-401d-adf7-1f1a78e35e57" />
      <TestMethod codeBase="/mnt/rickebo-p/workspace-manager/.worktrees/workspace-manager-fix_knowledge-production-generation-resolver/tests/insights-service/InsightsService.UnitTests/bin/Release/net10.0/InsightsService.UnitTests.dll" adapterTypeName="executor://xunit/VsTestRunner3/netcore/" className="InsightsService.UnitTests.TransitionEquivalenceTests" name="Supported_transition_matches_cold_output" />
    </UnitTest>
    <UnitTest name="InsightsService.UnitTests.IncrementalInsightsTests.Path_only_move_reuses_content_but_recomputes_placement" storage="/mnt/rickebo-p/workspace-manager/.worktrees/workspace-manager-fix_knowledge-production-generation-resolver/tests/insights-service/insightsservice.unittests/bin/release/net10.0/insightsservice.unittests.dll" id="b512b5f2-3d97-4657-d92b-a179bdd622af">
      <Execution id="c8e5bdf7-d440-4216-9388-1c8b18f770f4" />
      <TestMethod codeBase="/mnt/rickebo-p/workspace-manager/.worktrees/workspace-manager-fix_knowledge-production-generation-resolver/tests/insights-service/InsightsService.UnitTests/bin/Release/net10.0/InsightsService.UnitTests.dll" adapterTypeName="executor://xunit/VsTestRunner3/netcore/" className="InsightsService.UnitTests.IncrementalInsightsTests" name="Path_only_move_reuses_content_but_recomputes_placement" />
    </UnitTest>
    <UnitTest name="InsightsService.UnitTests.TransitionEquivalenceTests.Supported_transition_matches_cold_output(transition: &quot;generated_move&quot;)" storage="/mnt/rickebo-p/workspace-manager/.worktrees/workspace-manager-fix_knowledge-production-generation-resolver/tests/insights-service/insightsservice.unittests/bin/release/net10.0/insightsservice.unittests.dll" id="a49dce1c-b0b6-f2da-910a-500593478225">
      <Execution id="798b8c77-32f6-4894-8b95-872171d2fd0f" />
      <TestMethod codeBase="/mnt/rickebo-p/workspace-manager/.worktrees/workspace-manager-fix_knowledge-production-generation-resolver/tests/insights-service/InsightsService.UnitTests/bin/Release/net10.0/InsightsService.UnitTests.dll" adapterTypeName="executor://xunit/VsTestRunner3/netcore/" className="InsightsService.UnitTests.TransitionEquivalenceTests" name="Supported_transition_matches_cold_output" />
    </UnitTest>
    <UnitTest name="InsightsService.UnitTests.TransitionEquivalenceTests.Dependency_impact_recalculates_only_changed_files_and_reverse_dependants" storage="/mnt/rickebo-p/workspace-manager/.worktrees/workspace-manager-fix_knowledge-production-generation-resolver/tests/insights-service/insightsservice.unittests/bin/release/net10.0/insightsservice.unittests.dll" id="9d3b1583-3e33-632a-c64b-22e923169d2c">
      <Execution id="e1726c32-27c3-469c-a0bd-3105b3d1ab11" />
      <TestMethod codeBase="/mnt/rickebo-p/workspace-manager/.worktrees/workspace-manager-fix_knowledge-production-generation-resolver/tests/insights-service/InsightsService.UnitTests/bin/Release/net10.0/InsightsService.UnitTests.dll" adapterTypeName="executor://xunit/VsTestRunner3/netcore/" className="InsightsService.UnitTests.TransitionEquivalenceTests" name="Dependency_impact_recalculates_only_changed_files_and_reverse_dependants" />
    </UnitTest>
    <UnitTest name="InsightsService.UnitTests.TransitionEquivalenceTests.Supported_transition_matches_cold_output(transition: &quot;merge_tree&quot;)" storage="/mnt/rickebo-p/workspace-manager/.worktrees/workspace-manager-fix_knowledge-production-generation-resolver/tests/insights-service/insightsservice.unittests/bin/release/net10.0/insightsservice.unittests.dll" id="8941705b-791d-549e-2b3c-c144f5bd1965">
      <Execution id="119ea61c-2752-4b7b-9435-701b2f1a75fc" />
      <TestMethod codeBase="/mnt/rickebo-p/workspace-manager/.worktrees/workspace-manager-fix_knowledge-production-generation-resolver/tests/insights-service/InsightsService.UnitTests/bin/Release/net10.0/InsightsService.UnitTests.dll" adapterTypeName="executor://xunit/VsTestRunner3/netcore/" className="InsightsService.UnitTests.TransitionEquivalenceTests" name="Supported_transition_matches_cold_output" />
    </UnitTest>
    <UnitTest name="InsightsService.UnitTests.PublicationChainTests.Checkpoint_policy_bounds_delta_chains_and_preserves_logical_digest" storage="/mnt/rickebo-p/workspace-manager/.worktrees/workspace-manager-fix_knowledge-production-generation-resolver/tests/insights-service/insightsservice.unittests/bin/release/net10.0/insightsservice.unittests.dll" id="16e7a57e-0a98-97be-2c06-7cca15402efe">
      <Execution id="f14bafe1-800d-4a7a-a831-ed46e6fb8f3e" />
      <TestMethod codeBase="/mnt/rickebo-p/workspace-manager/.worktrees/workspace-manager-fix_knowledge-production-generation-resolver/tests/insights-service/InsightsService.UnitTests/bin/Release/net10.0/InsightsService.UnitTests.dll" adapterTypeName="executor://xunit/VsTestRunner3/netcore/" className="InsightsService.UnitTests.PublicationChainTests" name="Checkpoint_policy_bounds_delta_chains_and_preserves_logical_digest" />
    </UnitTest>
    <UnitTest name="InsightsService.UnitTests.IncrementalInsightsTests.Second_snapshot_reuses_content_and_matches_a_cold_build" storage="/mnt/rickebo-p/workspace-manager/.worktrees/workspace-manager-fix_knowledge-production-generation-resolver/tests/insights-service/insightsservice.unittests/bin/release/net10.0/insightsservice.unittests.dll" id="cb8d09a7-156f-dada-c706-f3e6eae069b9">
      <Execution id="56292ca6-022f-4c4f-bc8e-920f10682c82" />
      <TestMethod codeBase="/mnt/rickebo-p/workspace-manager/.worktrees/workspace-manager-fix_knowledge-production-generation-resolver/tests/insights-service/InsightsService.UnitTests/bin/Release/net10.0/InsightsService.UnitTests.dll" adapterTypeName="executor://xunit/VsTestRunner3/netcore/" className="InsightsService.UnitTests.IncrementalInsightsTests" name="Second_snapshot_reuses_content_and_matches_a_cold_build" />
    </UnitTest>
  </TestDefinitions>
  <TestEntries>
    <TestEntry testId="f19f3d33-1129-3ca9-4523-c88c73e29907" executionId="b1558408-7869-401d-adf7-1f1a78e35e57" testListId="8c84fa94-04c1-424b-9868-57a2d4851a1d" />
    <TestEntry testId="a49dce1c-b0b6-f2da-910a-500593478225" executionId="798b8c77-32f6-4894-8b95-872171d2fd0f" testListId="8c84fa94-04c1-424b-9868-57a2d4851a1d" />
    <TestEntry testId="8941705b-791d-549e-2b3c-c144f5bd1965" executionId="119ea61c-2752-4b7b-9435-701b2f1a75fc" testListId="8c84fa94-04c1-424b-9868-57a2d4851a1d" />
    <TestEntry testId="cb8d09a7-156f-dada-c706-f3e6eae069b9" executionId="56292ca6-022f-4c4f-bc8e-920f10682c82" testListId="8c84fa94-04c1-424b-9868-57a2d4851a1d" />
    <TestEntry testId="8e742fb2-513d-6a33-f088-169219d1481d" executionId="204ea626-6e58-4b73-8fca-aae0a10a455d" testListId="8c84fa94-04c1-424b-9868-57a2d4851a1d" />
    <TestEntry testId="fe2a4181-6545-dedf-bc3e-4252d02df1ae" executionId="f26605ff-7449-478a-a227-b03e4b1dbbf6" testListId="8c84fa94-04c1-424b-9868-57a2d4851a1d" />
    <TestEntry testId="9d3b1583-3e33-632a-c64b-22e923169d2c" executionId="e1726c32-27c3-469c-a0bd-3105b3d1ab11" testListId="8c84fa94-04c1-424b-9868-57a2d4851a1d" />
    <TestEntry testId="71fdc8ba-0bbf-685b-c358-5c380bbb0ab0" executionId="a9956520-262a-4624-8ee5-efd48ed913f4" testListId="8c84fa94-04c1-424b-9868-57a2d4851a1d" />
    <TestEntry testId="16e7a57e-0a98-97be-2c06-7cca15402efe" executionId="f14bafe1-800d-4a7a-a831-ed46e6fb8f3e" testListId="8c84fa94-04c1-424b-9868-57a2d4851a1d" />
    <TestEntry testId="b512b5f2-3d97-4657-d92b-a179bdd622af" executionId="c8e5bdf7-d440-4216-9388-1c8b18f770f4" testListId="8c84fa94-04c1-424b-9868-57a2d4851a1d" />
    <TestEntry testId="7157191f-c4fc-7b66-4caf-c875bebf93dd" executionId="4a453091-636f-4679-819a-cb5fa64a91e2" testListId="8c84fa94-04c1-424b-9868-57a2d4851a1d" />
    <TestEntry testId="b753a255-e5c8-dfc5-13ad-a055c7696cd9" executionId="3933523a-0309-43af-a6ab-bba1fef98d24" testListId="8c84fa94-04c1-424b-9868-57a2d4851a1d" />
  </TestEntries>
  <TestLists>
    <TestList name="Results Not in a List" id="8c84fa94-04c1-424b-9868-57a2d4851a1d" />
    <TestList name="All Loaded Results" id="19431567-8539-422a-85d7-44ee4e166bda" />
  </TestLists>
  <ResultSummary outcome="Completed">
    <Counters total="12" executed="12" passed="12" failed="0" error="0" timeout="0" aborted="0" inconclusive="0" passedButRunAborted="0" notRunnable="0" notExecuted="0" disconnected="0" warning="0" completed="0" inProgress="0" pending="0" />
    <Output>
      <StdOut>[xUnit.net 00:00:00.00] xUnit.net VSTest Adapter v3.1.5+1b188a7b0a (64-bit .NET 10.0.11)
[xUnit.net 00:00:00.11]   Discovering: InsightsService.UnitTests
[xUnit.net 00:00:00.14]   Discovered:  InsightsService.UnitTests
[xUnit.net 00:00:00.16]   Starting:    InsightsService.UnitTests
[xUnit.net 00:00:00.25]   Finished:    InsightsService.UnitTests
</StdOut>
    </Output>
  </ResultSummary>
</TestRun>