<?xml version="1.0" encoding="utf-8"?>
<TestRun id="a1fae49e-541d-4e96-a945-0c0888bff93e" name="@RICKEBO 2026-08-27 04:28:25" xmlns="http://microsoft.com/schemas/VisualStudio/TeamTest/2010">
  <Times creation="2026-08-27T04:28:25.4659808+02:00" queuing="2026-08-27T04:28:25.4659809+02:00" start="2026-08-27T04:28:24.0568000+02:00" finish="2026-08-27T04:28:25.4914577+02:00" />
  <TestSettings name="default" id="0fa339c1-d34a-47a0-b656-2aba031c2282">
    <Deployment runDeploymentRoot="_RICKEBO_2026-08-27_04_28_25" />
  </TestSettings>
  <Results>
    <UnitTestResult executionId="a5cf14e0-e6de-4425-b049-c7bc75249d42" testId="a7baa971-bc6c-e91a-1ac0-20dfbcaca3e5" testName="SourceService.Provider.Tests.GitHubProviderAdapterTests.Provider_failures_are_stable_and_redacted(status: Forbidden, expected: Forbidden, retryable: False)" computerName="RICKEBO" duration="00:00:00.0000422" startTime="2026-08-27T04:28:25.4168068+02:00" endTime="2026-08-27T04:28:25.4168581+02:00" testType="13cdc9d9-ddb5-4fa4-a97d-d965ccfc6d4b" outcome="Passed" testListId="8c84fa94-04c1-424b-9868-57a2d4851a1d" relativeResultsDirectory="a5cf14e0-e6de-4425-b049-c7bc75249d42" />
    <UnitTestResult executionId="9e4c6dd6-a728-4433-9058-df55312cb7ba" testId="f26bf4e5-0e53-ef20-8f1d-b18bb68a532e" testName="SourceService.Provider.Tests.GitHubProviderAdapterTests.DiscoverRepositories_follows_fixture_pagination_and_normalizes_identity" computerName="RICKEBO" duration="00:00:00.0031100" startTime="2026-08-27T04:28:25.4078536+02:00" endTime="2026-08-27T04:28:25.4109812+02:00" testType="13cdc9d9-ddb5-4fa4-a97d-d965ccfc6d4b" outcome="Passed" testListId="8c84fa94-04c1-424b-9868-57a2d4851a1d" relativeResultsDirectory="9e4c6dd6-a728-4433-9058-df55312cb7ba" />
    <UnitTestResult executionId="d4b0404b-cc98-4b80-b6ec-12a164b7b890" testId="b6e49fef-a480-e1a1-6466-759c5c379eef" testName="SourceService.Provider.Tests.GitHubProviderAdapterTests.CreateSourceArtifact_rejects_archive_path_traversal" computerName="RICKEBO" duration="00:00:00.0665827" startTime="2026-08-27T04:28:25.3162307+02:00" endTime="2026-08-27T04:28:25.3873335+02:00" testType="13cdc9d9-ddb5-4fa4-a97d-d965ccfc6d4b" outcome="Passed" testListId="8c84fa94-04c1-424b-9868-57a2d4851a1d" relativeResultsDirectory="d4b0404b-cc98-4b80-b6ec-12a164b7b890" />
    <UnitTestResult executionId="35ae7e1f-bd94-4c66-b81e-40fb030b2056" testId="00eacb8f-be1e-4ab2-6114-ecf15a10af36" testName="SourceService.Provider.Tests.GitHubProviderAdapterTests.Credential_requests_are_repository_operation_and_lifetime_scoped" computerName="RICKEBO" duration="00:00:00.0040785" startTime="2026-08-27T04:28:25.4178522+02:00" endTime="2026-08-27T04:28:25.4219436+02:00" testType="13cdc9d9-ddb5-4fa4-a97d-d965ccfc6d4b" outcome="Passed" testListId="8c84fa94-04c1-424b-9868-57a2d4851a1d" relativeResultsDirectory="35ae7e1f-bd94-4c66-b81e-40fb030b2056" />
    <UnitTestResult executionId="52800514-6107-425e-bab9-a9cb859974e4" testId="1cfd0a67-3bb5-164a-394b-8ed356aafa30" testName="SourceService.Provider.Tests.GitHubProviderAdapterTests.Provider_failures_are_stable_and_redacted(status: ServiceUnavailable, expected: Unavailable, retryable: True)" computerName="RICKEBO" duration="00:00:00.0020675" startTime="2026-08-27T04:28:25.4141614+02:00" endTime="2026-08-27T04:28:25.4162489+02:00" testType="13cdc9d9-ddb5-4fa4-a97d-d965ccfc6d4b" outcome="Passed" testListId="8c84fa94-04c1-424b-9868-57a2d4851a1d" relativeResultsDirectory="52800514-6107-425e-bab9-a9cb859974e4" />
    <UnitTestResult executionId="676be044-4c74-4c3d-87bc-869604a546e1" testId="c76dba2f-70f4-8649-3ea5-493e7b8a5de4" testName="SourceService.Provider.Tests.GitHubProviderAdapterTests.DiscoverRepositories_maps_rate_limit_without_leaking_provider_body" computerName="RICKEBO" duration="00:00:00.0005458" startTime="2026-08-27T04:28:25.4171316+02:00" endTime="2026-08-27T04:28:25.4176884+02:00" testType="13cdc9d9-ddb5-4fa4-a97d-d965ccfc6d4b" outcome="Passed" testListId="8c84fa94-04c1-424b-9868-57a2d4851a1d" relativeResultsDirectory="676be044-4c74-4c3d-87bc-869604a546e1" />
    <UnitTestResult executionId="59bb8231-72f3-475d-a265-454d0d465632" testId="a8296ed6-e853-cb0e-862c-3cf5ccf5bc36" testName="SourceService.Provider.Tests.GitHubProviderAdapterTests.Provider_failures_are_stable_and_redacted(status: NotFound, expected: NotFound, retryable: False)" computerName="RICKEBO" duration="00:00:00.0000277" startTime="2026-08-27T04:28:25.4169429+02:00" endTime="2026-08-27T04:28:25.4169760+02:00" testType="13cdc9d9-ddb5-4fa4-a97d-d965ccfc6d4b" outcome="Passed" testListId="8c84fa94-04c1-424b-9868-57a2d4851a1d" relativeResultsDirectory="59bb8231-72f3-475d-a265-454d0d465632" />
    <UnitTestResult executionId="e752ac05-55d9-4323-a65b-e8940a3026a8" testId="4b5ce10e-e864-d026-faa9-56a6013135f4" testName="SourceService.Provider.Tests.GitHubProviderAdapterTests.VerifyAndNormalizeWebhook_rejects_forgery_and_returns_provider_neutral_push" computerName="RICKEBO" duration="00:00:00.0074076" startTime="2026-08-27T04:28:25.4221096+02:00" endTime="2026-08-27T04:28:25.4295320+02:00" testType="13cdc9d9-ddb5-4fa4-a97d-d965ccfc6d4b" outcome="Passed" testListId="8c84fa94-04c1-424b-9868-57a2d4851a1d" relativeResultsDirectory="e752ac05-55d9-4323-a65b-e8940a3026a8" />
    <UnitTestResult executionId="74c429c8-923a-4ab3-b116-b144388d05f1" testId="78f5d949-ffa5-3005-6f6b-49da5d0de35d" testName="SourceService.Provider.Tests.GitHubProviderAdapterTests.Provider_failures_are_stable_and_redacted(status: Unauthorized, expected: Unauthorized, retryable: False)" computerName="RICKEBO" duration="00:00:00.0002635" startTime="2026-08-27T04:28:25.4163961+02:00" endTime="2026-08-27T04:28:25.4166717+02:00" testType="13cdc9d9-ddb5-4fa4-a97d-d965ccfc6d4b" outcome="Passed" testListId="8c84fa94-04c1-424b-9868-57a2d4851a1d" relativeResultsDirectory="74c429c8-923a-4ab3-b116-b144388d05f1" />
    <UnitTestResult executionId="baaced72-382c-4bd5-8a41-2b17f59b0c3d" testId="84a57b36-6c5b-de3a-472e-461fa9e1e3cb" testName="SourceService.Provider.Tests.GitHubProviderAdapterTests.ReadCommitRange_follows_bounded_compare_pagination_without_skipping_commits" computerName="RICKEBO" duration="00:00:00.0101982" startTime="2026-08-27T04:28:25.3907405+02:00" endTime="2026-08-27T04:28:25.4009795+02:00" testType="13cdc9d9-ddb5-4fa4-a97d-d965ccfc6d4b" outcome="Passed" testListId="8c84fa94-04c1-424b-9868-57a2d4851a1d" relativeResultsDirectory="baaced72-382c-4bd5-8a41-2b17f59b0c3d" />
    <UnitTestResult executionId="0b628987-4495-468d-b272-e8758c4c601e" testId="ff85872f-e913-4dde-1f37-6ef2a04fd840" testName="SourceService.Provider.Tests.GitHubProviderAdapterTests.CreateSourceArtifact_normalizes_gzip_prefix_and_exact_subpath" computerName="RICKEBO" duration="00:00:00.0023122" startTime="2026-08-27T04:28:25.4111475+02:00" endTime="2026-08-27T04:28:25.4134727+02:00" testType="13cdc9d9-ddb5-4fa4-a97d-d965ccfc6d4b" outcome="Passed" testListId="8c84fa94-04c1-424b-9868-57a2d4851a1d" relativeResultsDirectory="0b628987-4495-468d-b272-e8758c4c601e" />
    <UnitTestResult executionId="bf2faccb-ecb2-41c2-bb0a-0b838961d74f" testId="08a0efba-c7bb-80de-10e6-639190e270ab" testName="SourceService.Provider.Tests.GitHubProviderAdapterTests.CompareTrees_reads_exact_tree_objects_and_returns_deterministic_changes" computerName="RICKEBO" duration="00:00:00.0064641" startTime="2026-08-27T04:28:25.4011992+02:00" endTime="2026-08-27T04:28:25.4076803+02:00" testType="13cdc9d9-ddb5-4fa4-a97d-d965ccfc6d4b" outcome="Passed" testListId="8c84fa94-04c1-424b-9868-57a2d4851a1d" relativeResultsDirectory="bf2faccb-ecb2-41c2-bb0a-0b838961d74f" />
  </Results>
  <TestDefinitions>
    <UnitTest name="SourceService.Provider.Tests.GitHubProviderAdapterTests.Provider_failures_are_stable_and_redacted(status: ServiceUnavailable, expected: Unavailable, retryable: True)" storage="/mnt/rickebo-p/workspace-manager/.worktrees/workspace-manager-fix_knowledge-production-generation-resolver/tests/source-service/sourceservice.provider.tests/bin/release/net10.0/sourceservice.provider.tests.dll" id="1cfd0a67-3bb5-164a-394b-8ed356aafa30">
      <Execution id="52800514-6107-425e-bab9-a9cb859974e4" />
      <TestMethod codeBase="/mnt/rickebo-p/workspace-manager/.worktrees/workspace-manager-fix_knowledge-production-generation-resolver/tests/source-service/SourceService.Provider.Tests/bin/Release/net10.0/SourceService.Provider.Tests.dll" adapterTypeName="executor://xunit/VsTestRunner3/netcore/" className="SourceService.Provider.Tests.GitHubProviderAdapterTests" name="Provider_failures_are_stable_and_redacted" />
    </UnitTest>
    <UnitTest name="SourceService.Provider.Tests.GitHubProviderAdapterTests.ReadCommitRange_follows_bounded_compare_pagination_without_skipping_commits" storage="/mnt/rickebo-p/workspace-manager/.worktrees/workspace-manager-fix_knowledge-production-generation-resolver/tests/source-service/sourceservice.provider.tests/bin/release/net10.0/sourceservice.provider.tests.dll" id="84a57b36-6c5b-de3a-472e-461fa9e1e3cb">
      <Execution id="baaced72-382c-4bd5-8a41-2b17f59b0c3d" />
      <TestMethod codeBase="/mnt/rickebo-p/workspace-manager/.worktrees/workspace-manager-fix_knowledge-production-generation-resolver/tests/source-service/SourceService.Provider.Tests/bin/Release/net10.0/SourceService.Provider.Tests.dll" adapterTypeName="executor://xunit/VsTestRunner3/netcore/" className="SourceService.Provider.Tests.GitHubProviderAdapterTests" name="ReadCommitRange_follows_bounded_compare_pagination_without_skipping_commits" />
    </UnitTest>
    <UnitTest name="SourceService.Provider.Tests.GitHubProviderAdapterTests.CreateSourceArtifact_rejects_archive_path_traversal" storage="/mnt/rickebo-p/workspace-manager/.worktrees/workspace-manager-fix_knowledge-production-generation-resolver/tests/source-service/sourceservice.provider.tests/bin/release/net10.0/sourceservice.provider.tests.dll" id="b6e49fef-a480-e1a1-6466-759c5c379eef">
      <Execution id="d4b0404b-cc98-4b80-b6ec-12a164b7b890" />
      <TestMethod codeBase="/mnt/rickebo-p/workspace-manager/.worktrees/workspace-manager-fix_knowledge-production-generation-resolver/tests/source-service/SourceService.Provider.Tests/bin/Release/net10.0/SourceService.Provider.Tests.dll" adapterTypeName="executor://xunit/VsTestRunner3/netcore/" className="SourceService.Provider.Tests.GitHubProviderAdapterTests" name="CreateSourceArtifact_rejects_archive_path_traversal" />
    </UnitTest>
    <UnitTest name="SourceService.Provider.Tests.GitHubProviderAdapterTests.DiscoverRepositories_follows_fixture_pagination_and_normalizes_identity" storage="/mnt/rickebo-p/workspace-manager/.worktrees/workspace-manager-fix_knowledge-production-generation-resolver/tests/source-service/sourceservice.provider.tests/bin/release/net10.0/sourceservice.provider.tests.dll" id="f26bf4e5-0e53-ef20-8f1d-b18bb68a532e">
      <Execution id="9e4c6dd6-a728-4433-9058-df55312cb7ba" />
      <TestMethod codeBase="/mnt/rickebo-p/workspace-manager/.worktrees/workspace-manager-fix_knowledge-production-generation-resolver/tests/source-service/SourceService.Provider.Tests/bin/Release/net10.0/SourceService.Provider.Tests.dll" adapterTypeName="executor://xunit/VsTestRunner3/netcore/" className="SourceService.Provider.Tests.GitHubProviderAdapterTests" name="DiscoverRepositories_follows_fixture_pagination_and_normalizes_identity" />
    </UnitTest>
    <UnitTest name="SourceService.Provider.Tests.GitHubProviderAdapterTests.CompareTrees_reads_exact_tree_objects_and_returns_deterministic_changes" storage="/mnt/rickebo-p/workspace-manager/.worktrees/workspace-manager-fix_knowledge-production-generation-resolver/tests/source-service/sourceservice.provider.tests/bin/release/net10.0/sourceservice.provider.tests.dll" id="08a0efba-c7bb-80de-10e6-639190e270ab">
      <Execution id="bf2faccb-ecb2-41c2-bb0a-0b838961d74f" />
      <TestMethod codeBase="/mnt/rickebo-p/workspace-manager/.worktrees/workspace-manager-fix_knowledge-production-generation-resolver/tests/source-service/SourceService.Provider.Tests/bin/Release/net10.0/SourceService.Provider.Tests.dll" adapterTypeName="executor://xunit/VsTestRunner3/netcore/" className="SourceService.Provider.Tests.GitHubProviderAdapterTests" name="CompareTrees_reads_exact_tree_objects_and_returns_deterministic_changes" />
    </UnitTest>
    <UnitTest name="SourceService.Provider.Tests.GitHubProviderAdapterTests.Provider_failures_are_stable_and_redacted(status: Unauthorized, expected: Unauthorized, retryable: False)" storage="/mnt/rickebo-p/workspace-manager/.worktrees/workspace-manager-fix_knowledge-production-generation-resolver/tests/source-service/sourceservice.provider.tests/bin/release/net10.0/sourceservice.provider.tests.dll" id="78f5d949-ffa5-3005-6f6b-49da5d0de35d">
      <Execution id="74c429c8-923a-4ab3-b116-b144388d05f1" />
      <TestMethod codeBase="/mnt/rickebo-p/workspace-manager/.worktrees/workspace-manager-fix_knowledge-production-generation-resolver/tests/source-service/SourceService.Provider.Tests/bin/Release/net10.0/SourceService.Provider.Tests.dll" adapterTypeName="executor://xunit/VsTestRunner3/netcore/" className="SourceService.Provider.Tests.GitHubProviderAdapterTests" name="Provider_failures_are_stable_and_redacted" />
    </UnitTest>
    <UnitTest name="SourceService.Provider.Tests.GitHubProviderAdapterTests.DiscoverRepositories_maps_rate_limit_without_leaking_provider_body" storage="/mnt/rickebo-p/workspace-manager/.worktrees/workspace-manager-fix_knowledge-production-generation-resolver/tests/source-service/sourceservice.provider.tests/bin/release/net10.0/sourceservice.provider.tests.dll" id="c76dba2f-70f4-8649-3ea5-493e7b8a5de4">
      <Execution id="676be044-4c74-4c3d-87bc-869604a546e1" />
      <TestMethod codeBase="/mnt/rickebo-p/workspace-manager/.worktrees/workspace-manager-fix_knowledge-production-generation-resolver/tests/source-service/SourceService.Provider.Tests/bin/Release/net10.0/SourceService.Provider.Tests.dll" adapterTypeName="executor://xunit/VsTestRunner3/netcore/" className="SourceService.Provider.Tests.GitHubProviderAdapterTests" name="DiscoverRepositories_maps_rate_limit_without_leaking_provider_body" />
    </UnitTest>
    <UnitTest name="SourceService.Provider.Tests.GitHubProviderAdapterTests.VerifyAndNormalizeWebhook_rejects_forgery_and_returns_provider_neutral_push" storage="/mnt/rickebo-p/workspace-manager/.worktrees/workspace-manager-fix_knowledge-production-generation-resolver/tests/source-service/sourceservice.provider.tests/bin/release/net10.0/sourceservice.provider.tests.dll" id="4b5ce10e-e864-d026-faa9-56a6013135f4">
      <Execution id="e752ac05-55d9-4323-a65b-e8940a3026a8" />
      <TestMethod codeBase="/mnt/rickebo-p/workspace-manager/.worktrees/workspace-manager-fix_knowledge-production-generation-resolver/tests/source-service/SourceService.Provider.Tests/bin/Release/net10.0/SourceService.Provider.Tests.dll" adapterTypeName="executor://xunit/VsTestRunner3/netcore/" className="SourceService.Provider.Tests.GitHubProviderAdapterTests" name="VerifyAndNormalizeWebhook_rejects_forgery_and_returns_provider_neutral_push" />
    </UnitTest>
    <UnitTest name="SourceService.Provider.Tests.GitHubProviderAdapterTests.Provider_failures_are_stable_and_redacted(status: NotFound, expected: NotFound, retryable: False)" storage="/mnt/rickebo-p/workspace-manager/.worktrees/workspace-manager-fix_knowledge-production-generation-resolver/tests/source-service/sourceservice.provider.tests/bin/release/net10.0/sourceservice.provider.tests.dll" id="a8296ed6-e853-cb0e-862c-3cf5ccf5bc36">
      <Execution id="59bb8231-72f3-475d-a265-454d0d465632" />
      <TestMethod codeBase="/mnt/rickebo-p/workspace-manager/.worktrees/workspace-manager-fix_knowledge-production-generation-resolver/tests/source-service/SourceService.Provider.Tests/bin/Release/net10.0/SourceService.Provider.Tests.dll" adapterTypeName="executor://xunit/VsTestRunner3/netcore/" className="SourceService.Provider.Tests.GitHubProviderAdapterTests" name="Provider_failures_are_stable_and_redacted" />
    </UnitTest>
    <UnitTest name="SourceService.Provider.Tests.GitHubProviderAdapterTests.Provider_failures_are_stable_and_redacted(status: Forbidden, expected: Forbidden, retryable: False)" storage="/mnt/rickebo-p/workspace-manager/.worktrees/workspace-manager-fix_knowledge-production-generation-resolver/tests/source-service/sourceservice.provider.tests/bin/release/net10.0/sourceservice.provider.tests.dll" id="a7baa971-bc6c-e91a-1ac0-20dfbcaca3e5">
      <Execution id="a5cf14e0-e6de-4425-b049-c7bc75249d42" />
      <TestMethod codeBase="/mnt/rickebo-p/workspace-manager/.worktrees/workspace-manager-fix_knowledge-production-generation-resolver/tests/source-service/SourceService.Provider.Tests/bin/Release/net10.0/SourceService.Provider.Tests.dll" adapterTypeName="executor://xunit/VsTestRunner3/netcore/" className="SourceService.Provider.Tests.GitHubProviderAdapterTests" name="Provider_failures_are_stable_and_redacted" />
    </UnitTest>
    <UnitTest name="SourceService.Provider.Tests.GitHubProviderAdapterTests.CreateSourceArtifact_normalizes_gzip_prefix_and_exact_subpath" storage="/mnt/rickebo-p/workspace-manager/.worktrees/workspace-manager-fix_knowledge-production-generation-resolver/tests/source-service/sourceservice.provider.tests/bin/release/net10.0/sourceservice.provider.tests.dll" id="ff85872f-e913-4dde-1f37-6ef2a04fd840">
      <Execution id="0b628987-4495-468d-b272-e8758c4c601e" />
      <TestMethod codeBase="/mnt/rickebo-p/workspace-manager/.worktrees/workspace-manager-fix_knowledge-production-generation-resolver/tests/source-service/SourceService.Provider.Tests/bin/Release/net10.0/SourceService.Provider.Tests.dll" adapterTypeName="executor://xunit/VsTestRunner3/netcore/" className="SourceService.Provider.Tests.GitHubProviderAdapterTests" name="CreateSourceArtifact_normalizes_gzip_prefix_and_exact_subpath" />
    </UnitTest>
    <UnitTest name="SourceService.Provider.Tests.GitHubProviderAdapterTests.Credential_requests_are_repository_operation_and_lifetime_scoped" storage="/mnt/rickebo-p/workspace-manager/.worktrees/workspace-manager-fix_knowledge-production-generation-resolver/tests/source-service/sourceservice.provider.tests/bin/release/net10.0/sourceservice.provider.tests.dll" id="00eacb8f-be1e-4ab2-6114-ecf15a10af36">
      <Execution id="35ae7e1f-bd94-4c66-b81e-40fb030b2056" />
      <TestMethod codeBase="/mnt/rickebo-p/workspace-manager/.worktrees/workspace-manager-fix_knowledge-production-generation-resolver/tests/source-service/SourceService.Provider.Tests/bin/Release/net10.0/SourceService.Provider.Tests.dll" adapterTypeName="executor://xunit/VsTestRunner3/netcore/" className="SourceService.Provider.Tests.GitHubProviderAdapterTests" name="Credential_requests_are_repository_operation_and_lifetime_scoped" />
    </UnitTest>
  </TestDefinitions>
  <TestEntries>
    <TestEntry testId="a7baa971-bc6c-e91a-1ac0-20dfbcaca3e5" executionId="a5cf14e0-e6de-4425-b049-c7bc75249d42" testListId="8c84fa94-04c1-424b-9868-57a2d4851a1d" />
    <TestEntry testId="f26bf4e5-0e53-ef20-8f1d-b18bb68a532e" executionId="9e4c6dd6-a728-4433-9058-df55312cb7ba" testListId="8c84fa94-04c1-424b-9868-57a2d4851a1d" />
    <TestEntry testId="b6e49fef-a480-e1a1-6466-759c5c379eef" executionId="d4b0404b-cc98-4b80-b6ec-12a164b7b890" testListId="8c84fa94-04c1-424b-9868-57a2d4851a1d" />
    <TestEntry testId="00eacb8f-be1e-4ab2-6114-ecf15a10af36" executionId="35ae7e1f-bd94-4c66-b81e-40fb030b2056" testListId="8c84fa94-04c1-424b-9868-57a2d4851a1d" />
    <TestEntry testId="1cfd0a67-3bb5-164a-394b-8ed356aafa30" executionId="52800514-6107-425e-bab9-a9cb859974e4" testListId="8c84fa94-04c1-424b-9868-57a2d4851a1d" />
    <TestEntry testId="c76dba2f-70f4-8649-3ea5-493e7b8a5de4" executionId="676be044-4c74-4c3d-87bc-869604a546e1" testListId="8c84fa94-04c1-424b-9868-57a2d4851a1d" />
    <TestEntry testId="a8296ed6-e853-cb0e-862c-3cf5ccf5bc36" executionId="59bb8231-72f3-475d-a265-454d0d465632" testListId="8c84fa94-04c1-424b-9868-57a2d4851a1d" />
    <TestEntry testId="4b5ce10e-e864-d026-faa9-56a6013135f4" executionId="e752ac05-55d9-4323-a65b-e8940a3026a8" testListId="8c84fa94-04c1-424b-9868-57a2d4851a1d" />
    <TestEntry testId="78f5d949-ffa5-3005-6f6b-49da5d0de35d" executionId="74c429c8-923a-4ab3-b116-b144388d05f1" testListId="8c84fa94-04c1-424b-9868-57a2d4851a1d" />
    <TestEntry testId="84a57b36-6c5b-de3a-472e-461fa9e1e3cb" executionId="baaced72-382c-4bd5-8a41-2b17f59b0c3d" testListId="8c84fa94-04c1-424b-9868-57a2d4851a1d" />
    <TestEntry testId="ff85872f-e913-4dde-1f37-6ef2a04fd840" executionId="0b628987-4495-468d-b272-e8758c4c601e" testListId="8c84fa94-04c1-424b-9868-57a2d4851a1d" />
    <TestEntry testId="08a0efba-c7bb-80de-10e6-639190e270ab" executionId="bf2faccb-ecb2-41c2-bb0a-0b838961d74f" testListId="8c84fa94-04c1-424b-9868-57a2d4851a1d" />
  </TestEntries>
  <TestLists>
    <TestList name="Results Not in a List" id="8c84fa94-04c1-424b-9868-57a2d4851a1d" />
    <TestList name="All Loaded Results" id="19431567-8539-422a-85d7-44ee4e166bda" />
  </TestLists>
  <ResultSummary outcome="Completed">
    <Counters total="12" executed="12" passed="12" failed="0" error="0" timeout="0" aborted="0" inconclusive="0" passedButRunAborted="0" notRunnable="0" notExecuted="0" disconnected="0" warning="0" completed="0" inProgress="0" pending="0" />
    <Output>
      <StdOut>[xUnit.net 00:00:00.00] xUnit.net VSTest Adapter v3.1.5+1b188a7b0a (64-bit .NET 10.0.11)
[xUnit.net 00:00:00.34]   Discovering: SourceService.Provider.Tests
[xUnit.net 00:00:00.56]   Discovered:  SourceService.Provider.Tests
[xUnit.net 00:00:00.75]   Starting:    SourceService.Provider.Tests
[xUnit.net 00:00:00.97]   Finished:    SourceService.Provider.Tests (ID = '17049136f43ca5a400792e9862d15854961d93c63ec49ab94be0ac2681c94f60')
</StdOut>
    </Output>
  </ResultSummary>
</TestRun>