<?xml version="1.0" encoding="utf-8"?>
<TestRun id="8e07bd5b-ba30-4d94-9e95-973a406033a0" name="@RICKEBO 2026-08-27 04:31:31" xmlns="http://microsoft.com/schemas/VisualStudio/TeamTest/2010">
  <Times creation="2026-08-27T04:31:31.7503541+02:00" queuing="2026-08-27T04:31:31.7503542+02:00" start="2026-08-27T04:31:30.3934889+02:00" finish="2026-08-27T04:31:31.8098908+02:00" />
  <TestSettings name="default" id="55b72a03-f884-4bc5-800d-8b5bed0c8c76">
    <Deployment runDeploymentRoot="_RICKEBO_2026-08-27_04_31_31" />
  </TestSettings>
  <Results>
    <UnitTestResult executionId="c2494cd1-f4d8-42a1-ab2c-2732441c58a7" testId="fe2d6d86-690b-5f5b-c2da-e1bb5471b233" testName="ModelService.UnitTests.DomainInvariantTests.ConfigurationDigest_ChangesWhenOutputAffectingSettingChanges" computerName="RICKEBO" duration="00:00:00.1199450" startTime="2026-08-27T04:31:31.5965675+02:00" endTime="2026-08-27T04:31:31.7233267+02:00" testType="13cdc9d9-ddb5-4fa4-a97d-d965ccfc6d4b" outcome="Passed" testListId="8c84fa94-04c1-424b-9868-57a2d4851a1d" relativeResultsDirectory="c2494cd1-f4d8-42a1-ab2c-2732441c58a7" />
    <UnitTestResult executionId="953e3f41-b946-495b-881b-240f8357221d" testId="ae1192f7-42a5-6017-337d-f93c768704ff" testName="ModelService.UnitTests.DomainInvariantTests.UserSelection_NeverUsesAnotherUsersCredential" computerName="RICKEBO" duration="00:00:00.0026800" startTime="2026-08-27T04:31:31.7255420+02:00" endTime="2026-08-27T04:31:31.7257212+02:00" testType="13cdc9d9-ddb5-4fa4-a97d-d965ccfc6d4b" outcome="Passed" testListId="8c84fa94-04c1-424b-9868-57a2d4851a1d" relativeResultsDirectory="953e3f41-b946-495b-881b-240f8357221d" />
    <UnitTestResult executionId="b8cb5cd4-84f7-4020-989b-b22920e34e54" testId="3c207e46-88ef-fa7a-df26-b2dd072266be" testName="ModelService.UnitTests.OpenAiCompatibleProviderClientTests.Timeout_IsAmbiguousAndRetryable" computerName="RICKEBO" duration="00:00:00.0212882" startTime="2026-08-27T04:31:31.7499904+02:00" endTime="2026-08-27T04:31:31.7714196+02:00" testType="13cdc9d9-ddb5-4fa4-a97d-d965ccfc6d4b" outcome="Passed" testListId="8c84fa94-04c1-424b-9868-57a2d4851a1d" relativeResultsDirectory="b8cb5cd4-84f7-4020-989b-b22920e34e54" />
    <UnitTestResult executionId="04f6d2a8-fe8b-451a-9d34-4c63e9bea98a" testId="1c68db2d-a86d-4225-c8d0-8a3cfb43def8" testName="ModelService.UnitTests.OpenAiCompatibleProviderClientTests.Success_UsesConfiguredModelAndCredentialWithoutReturningCredentialMetadata" computerName="RICKEBO" duration="00:00:00.0039583" startTime="2026-08-27T04:31:31.7257020+02:00" endTime="2026-08-27T04:31:31.7257878+02:00" testType="13cdc9d9-ddb5-4fa4-a97d-d965ccfc6d4b" outcome="Passed" testListId="8c84fa94-04c1-424b-9868-57a2d4851a1d" relativeResultsDirectory="04f6d2a8-fe8b-451a-9d34-4c63e9bea98a" />
    <UnitTestResult executionId="af60fa63-8ce7-46eb-901c-0da44a1b087d" testId="996847f1-1df4-4d96-9d9e-2695021de3df" testName="ModelService.UnitTests.EncryptedFileSecretStoreTests.Secret_IsEncryptedAtRestReadableAndDeletedOnRevocation" computerName="RICKEBO" duration="00:00:00.1175424" startTime="2026-08-27T04:31:31.5958680+02:00" endTime="2026-08-27T04:31:31.7189279+02:00" testType="13cdc9d9-ddb5-4fa4-a97d-d965ccfc6d4b" outcome="Passed" testListId="8c84fa94-04c1-424b-9868-57a2d4851a1d" relativeResultsDirectory="af60fa63-8ce7-46eb-901c-0da44a1b087d" />
    <UnitTestResult executionId="d060e3b2-9656-45ea-bcaf-34b4410b4046" testId="4565d587-44ef-a3e1-940f-ca3479d61292" testName="ModelService.UnitTests.OpenAiCompatibleProviderClientTests.FailureStatus_IsClassifiedWithoutReadingProviderBody(status: 503, outcome: &quot;upstream_unavailable&quot;, retryable: True)" computerName="RICKEBO" duration="00:00:00.0003323" startTime="2026-08-27T04:31:31.7255824+02:00" endTime="2026-08-27T04:31:31.7256015+02:00" testType="13cdc9d9-ddb5-4fa4-a97d-d965ccfc6d4b" outcome="Passed" testListId="8c84fa94-04c1-424b-9868-57a2d4851a1d" relativeResultsDirectory="d060e3b2-9656-45ea-bcaf-34b4410b4046" />
    <UnitTestResult executionId="c84bb701-2fed-440a-9a02-192081d54757" testId="1dd9a168-e6f1-f5b3-abf0-c177923c9c04" testName="ModelService.UnitTests.DomainInvariantTests.AutomaticBuild_UsesOnlyConfiguredWorkspaceAutomationCredential" computerName="RICKEBO" duration="00:00:00.0027579" startTime="2026-08-27T04:31:31.7257666+02:00" endTime="2026-08-27T04:31:31.7296760+02:00" testType="13cdc9d9-ddb5-4fa4-a97d-d965ccfc6d4b" outcome="Passed" testListId="8c84fa94-04c1-424b-9868-57a2d4851a1d" relativeResultsDirectory="c84bb701-2fed-440a-9a02-192081d54757" />
    <UnitTestResult executionId="df7080b3-7d1a-46e0-9e14-3f8c2d7c7874" testId="a688c51e-0d18-c696-a0d9-aed0fcfba4b4" testName="ModelService.UnitTests.DomainInvariantTests.ConfigurationDigest_IsStableAcrossDictionaryInsertionOrder" computerName="RICKEBO" duration="00:00:00.0023947" startTime="2026-08-27T04:31:31.7248911+02:00" endTime="2026-08-27T04:31:31.7254470+02:00" testType="13cdc9d9-ddb5-4fa4-a97d-d965ccfc6d4b" outcome="Passed" testListId="8c84fa94-04c1-424b-9868-57a2d4851a1d" relativeResultsDirectory="df7080b3-7d1a-46e0-9e14-3f8c2d7c7874" />
    <UnitTestResult executionId="458cc2d8-e815-481c-9af0-81ba5a040742" testId="f85a9f21-040c-24d8-25d9-d500e792ba73" testName="ModelService.UnitTests.OpenAiCompatibleProviderClientTests.ConnectionFailure_IsAmbiguousAndRetryable" computerName="RICKEBO" duration="00:00:00.0005860" startTime="2026-08-27T04:31:31.7486020+02:00" endTime="2026-08-27T04:31:31.7491376+02:00" testType="13cdc9d9-ddb5-4fa4-a97d-d965ccfc6d4b" outcome="Passed" testListId="8c84fa94-04c1-424b-9868-57a2d4851a1d" relativeResultsDirectory="458cc2d8-e815-481c-9af0-81ba5a040742" />
    <UnitTestResult executionId="43261993-25ff-47b3-88b7-7f1b50b47b93" testId="0ddd8b43-5975-7fe3-9a2d-a6e9e0b16df5" testName="ModelService.UnitTests.OpenAiCompatibleProviderClientTests.FailureStatus_IsClassifiedWithoutReadingProviderBody(status: 429, outcome: &quot;upstream_rate_limited&quot;, retryable: True)" computerName="RICKEBO" duration="00:00:00.1227011" startTime="2026-08-27T04:31:31.5965407+02:00" endTime="2026-08-27T04:31:31.7255033+02:00" testType="13cdc9d9-ddb5-4fa4-a97d-d965ccfc6d4b" outcome="Passed" testListId="8c84fa94-04c1-424b-9868-57a2d4851a1d" relativeResultsDirectory="43261993-25ff-47b3-88b7-7f1b50b47b93" />
    <UnitTestResult executionId="bfd78290-9281-4751-96d5-8f5e4ad0f18e" testId="37a02e82-0d95-7a85-ecf6-f4cba4556765" testName="ModelService.UnitTests.OpenAiCompatibleProviderClientTests.CallerCancellation_IsPropagated" computerName="RICKEBO" duration="00:00:00.0225126" startTime="2026-08-27T04:31:31.7296422+02:00" endTime="2026-08-27T04:31:31.7485213+02:00" testType="13cdc9d9-ddb5-4fa4-a97d-d965ccfc6d4b" outcome="Passed" testListId="8c84fa94-04c1-424b-9868-57a2d4851a1d" relativeResultsDirectory="bfd78290-9281-4751-96d5-8f5e4ad0f18e" />
    <UnitTestResult executionId="91ac10fb-319f-43c4-afee-4471ff9db94c" testId="f8c44d6d-b027-40d9-ebb9-fc42e9f5a2eb" testName="ModelService.UnitTests.OpenAiCompatibleProviderClientTests.MalformedBody_IsNormalized" computerName="RICKEBO" duration="00:00:00.0007623" startTime="2026-08-27T04:31:31.7491943+02:00" endTime="2026-08-27T04:31:31.7499335+02:00" testType="13cdc9d9-ddb5-4fa4-a97d-d965ccfc6d4b" outcome="Passed" testListId="8c84fa94-04c1-424b-9868-57a2d4851a1d" relativeResultsDirectory="91ac10fb-319f-43c4-afee-4471ff9db94c" />
    <UnitTestResult executionId="a9d49348-3522-4f22-a0df-ee0b6b67e089" testId="d1e84bb5-de7e-bb27-8e67-89f1cd424a3c" testName="ModelService.UnitTests.DomainInvariantTests.Delegation_RejectsExpiredOrRevokedAuthorization" computerName="RICKEBO" duration="00:00:00.0008857" startTime="2026-08-27T04:31:31.7298275+02:00" endTime="2026-08-27T04:31:31.7298500+02:00" testType="13cdc9d9-ddb5-4fa4-a97d-d965ccfc6d4b" outcome="Passed" testListId="8c84fa94-04c1-424b-9868-57a2d4851a1d" relativeResultsDirectory="a9d49348-3522-4f22-a0df-ee0b6b67e089" />
    <UnitTestResult executionId="8ff752ba-7d46-407c-a357-1dfdc438090d" testId="ed2febde-719c-dbfb-0a85-1e47d09bb6d4" testName="ModelService.UnitTests.DomainInvariantTests.Delegation_CannotBroadenOperationOrBudget" computerName="RICKEBO" duration="00:00:00.0006315" startTime="2026-08-27T04:31:31.7299069+02:00" endTime="2026-08-27T04:31:31.7299275+02:00" testType="13cdc9d9-ddb5-4fa4-a97d-d965ccfc6d4b" outcome="Passed" testListId="8c84fa94-04c1-424b-9868-57a2d4851a1d" relativeResultsDirectory="8ff752ba-7d46-407c-a357-1dfdc438090d" />
    <UnitTestResult executionId="4a9ed0e0-455d-47b4-8a57-4367b939d6c0" testId="f6d9c41f-8901-7ce2-41d8-943e6a3baaec" testName="ModelService.UnitTests.OpenAiCompatibleProviderClientTests.EndpointPolicy_RejectsLoopbackUnlessFixtureModeIsExplicit" computerName="RICKEBO" duration="00:00:00.0012807" startTime="2026-08-27T04:31:31.7715010+02:00" endTime="2026-08-27T04:31:31.7727210+02:00" testType="13cdc9d9-ddb5-4fa4-a97d-d965ccfc6d4b" outcome="Passed" testListId="8c84fa94-04c1-424b-9868-57a2d4851a1d" relativeResultsDirectory="4a9ed0e0-455d-47b4-8a57-4367b939d6c0" />
    <UnitTestResult executionId="9d51ed31-1ac6-4358-9614-291fa7ba7ccc" testId="02080e30-2851-6b70-5863-1c724ac76ba8" testName="ModelService.UnitTests.OpenAiCompatibleProviderClientTests.FailureStatus_IsClassifiedWithoutReadingProviderBody(status: 401, outcome: &quot;credential_invalid&quot;, retryable: False)" computerName="RICKEBO" duration="00:00:00.0000178" startTime="2026-08-27T04:31:31.7256378+02:00" endTime="2026-08-27T04:31:31.7256577+02:00" testType="13cdc9d9-ddb5-4fa4-a97d-d965ccfc6d4b" outcome="Passed" testListId="8c84fa94-04c1-424b-9868-57a2d4851a1d" relativeResultsDirectory="9d51ed31-1ac6-4358-9614-291fa7ba7ccc" />
  </Results>
  <TestDefinitions>
    <UnitTest name="ModelService.UnitTests.OpenAiCompatibleProviderClientTests.FailureStatus_IsClassifiedWithoutReadingProviderBody(status: 429, outcome: &quot;upstream_rate_limited&quot;, retryable: True)" storage="/mnt/rickebo-p/workspace-manager/.worktrees/workspace-manager-fix_knowledge-production-generation-resolver/tests/model-service/modelservice.unittests/bin/release/net10.0/modelservice.unittests.dll" id="0ddd8b43-5975-7fe3-9a2d-a6e9e0b16df5">
      <Execution id="43261993-25ff-47b3-88b7-7f1b50b47b93" />
      <TestMethod codeBase="/mnt/rickebo-p/workspace-manager/.worktrees/workspace-manager-fix_knowledge-production-generation-resolver/tests/model-service/ModelService.UnitTests/bin/Release/net10.0/ModelService.UnitTests.dll" adapterTypeName="executor://xunit/VsTestRunner3/netcore/" className="ModelService.UnitTests.OpenAiCompatibleProviderClientTests" name="FailureStatus_IsClassifiedWithoutReadingProviderBody" />
    </UnitTest>
    <UnitTest name="ModelService.UnitTests.DomainInvariantTests.Delegation_CannotBroadenOperationOrBudget" storage="/mnt/rickebo-p/workspace-manager/.worktrees/workspace-manager-fix_knowledge-production-generation-resolver/tests/model-service/modelservice.unittests/bin/release/net10.0/modelservice.unittests.dll" id="ed2febde-719c-dbfb-0a85-1e47d09bb6d4">
      <Execution id="8ff752ba-7d46-407c-a357-1dfdc438090d" />
      <TestMethod codeBase="/mnt/rickebo-p/workspace-manager/.worktrees/workspace-manager-fix_knowledge-production-generation-resolver/tests/model-service/ModelService.UnitTests/bin/Release/net10.0/ModelService.UnitTests.dll" adapterTypeName="executor://xunit/VsTestRunner3/netcore/" className="ModelService.UnitTests.DomainInvariantTests" name="Delegation_CannotBroadenOperationOrBudget" />
    </UnitTest>
    <UnitTest name="ModelService.UnitTests.OpenAiCompatibleProviderClientTests.EndpointPolicy_RejectsLoopbackUnlessFixtureModeIsExplicit" storage="/mnt/rickebo-p/workspace-manager/.worktrees/workspace-manager-fix_knowledge-production-generation-resolver/tests/model-service/modelservice.unittests/bin/release/net10.0/modelservice.unittests.dll" id="f6d9c41f-8901-7ce2-41d8-943e6a3baaec">
      <Execution id="4a9ed0e0-455d-47b4-8a57-4367b939d6c0" />
      <TestMethod codeBase="/mnt/rickebo-p/workspace-manager/.worktrees/workspace-manager-fix_knowledge-production-generation-resolver/tests/model-service/ModelService.UnitTests/bin/Release/net10.0/ModelService.UnitTests.dll" adapterTypeName="executor://xunit/VsTestRunner3/netcore/" className="ModelService.UnitTests.OpenAiCompatibleProviderClientTests" name="EndpointPolicy_RejectsLoopbackUnlessFixtureModeIsExplicit" />
    </UnitTest>
    <UnitTest name="ModelService.UnitTests.DomainInvariantTests.AutomaticBuild_UsesOnlyConfiguredWorkspaceAutomationCredential" storage="/mnt/rickebo-p/workspace-manager/.worktrees/workspace-manager-fix_knowledge-production-generation-resolver/tests/model-service/modelservice.unittests/bin/release/net10.0/modelservice.unittests.dll" id="1dd9a168-e6f1-f5b3-abf0-c177923c9c04">
      <Execution id="c84bb701-2fed-440a-9a02-192081d54757" />
      <TestMethod codeBase="/mnt/rickebo-p/workspace-manager/.worktrees/workspace-manager-fix_knowledge-production-generation-resolver/tests/model-service/ModelService.UnitTests/bin/Release/net10.0/ModelService.UnitTests.dll" adapterTypeName="executor://xunit/VsTestRunner3/netcore/" className="ModelService.UnitTests.DomainInvariantTests" name="AutomaticBuild_UsesOnlyConfiguredWorkspaceAutomationCredential" />
    </UnitTest>
    <UnitTest name="ModelService.UnitTests.DomainInvariantTests.ConfigurationDigest_IsStableAcrossDictionaryInsertionOrder" storage="/mnt/rickebo-p/workspace-manager/.worktrees/workspace-manager-fix_knowledge-production-generation-resolver/tests/model-service/modelservice.unittests/bin/release/net10.0/modelservice.unittests.dll" id="a688c51e-0d18-c696-a0d9-aed0fcfba4b4">
      <Execution id="df7080b3-7d1a-46e0-9e14-3f8c2d7c7874" />
      <TestMethod codeBase="/mnt/rickebo-p/workspace-manager/.worktrees/workspace-manager-fix_knowledge-production-generation-resolver/tests/model-service/ModelService.UnitTests/bin/Release/net10.0/ModelService.UnitTests.dll" adapterTypeName="executor://xunit/VsTestRunner3/netcore/" className="ModelService.UnitTests.DomainInvariantTests" name="ConfigurationDigest_IsStableAcrossDictionaryInsertionOrder" />
    </UnitTest>
    <UnitTest name="ModelService.UnitTests.OpenAiCompatibleProviderClientTests.FailureStatus_IsClassifiedWithoutReadingProviderBody(status: 503, outcome: &quot;upstream_unavailable&quot;, retryable: True)" storage="/mnt/rickebo-p/workspace-manager/.worktrees/workspace-manager-fix_knowledge-production-generation-resolver/tests/model-service/modelservice.unittests/bin/release/net10.0/modelservice.unittests.dll" id="4565d587-44ef-a3e1-940f-ca3479d61292">
      <Execution id="d060e3b2-9656-45ea-bcaf-34b4410b4046" />
      <TestMethod codeBase="/mnt/rickebo-p/workspace-manager/.worktrees/workspace-manager-fix_knowledge-production-generation-resolver/tests/model-service/ModelService.UnitTests/bin/Release/net10.0/ModelService.UnitTests.dll" adapterTypeName="executor://xunit/VsTestRunner3/netcore/" className="ModelService.UnitTests.OpenAiCompatibleProviderClientTests" name="FailureStatus_IsClassifiedWithoutReadingProviderBody" />
    </UnitTest>
    <UnitTest name="ModelService.UnitTests.DomainInvariantTests.Delegation_RejectsExpiredOrRevokedAuthorization" storage="/mnt/rickebo-p/workspace-manager/.worktrees/workspace-manager-fix_knowledge-production-generation-resolver/tests/model-service/modelservice.unittests/bin/release/net10.0/modelservice.unittests.dll" id="d1e84bb5-de7e-bb27-8e67-89f1cd424a3c">
      <Execution id="a9d49348-3522-4f22-a0df-ee0b6b67e089" />
      <TestMethod codeBase="/mnt/rickebo-p/workspace-manager/.worktrees/workspace-manager-fix_knowledge-production-generation-resolver/tests/model-service/ModelService.UnitTests/bin/Release/net10.0/ModelService.UnitTests.dll" adapterTypeName="executor://xunit/VsTestRunner3/netcore/" className="ModelService.UnitTests.DomainInvariantTests" name="Delegation_RejectsExpiredOrRevokedAuthorization" />
    </UnitTest>
    <UnitTest name="ModelService.UnitTests.OpenAiCompatibleProviderClientTests.MalformedBody_IsNormalized" storage="/mnt/rickebo-p/workspace-manager/.worktrees/workspace-manager-fix_knowledge-production-generation-resolver/tests/model-service/modelservice.unittests/bin/release/net10.0/modelservice.unittests.dll" id="f8c44d6d-b027-40d9-ebb9-fc42e9f5a2eb">
      <Execution id="91ac10fb-319f-43c4-afee-4471ff9db94c" />
      <TestMethod codeBase="/mnt/rickebo-p/workspace-manager/.worktrees/workspace-manager-fix_knowledge-production-generation-resolver/tests/model-service/ModelService.UnitTests/bin/Release/net10.0/ModelService.UnitTests.dll" adapterTypeName="executor://xunit/VsTestRunner3/netcore/" className="ModelService.UnitTests.OpenAiCompatibleProviderClientTests" name="MalformedBody_IsNormalized" />
    </UnitTest>
    <UnitTest name="ModelService.UnitTests.OpenAiCompatibleProviderClientTests.ConnectionFailure_IsAmbiguousAndRetryable" storage="/mnt/rickebo-p/workspace-manager/.worktrees/workspace-manager-fix_knowledge-production-generation-resolver/tests/model-service/modelservice.unittests/bin/release/net10.0/modelservice.unittests.dll" id="f85a9f21-040c-24d8-25d9-d500e792ba73">
      <Execution id="458cc2d8-e815-481c-9af0-81ba5a040742" />
      <TestMethod codeBase="/mnt/rickebo-p/workspace-manager/.worktrees/workspace-manager-fix_knowledge-production-generation-resolver/tests/model-service/ModelService.UnitTests/bin/Release/net10.0/ModelService.UnitTests.dll" adapterTypeName="executor://xunit/VsTestRunner3/netcore/" className="ModelService.UnitTests.OpenAiCompatibleProviderClientTests" name="ConnectionFailure_IsAmbiguousAndRetryable" />
    </UnitTest>
    <UnitTest name="ModelService.UnitTests.OpenAiCompatibleProviderClientTests.Timeout_IsAmbiguousAndRetryable" storage="/mnt/rickebo-p/workspace-manager/.worktrees/workspace-manager-fix_knowledge-production-generation-resolver/tests/model-service/modelservice.unittests/bin/release/net10.0/modelservice.unittests.dll" id="3c207e46-88ef-fa7a-df26-b2dd072266be">
      <Execution id="b8cb5cd4-84f7-4020-989b-b22920e34e54" />
      <TestMethod codeBase="/mnt/rickebo-p/workspace-manager/.worktrees/workspace-manager-fix_knowledge-production-generation-resolver/tests/model-service/ModelService.UnitTests/bin/Release/net10.0/ModelService.UnitTests.dll" adapterTypeName="executor://xunit/VsTestRunner3/netcore/" className="ModelService.UnitTests.OpenAiCompatibleProviderClientTests" name="Timeout_IsAmbiguousAndRetryable" />
    </UnitTest>
    <UnitTest name="ModelService.UnitTests.OpenAiCompatibleProviderClientTests.FailureStatus_IsClassifiedWithoutReadingProviderBody(status: 401, outcome: &quot;credential_invalid&quot;, retryable: False)" storage="/mnt/rickebo-p/workspace-manager/.worktrees/workspace-manager-fix_knowledge-production-generation-resolver/tests/model-service/modelservice.unittests/bin/release/net10.0/modelservice.unittests.dll" id="02080e30-2851-6b70-5863-1c724ac76ba8">
      <Execution id="9d51ed31-1ac6-4358-9614-291fa7ba7ccc" />
      <TestMethod codeBase="/mnt/rickebo-p/workspace-manager/.worktrees/workspace-manager-fix_knowledge-production-generation-resolver/tests/model-service/ModelService.UnitTests/bin/Release/net10.0/ModelService.UnitTests.dll" adapterTypeName="executor://xunit/VsTestRunner3/netcore/" className="ModelService.UnitTests.OpenAiCompatibleProviderClientTests" name="FailureStatus_IsClassifiedWithoutReadingProviderBody" />
    </UnitTest>
    <UnitTest name="ModelService.UnitTests.DomainInvariantTests.ConfigurationDigest_ChangesWhenOutputAffectingSettingChanges" storage="/mnt/rickebo-p/workspace-manager/.worktrees/workspace-manager-fix_knowledge-production-generation-resolver/tests/model-service/modelservice.unittests/bin/release/net10.0/modelservice.unittests.dll" id="fe2d6d86-690b-5f5b-c2da-e1bb5471b233">
      <Execution id="c2494cd1-f4d8-42a1-ab2c-2732441c58a7" />
      <TestMethod codeBase="/mnt/rickebo-p/workspace-manager/.worktrees/workspace-manager-fix_knowledge-production-generation-resolver/tests/model-service/ModelService.UnitTests/bin/Release/net10.0/ModelService.UnitTests.dll" adapterTypeName="executor://xunit/VsTestRunner3/netcore/" className="ModelService.UnitTests.DomainInvariantTests" name="ConfigurationDigest_ChangesWhenOutputAffectingSettingChanges" />
    </UnitTest>
    <UnitTest name="ModelService.UnitTests.EncryptedFileSecretStoreTests.Secret_IsEncryptedAtRestReadableAndDeletedOnRevocation" storage="/mnt/rickebo-p/workspace-manager/.worktrees/workspace-manager-fix_knowledge-production-generation-resolver/tests/model-service/modelservice.unittests/bin/release/net10.0/modelservice.unittests.dll" id="996847f1-1df4-4d96-9d9e-2695021de3df">
      <Execution id="af60fa63-8ce7-46eb-901c-0da44a1b087d" />
      <TestMethod codeBase="/mnt/rickebo-p/workspace-manager/.worktrees/workspace-manager-fix_knowledge-production-generation-resolver/tests/model-service/ModelService.UnitTests/bin/Release/net10.0/ModelService.UnitTests.dll" adapterTypeName="executor://xunit/VsTestRunner3/netcore/" className="ModelService.UnitTests.EncryptedFileSecretStoreTests" name="Secret_IsEncryptedAtRestReadableAndDeletedOnRevocation" />
    </UnitTest>
    <UnitTest name="ModelService.UnitTests.OpenAiCompatibleProviderClientTests.Success_UsesConfiguredModelAndCredentialWithoutReturningCredentialMetadata" storage="/mnt/rickebo-p/workspace-manager/.worktrees/workspace-manager-fix_knowledge-production-generation-resolver/tests/model-service/modelservice.unittests/bin/release/net10.0/modelservice.unittests.dll" id="1c68db2d-a86d-4225-c8d0-8a3cfb43def8">
      <Execution id="04f6d2a8-fe8b-451a-9d34-4c63e9bea98a" />
      <TestMethod codeBase="/mnt/rickebo-p/workspace-manager/.worktrees/workspace-manager-fix_knowledge-production-generation-resolver/tests/model-service/ModelService.UnitTests/bin/Release/net10.0/ModelService.UnitTests.dll" adapterTypeName="executor://xunit/VsTestRunner3/netcore/" className="ModelService.UnitTests.OpenAiCompatibleProviderClientTests" name="Success_UsesConfiguredModelAndCredentialWithoutReturningCredentialMetadata" />
    </UnitTest>
    <UnitTest name="ModelService.UnitTests.DomainInvariantTests.UserSelection_NeverUsesAnotherUsersCredential" storage="/mnt/rickebo-p/workspace-manager/.worktrees/workspace-manager-fix_knowledge-production-generation-resolver/tests/model-service/modelservice.unittests/bin/release/net10.0/modelservice.unittests.dll" id="ae1192f7-42a5-6017-337d-f93c768704ff">
      <Execution id="953e3f41-b946-495b-881b-240f8357221d" />
      <TestMethod codeBase="/mnt/rickebo-p/workspace-manager/.worktrees/workspace-manager-fix_knowledge-production-generation-resolver/tests/model-service/ModelService.UnitTests/bin/Release/net10.0/ModelService.UnitTests.dll" adapterTypeName="executor://xunit/VsTestRunner3/netcore/" className="ModelService.UnitTests.DomainInvariantTests" name="UserSelection_NeverUsesAnotherUsersCredential" />
    </UnitTest>
    <UnitTest name="ModelService.UnitTests.OpenAiCompatibleProviderClientTests.CallerCancellation_IsPropagated" storage="/mnt/rickebo-p/workspace-manager/.worktrees/workspace-manager-fix_knowledge-production-generation-resolver/tests/model-service/modelservice.unittests/bin/release/net10.0/modelservice.unittests.dll" id="37a02e82-0d95-7a85-ecf6-f4cba4556765">
      <Execution id="bfd78290-9281-4751-96d5-8f5e4ad0f18e" />
      <TestMethod codeBase="/mnt/rickebo-p/workspace-manager/.worktrees/workspace-manager-fix_knowledge-production-generation-resolver/tests/model-service/ModelService.UnitTests/bin/Release/net10.0/ModelService.UnitTests.dll" adapterTypeName="executor://xunit/VsTestRunner3/netcore/" className="ModelService.UnitTests.OpenAiCompatibleProviderClientTests" name="CallerCancellation_IsPropagated" />
    </UnitTest>
  </TestDefinitions>
  <TestEntries>
    <TestEntry testId="fe2d6d86-690b-5f5b-c2da-e1bb5471b233" executionId="c2494cd1-f4d8-42a1-ab2c-2732441c58a7" testListId="8c84fa94-04c1-424b-9868-57a2d4851a1d" />
    <TestEntry testId="ae1192f7-42a5-6017-337d-f93c768704ff" executionId="953e3f41-b946-495b-881b-240f8357221d" testListId="8c84fa94-04c1-424b-9868-57a2d4851a1d" />
    <TestEntry testId="3c207e46-88ef-fa7a-df26-b2dd072266be" executionId="b8cb5cd4-84f7-4020-989b-b22920e34e54" testListId="8c84fa94-04c1-424b-9868-57a2d4851a1d" />
    <TestEntry testId="1c68db2d-a86d-4225-c8d0-8a3cfb43def8" executionId="04f6d2a8-fe8b-451a-9d34-4c63e9bea98a" testListId="8c84fa94-04c1-424b-9868-57a2d4851a1d" />
    <TestEntry testId="996847f1-1df4-4d96-9d9e-2695021de3df" executionId="af60fa63-8ce7-46eb-901c-0da44a1b087d" testListId="8c84fa94-04c1-424b-9868-57a2d4851a1d" />
    <TestEntry testId="4565d587-44ef-a3e1-940f-ca3479d61292" executionId="d060e3b2-9656-45ea-bcaf-34b4410b4046" testListId="8c84fa94-04c1-424b-9868-57a2d4851a1d" />
    <TestEntry testId="1dd9a168-e6f1-f5b3-abf0-c177923c9c04" executionId="c84bb701-2fed-440a-9a02-192081d54757" testListId="8c84fa94-04c1-424b-9868-57a2d4851a1d" />
    <TestEntry testId="a688c51e-0d18-c696-a0d9-aed0fcfba4b4" executionId="df7080b3-7d1a-46e0-9e14-3f8c2d7c7874" testListId="8c84fa94-04c1-424b-9868-57a2d4851a1d" />
    <TestEntry testId="f85a9f21-040c-24d8-25d9-d500e792ba73" executionId="458cc2d8-e815-481c-9af0-81ba5a040742" testListId="8c84fa94-04c1-424b-9868-57a2d4851a1d" />
    <TestEntry testId="0ddd8b43-5975-7fe3-9a2d-a6e9e0b16df5" executionId="43261993-25ff-47b3-88b7-7f1b50b47b93" testListId="8c84fa94-04c1-424b-9868-57a2d4851a1d" />
    <TestEntry testId="37a02e82-0d95-7a85-ecf6-f4cba4556765" executionId="bfd78290-9281-4751-96d5-8f5e4ad0f18e" testListId="8c84fa94-04c1-424b-9868-57a2d4851a1d" />
    <TestEntry testId="f8c44d6d-b027-40d9-ebb9-fc42e9f5a2eb" executionId="91ac10fb-319f-43c4-afee-4471ff9db94c" testListId="8c84fa94-04c1-424b-9868-57a2d4851a1d" />
    <TestEntry testId="d1e84bb5-de7e-bb27-8e67-89f1cd424a3c" executionId="a9d49348-3522-4f22-a0df-ee0b6b67e089" testListId="8c84fa94-04c1-424b-9868-57a2d4851a1d" />
    <TestEntry testId="ed2febde-719c-dbfb-0a85-1e47d09bb6d4" executionId="8ff752ba-7d46-407c-a357-1dfdc438090d" testListId="8c84fa94-04c1-424b-9868-57a2d4851a1d" />
    <TestEntry testId="f6d9c41f-8901-7ce2-41d8-943e6a3baaec" executionId="4a9ed0e0-455d-47b4-8a57-4367b939d6c0" testListId="8c84fa94-04c1-424b-9868-57a2d4851a1d" />
    <TestEntry testId="02080e30-2851-6b70-5863-1c724ac76ba8" executionId="9d51ed31-1ac6-4358-9614-291fa7ba7ccc" testListId="8c84fa94-04c1-424b-9868-57a2d4851a1d" />
  </TestEntries>
  <TestLists>
    <TestList name="Results Not in a List" id="8c84fa94-04c1-424b-9868-57a2d4851a1d" />
    <TestList name="All Loaded Results" id="19431567-8539-422a-85d7-44ee4e166bda" />
  </TestLists>
  <ResultSummary outcome="Completed">
    <Counters total="16" executed="16" passed="16" failed="0" error="0" timeout="0" aborted="0" inconclusive="0" passedButRunAborted="0" notRunnable="0" notExecuted="0" disconnected="0" warning="0" completed="0" inProgress="0" pending="0" />
    <Output>
      <StdOut>[xUnit.net 00:00:00.00] xUnit.net VSTest Adapter v3.1.5+1b188a7b0a (64-bit .NET 10.0.11)
[xUnit.net 00:00:00.16]   Discovering: ModelService.UnitTests
[xUnit.net 00:00:00.18]   Discovered:  ModelService.UnitTests
[xUnit.net 00:00:00.20]   Starting:    ModelService.UnitTests
[xUnit.net 00:00:00.39]   Finished:    ModelService.UnitTests
</StdOut>
    </Output>
  </ResultSummary>
</TestRun>