<?xml version="1.0" encoding="utf-8"?>
<TestRun id="fc5ddd56-9ed7-457c-b0f9-cf2ccb2661cf" name="@RICKEBO 2026-08-27 08:53:16" xmlns="http://microsoft.com/schemas/VisualStudio/TeamTest/2010">
  <Times creation="2026-08-27T08:53:16.3753937+02:00" queuing="2026-08-27T08:53:16.3753937+02:00" start="2026-08-27T08:52:36.8956592+02:00" finish="2026-08-27T08:53:16.3785617+02:00" />
  <TestSettings name="default" id="1ee6dc76-1674-4458-ab13-7b73e414581c">
    <Deployment runDeploymentRoot="_RICKEBO_2026-08-27_08_53_16" />
  </TestSettings>
  <Results>
    <UnitTestResult executionId="5e54730a-5a54-4ff0-929c-579000b82fd0" testId="e3e4a78e-7353-6546-29d7-93b35f485d98" testName="WorkspaceManager.SystemTests.KnowledgeGenerationFlowTests.Source_snapshot_replay_after_bounded_model_outage_creates_one_persisted_build" computerName="RICKEBO" duration="00:00:39.1285025" startTime="2026-08-27T08:52:37.1881611+02:00" endTime="2026-08-27T08:53:16.3214434+02:00" testType="13cdc9d9-ddb5-4fa4-a97d-d965ccfc6d4b" outcome="Passed" testListId="8c84fa94-04c1-424b-9868-57a2d4851a1d" relativeResultsDirectory="5e54730a-5a54-4ff0-929c-579000b82fd0">
      <Output>
        <StdOut>Knowledge consumer startup boundary drained: model.events.v1[p0:next=0,high=0, p1:next=0,high=0, p2:next=2,high=2]; source.events.v1[p0:next=0,high=0, p1:next=0,high=0, p2:next=0,high=0]; workspace.events.v1[p0:next=0,high=0, p1:next=0,high=0, p2:next=0,high=0]
FastSystem ready: Workspace=http://127.0.0.1:46247/, Source=http://127.0.0.1:45179/, Model=http://127.0.0.1:34427/, Knowledge=http://127.0.0.1:35681/
Source snapshot 01a041fe-558a-7390-a665-adac84231572 observed on source.events.v1 partition 1; Knowledge worker started.
Knowledge build 01a041fe-5aee-7c6c-9382-c6b66641c8a7 reached queued after 1 injected Model 503 response(s).</StdOut>
      </Output>
    </UnitTestResult>
  </Results>
  <TestDefinitions>
    <UnitTest name="WorkspaceManager.SystemTests.KnowledgeGenerationFlowTests.Source_snapshot_replay_after_bounded_model_outage_creates_one_persisted_build" storage="/tmp/workspace-manager-ac005-final.8qfgie/src/tests/system/workspacemanager.systemtests/bin/release/net10.0/workspacemanager.systemtests.dll" id="e3e4a78e-7353-6546-29d7-93b35f485d98">
      <Execution id="5e54730a-5a54-4ff0-929c-579000b82fd0" />
      <TestMethod codeBase="/tmp/workspace-manager-ac005-final.8QFgIE/src/tests/system/WorkspaceManager.SystemTests/bin/Release/net10.0/WorkspaceManager.SystemTests.dll" adapterTypeName="executor://xunit/VsTestRunner3/netcore/" className="WorkspaceManager.SystemTests.KnowledgeGenerationFlowTests" name="Source_snapshot_replay_after_bounded_model_outage_creates_one_persisted_build" />
    </UnitTest>
  </TestDefinitions>
  <TestEntries>
    <TestEntry testId="e3e4a78e-7353-6546-29d7-93b35f485d98" executionId="5e54730a-5a54-4ff0-929c-579000b82fd0" testListId="8c84fa94-04c1-424b-9868-57a2d4851a1d" />
  </TestEntries>
  <TestLists>
    <TestList name="Results Not in a List" id="8c84fa94-04c1-424b-9868-57a2d4851a1d" />
    <TestList name="All Loaded Results" id="19431567-8539-422a-85d7-44ee4e166bda" />
  </TestLists>
  <ResultSummary outcome="Completed">
    <Counters total="1" executed="1" passed="1" failed="0" error="0" timeout="0" aborted="0" inconclusive="0" passedButRunAborted="0" notRunnable="0" notExecuted="0" disconnected="0" warning="0" completed="0" inProgress="0" pending="0" />
    <Output>
      <StdOut>[xUnit.net 00:00:00.00] xUnit.net VSTest Adapter v4.0.0+05679a7ab5 (64-bit .NET 10.0.11)
[xUnit.net 00:00:00.05]   Discovering: WorkspaceManager.SystemTests
[xUnit.net 00:00:00.08]   Discovered:  WorkspaceManager.SystemTests
[xUnit.net 00:00:00.10]   Starting:    WorkspaceManager.SystemTests
[testcontainers.org 00:00:00.07] Connected to Docker:
  Host: unix:///var/run/docker.sock
  Server Version: 29.7.2
  Kernel Version: 6.18.44-1-lts
  API Version: 1.55
  Operating System: Arch Linux
  Total Memory: 60.48 GB
[testcontainers.org 00:00:00.13] Docker network 5fb8fa7730de created
[testcontainers.org 00:00:00.44] Docker container 5f4076f52227 created
[testcontainers.org 00:00:00.46] Start Docker container 5f4076f52227
[testcontainers.org 00:00:00.57] Wait for Docker container 5f4076f52227 to complete readiness checks
[testcontainers.org 00:00:01.61] Docker container 5f4076f52227 ready
[testcontainers.org 00:00:01.62] Searching Docker registry credential in CredsStore
[testcontainers.org 00:00:01.62] Searching Docker registry credential in CredHelpers
[testcontainers.org 00:00:01.62] Searching Docker registry credential in Auths
[testcontainers.org 00:00:01.62] Searching Docker registry credential in Auths
[testcontainers.org 00:00:01.62] Docker registry credential https://index.docker.io/v1/ not found
[testcontainers.org 00:00:05.72] Docker image minio/minio:RELEASE.2025-04-22T22-12-26Z@sha256:3f97c5651cb6662b880c787a232b6b34fec8d8922e08d6617b25d241a21164bb created
[testcontainers.org 00:00:05.94] Docker container 02227f68da60 created
[testcontainers.org 00:00:05.94] Start Docker container 02227f68da60
[testcontainers.org 00:00:06.06] Wait for Docker container 02227f68da60 to complete readiness checks
[testcontainers.org 00:00:07.09] Docker container 02227f68da60 ready
[testcontainers.org 00:00:08.44] Docker image postgres:17-alpine@sha256:7456ef82e5f5bc43d997f4781bbd7c0d6389bff397564649a356e206ba473aee created
[testcontainers.org 00:00:09.29] Docker container ca9459d72126 created
[testcontainers.org 00:00:09.31] Start Docker container ca9459d72126
[testcontainers.org 00:00:09.54] Wait for Docker container ca9459d72126 to complete readiness checks
[testcontainers.org 00:00:09.54] Execute "pg_isready --host localhost --dbname postgres --username postgres" at Docker container ca9459d72126
[testcontainers.org 00:00:10.61] Execute "pg_isready --host localhost --dbname postgres --username postgres" at Docker container ca9459d72126
[testcontainers.org 00:00:11.63] Execute "pg_isready --host localhost --dbname postgres --username postgres" at Docker container ca9459d72126
[testcontainers.org 00:00:12.65] Execute "pg_isready --host localhost --dbname postgres --username postgres" at Docker container ca9459d72126
[testcontainers.org 00:00:12.67] Docker container ca9459d72126 ready
[testcontainers.org 00:00:15.06] Docker image confluentinc/cp-kafka:7.7.1@sha256:a21737d09496a8b9bb38b995ab021e94e952259a5a2756ee22cef1cc84f5d9fe created
[testcontainers.org 00:00:16.14] Docker container e5e966ac08a1 created
[testcontainers.org 00:00:16.14] Start Docker container e5e966ac08a1
[testcontainers.org 00:00:16.27] Add file to tar archive: Content length: 149 byte(s), Target file: "/testcontainers.sh", UID: 0, GID: 0, Mode: 0755
[testcontainers.org 00:00:16.28] Copy tar archive to container: Content length: 149 byte(s), Docker container: e5e966ac08a1
[testcontainers.org 00:00:16.28] Wait for Docker container e5e966ac08a1 to complete readiness checks
[testcontainers.org 00:00:19.29] Docker container e5e966ac08a1 ready
[testcontainers.org 00:00:37.27] Delete Docker container 02227f68da60
[testcontainers.org 00:00:37.87] Delete Docker container e5e966ac08a1
[testcontainers.org 00:00:38.34] Delete Docker container ca9459d72126
[testcontainers.org 00:00:38.77] Delete Docker network 5fb8fa7730de
[xUnit.net 00:00:39.25]   Finished:    WorkspaceManager.SystemTests
</StdOut>
    </Output>
  </ResultSummary>
</TestRun>