<?xml version="1.0" encoding="utf-8"?>
<TestRun id="70d94b0c-4f85-4c75-811d-ec15906545a7" name="@RICKEBO 2026-08-27 02:26:23" xmlns="http://microsoft.com/schemas/VisualStudio/TeamTest/2010">
  <Times creation="2026-08-27T02:26:23.2226467+02:00" queuing="2026-08-27T02:26:23.2226467+02:00" start="2026-08-27T02:26:22.5560563+02:00" finish="2026-08-27T02:26:23.2258096+02:00" />
  <TestSettings name="default" id="66aadffe-2bdb-48e3-95fa-328581548c85">
    <Deployment runDeploymentRoot="_RICKEBO_2026-08-27_02_26_23" />
  </TestSettings>
  <Results>
    <UnitTestResult executionId="29c3ad54-9ddc-4637-8f25-8564915f4cc9" testId="acfdcefc-e85f-db3c-9ebb-2ce1abe85ebd" testName="SourceService.Contract.Tests.CheckedInContractTests.Source_snapshot_event_route_is_declared_as_internal_workload_contract" computerName="RICKEBO" duration="00:00:00.0002658" startTime="2026-08-27T02:26:23.1152443+02:00" endTime="2026-08-27T02:26:23.1155463+02:00" testType="13cdc9d9-ddb5-4fa4-a97d-d965ccfc6d4b" outcome="Passed" testListId="8c84fa94-04c1-424b-9868-57a2d4851a1d" relativeResultsDirectory="29c3ad54-9ddc-4637-8f25-8564915f4cc9" />
    <UnitTestResult executionId="e660ae91-eb98-4602-bd87-9a5a87d82fdb" testId="96e4fd8b-2e18-fa1c-88e1-b6b57f6fa7f6" testName="SourceService.Contract.Tests.CheckedInContractTests.Ref_updated_event_schema_is_provider_neutral_cloud_event_contract" computerName="RICKEBO" duration="00:00:00.0004048" startTime="2026-08-27T02:26:23.1393004+02:00" endTime="2026-08-27T02:26:23.1397225+02:00" testType="13cdc9d9-ddb5-4fa4-a97d-d965ccfc6d4b" outcome="Passed" testListId="8c84fa94-04c1-424b-9868-57a2d4851a1d" relativeResultsDirectory="e660ae91-eb98-4602-bd87-9a5a87d82fdb" />
    <UnitTestResult executionId="17542bd2-0e8f-4d85-9e4c-a2daa474988c" testId="23fc5b80-a318-2d93-33b4-948b2e05d990" testName="SourceService.Contract.Tests.CheckedInContractTests.Internal_workload_contract_accepts_only_knowledge_and_insights_identities" computerName="RICKEBO" duration="00:00:00.0234459" startTime="2026-08-27T02:26:23.1156878+02:00" endTime="2026-08-27T02:26:23.1391513+02:00" testType="13cdc9d9-ddb5-4fa4-a97d-d965ccfc6d4b" outcome="Passed" testListId="8c84fa94-04c1-424b-9868-57a2d4851a1d" relativeResultsDirectory="17542bd2-0e8f-4d85-9e4c-a2daa474988c" />
    <UnitTestResult executionId="0c06ab0f-6f42-48ac-91a3-14eae11776bb" testId="bc672fe5-c178-ae86-9105-6a273f648566" testName="SourceService.Contract.Tests.CheckedInContractTests.OpenApi_is_parseable_provider_neutral_and_contains_runtime_routes" computerName="RICKEBO" duration="00:00:00.0059907" startTime="2026-08-27T02:26:23.1399119+02:00" endTime="2026-08-27T02:26:23.1459225+02:00" testType="13cdc9d9-ddb5-4fa4-a97d-d965ccfc6d4b" outcome="Passed" testListId="8c84fa94-04c1-424b-9868-57a2d4851a1d" relativeResultsDirectory="0c06ab0f-6f42-48ac-91a3-14eae11776bb" />
    <UnitTestResult executionId="0cb7730a-df90-4094-ac66-37c840c78cd8" testId="a7ba3da4-ded1-0f25-4482-8cb72dc7facb" testName="SourceService.Contract.Tests.CheckedInContractTests.Snapshot_event_schema_is_a_bounded_secret_free_cloud_event_contract" computerName="RICKEBO" duration="00:00:00.0143933" startTime="2026-08-27T02:26:23.0929310+02:00" endTime="2026-08-27T02:26:23.1119589+02:00" testType="13cdc9d9-ddb5-4fa4-a97d-d965ccfc6d4b" outcome="Passed" testListId="8c84fa94-04c1-424b-9868-57a2d4851a1d" relativeResultsDirectory="0cb7730a-df90-4094-ac66-37c840c78cd8" />
  </Results>
  <TestDefinitions>
    <UnitTest name="SourceService.Contract.Tests.CheckedInContractTests.Snapshot_event_schema_is_a_bounded_secret_free_cloud_event_contract" storage="/mnt/rickebo-p/workspace-manager/.worktrees/workspace-manager-fix_knowledge-production-generation-resolver/tests/source-service/sourceservice.contract.tests/bin/release/net10.0/sourceservice.contract.tests.dll" id="a7ba3da4-ded1-0f25-4482-8cb72dc7facb">
      <Execution id="0cb7730a-df90-4094-ac66-37c840c78cd8" />
      <TestMethod codeBase="/mnt/rickebo-p/workspace-manager/.worktrees/workspace-manager-fix_knowledge-production-generation-resolver/tests/source-service/SourceService.Contract.Tests/bin/Release/net10.0/SourceService.Contract.Tests.dll" adapterTypeName="executor://xunit/VsTestRunner3/netcore/" className="SourceService.Contract.Tests.CheckedInContractTests" name="Snapshot_event_schema_is_a_bounded_secret_free_cloud_event_contract" />
    </UnitTest>
    <UnitTest name="SourceService.Contract.Tests.CheckedInContractTests.Ref_updated_event_schema_is_provider_neutral_cloud_event_contract" storage="/mnt/rickebo-p/workspace-manager/.worktrees/workspace-manager-fix_knowledge-production-generation-resolver/tests/source-service/sourceservice.contract.tests/bin/release/net10.0/sourceservice.contract.tests.dll" id="96e4fd8b-2e18-fa1c-88e1-b6b57f6fa7f6">
      <Execution id="e660ae91-eb98-4602-bd87-9a5a87d82fdb" />
      <TestMethod codeBase="/mnt/rickebo-p/workspace-manager/.worktrees/workspace-manager-fix_knowledge-production-generation-resolver/tests/source-service/SourceService.Contract.Tests/bin/Release/net10.0/SourceService.Contract.Tests.dll" adapterTypeName="executor://xunit/VsTestRunner3/netcore/" className="SourceService.Contract.Tests.CheckedInContractTests" name="Ref_updated_event_schema_is_provider_neutral_cloud_event_contract" />
    </UnitTest>
    <UnitTest name="SourceService.Contract.Tests.CheckedInContractTests.OpenApi_is_parseable_provider_neutral_and_contains_runtime_routes" storage="/mnt/rickebo-p/workspace-manager/.worktrees/workspace-manager-fix_knowledge-production-generation-resolver/tests/source-service/sourceservice.contract.tests/bin/release/net10.0/sourceservice.contract.tests.dll" id="bc672fe5-c178-ae86-9105-6a273f648566">
      <Execution id="0c06ab0f-6f42-48ac-91a3-14eae11776bb" />
      <TestMethod codeBase="/mnt/rickebo-p/workspace-manager/.worktrees/workspace-manager-fix_knowledge-production-generation-resolver/tests/source-service/SourceService.Contract.Tests/bin/Release/net10.0/SourceService.Contract.Tests.dll" adapterTypeName="executor://xunit/VsTestRunner3/netcore/" className="SourceService.Contract.Tests.CheckedInContractTests" name="OpenApi_is_parseable_provider_neutral_and_contains_runtime_routes" />
    </UnitTest>
    <UnitTest name="SourceService.Contract.Tests.CheckedInContractTests.Internal_workload_contract_accepts_only_knowledge_and_insights_identities" storage="/mnt/rickebo-p/workspace-manager/.worktrees/workspace-manager-fix_knowledge-production-generation-resolver/tests/source-service/sourceservice.contract.tests/bin/release/net10.0/sourceservice.contract.tests.dll" id="23fc5b80-a318-2d93-33b4-948b2e05d990">
      <Execution id="17542bd2-0e8f-4d85-9e4c-a2daa474988c" />
      <TestMethod codeBase="/mnt/rickebo-p/workspace-manager/.worktrees/workspace-manager-fix_knowledge-production-generation-resolver/tests/source-service/SourceService.Contract.Tests/bin/Release/net10.0/SourceService.Contract.Tests.dll" adapterTypeName="executor://xunit/VsTestRunner3/netcore/" className="SourceService.Contract.Tests.CheckedInContractTests" name="Internal_workload_contract_accepts_only_knowledge_and_insights_identities" />
    </UnitTest>
    <UnitTest name="SourceService.Contract.Tests.CheckedInContractTests.Source_snapshot_event_route_is_declared_as_internal_workload_contract" storage="/mnt/rickebo-p/workspace-manager/.worktrees/workspace-manager-fix_knowledge-production-generation-resolver/tests/source-service/sourceservice.contract.tests/bin/release/net10.0/sourceservice.contract.tests.dll" id="acfdcefc-e85f-db3c-9ebb-2ce1abe85ebd">
      <Execution id="29c3ad54-9ddc-4637-8f25-8564915f4cc9" />
      <TestMethod codeBase="/mnt/rickebo-p/workspace-manager/.worktrees/workspace-manager-fix_knowledge-production-generation-resolver/tests/source-service/SourceService.Contract.Tests/bin/Release/net10.0/SourceService.Contract.Tests.dll" adapterTypeName="executor://xunit/VsTestRunner3/netcore/" className="SourceService.Contract.Tests.CheckedInContractTests" name="Source_snapshot_event_route_is_declared_as_internal_workload_contract" />
    </UnitTest>
  </TestDefinitions>
  <TestEntries>
    <TestEntry testId="acfdcefc-e85f-db3c-9ebb-2ce1abe85ebd" executionId="29c3ad54-9ddc-4637-8f25-8564915f4cc9" testListId="8c84fa94-04c1-424b-9868-57a2d4851a1d" />
    <TestEntry testId="96e4fd8b-2e18-fa1c-88e1-b6b57f6fa7f6" executionId="e660ae91-eb98-4602-bd87-9a5a87d82fdb" testListId="8c84fa94-04c1-424b-9868-57a2d4851a1d" />
    <TestEntry testId="23fc5b80-a318-2d93-33b4-948b2e05d990" executionId="17542bd2-0e8f-4d85-9e4c-a2daa474988c" testListId="8c84fa94-04c1-424b-9868-57a2d4851a1d" />
    <TestEntry testId="bc672fe5-c178-ae86-9105-6a273f648566" executionId="0c06ab0f-6f42-48ac-91a3-14eae11776bb" testListId="8c84fa94-04c1-424b-9868-57a2d4851a1d" />
    <TestEntry testId="a7ba3da4-ded1-0f25-4482-8cb72dc7facb" executionId="0cb7730a-df90-4094-ac66-37c840c78cd8" testListId="8c84fa94-04c1-424b-9868-57a2d4851a1d" />
  </TestEntries>
  <TestLists>
    <TestList name="Results Not in a List" id="8c84fa94-04c1-424b-9868-57a2d4851a1d" />
    <TestList name="All Loaded Results" id="19431567-8539-422a-85d7-44ee4e166bda" />
  </TestLists>
  <ResultSummary outcome="Completed">
    <Counters total="5" executed="5" passed="5" failed="0" error="0" timeout="0" aborted="0" inconclusive="0" passedButRunAborted="0" notRunnable="0" notExecuted="0" disconnected="0" warning="0" completed="0" inProgress="0" pending="0" />
    <Output>
      <StdOut>[xUnit.net 00:00:00.00] xUnit.net VSTest Adapter v3.1.5+1b188a7b0a (64-bit .NET 10.0.11)
[xUnit.net 00:00:00.08]   Discovering: SourceService.Contract.Tests
[xUnit.net 00:00:00.18]   Discovered:  SourceService.Contract.Tests
[xUnit.net 00:00:00.27]   Starting:    SourceService.Contract.Tests
[xUnit.net 00:00:00.37]   Finished:    SourceService.Contract.Tests (ID = '09fa95d4736c785c902c3f8ec50dc93e99c62455ad2e756c820237e6dca05ae3')
</StdOut>
    </Output>
  </ResultSummary>
</TestRun>