<?xml version="1.0" encoding="utf-8"?>
<TestRun id="9a05adc5-506d-4401-bf12-1067caa27070" name="@RICKEBO 2026-08-27 02:28:51" xmlns="http://microsoft.com/schemas/VisualStudio/TeamTest/2010">
  <Times creation="2026-08-27T02:28:51.0154294+02:00" queuing="2026-08-27T02:28:51.0154294+02:00" start="2026-08-27T02:28:50.2264074+02:00" finish="2026-08-27T02:28:51.0426164+02:00" />
  <TestSettings name="default" id="56b897ba-37e3-4315-b070-2c5d93979420">
    <Deployment runDeploymentRoot="_RICKEBO_2026-08-27_02_28_51" />
  </TestSettings>
  <Results>
    <UnitTestResult executionId="4558be35-22aa-4fe7-8eee-e9d999b59d4b" testId="0168c9aa-b1cb-159c-2d91-3888222c02dd" testName="KnowledgeService.DomainTests.GraphDeltaTests.Incremental_variants_are_logically_equivalent_to_cold_results(change: &quot;copy&quot;)" computerName="RICKEBO" duration="00:00:00.0001930" startTime="2026-08-27T02:28:50.9880859+02:00" endTime="2026-08-27T02:28:50.9881100+02:00" testType="13cdc9d9-ddb5-4fa4-a97d-d965ccfc6d4b" outcome="Passed" testListId="8c84fa94-04c1-424b-9868-57a2d4851a1d" relativeResultsDirectory="4558be35-22aa-4fe7-8eee-e9d999b59d4b" />
    <UnitTestResult executionId="e3d75e4e-3684-4569-b64b-3b2bb71ffe21" testId="b4c197f3-9cda-e0bb-a145-e04831bf4ad1" testName="KnowledgeService.DomainTests.ProcessingAndPlanningTests.Build_state_machine_rejects_terminal_or_skipped_transitions(current: Superseded, next: Succeeded, allowed: False)" computerName="RICKEBO" duration="00:00:00.0000036" startTime="2026-08-27T02:28:50.9872593+02:00" endTime="2026-08-27T02:28:50.9872803+02:00" testType="13cdc9d9-ddb5-4fa4-a97d-d965ccfc6d4b" outcome="Passed" testListId="8c84fa94-04c1-424b-9868-57a2d4851a1d" relativeResultsDirectory="e3d75e4e-3684-4569-b64b-3b2bb71ffe21" />
    <UnitTestResult executionId="236d7bb5-50fd-46ea-a0c0-5103033df1f0" testId="76ce4a2c-370c-7e10-2d5f-1e33f02e8776" testName="KnowledgeService.DomainTests.ProcessingAndPlanningTests.Build_state_machine_rejects_terminal_or_skipped_transitions(current: Failed, next: Publishing, allowed: False)" computerName="RICKEBO" duration="00:00:00.0208221" startTime="2026-08-27T02:28:50.9573637+02:00" endTime="2026-08-27T02:28:50.9833634+02:00" testType="13cdc9d9-ddb5-4fa4-a97d-d965ccfc6d4b" outcome="Passed" testListId="8c84fa94-04c1-424b-9868-57a2d4851a1d" relativeResultsDirectory="236d7bb5-50fd-46ea-a0c0-5103033df1f0" />
    <UnitTestResult executionId="f0c5b340-82ff-4bde-afce-684df13c71b6" testId="330d8c1b-92bc-af8d-9bae-65bc358db106" testName="KnowledgeService.DomainTests.GraphDeltaTests.Incremental_variants_are_logically_equivalent_to_cold_results(change: &quot;modify&quot;)" computerName="RICKEBO" duration="00:00:00.0000429" startTime="2026-08-27T02:28:50.9937416+02:00" endTime="2026-08-27T02:28:50.9937744+02:00" testType="13cdc9d9-ddb5-4fa4-a97d-d965ccfc6d4b" outcome="Passed" testListId="8c84fa94-04c1-424b-9868-57a2d4851a1d" relativeResultsDirectory="f0c5b340-82ff-4bde-afce-684df13c71b6" />
    <UnitTestResult executionId="bb0e814c-c716-40ce-916d-8a98a42f7c1c" testId="377a4d8a-444e-8693-69ee-3b5f83be947e" testName="KnowledgeService.DomainTests.GraphDeltaTests.Incremental_variants_are_logically_equivalent_to_cold_results(change: &quot;add&quot;)" computerName="RICKEBO" duration="00:00:00.0000374" startTime="2026-08-27T02:28:50.9940007+02:00" endTime="2026-08-27T02:28:50.9940227+02:00" testType="13cdc9d9-ddb5-4fa4-a97d-d965ccfc6d4b" outcome="Passed" testListId="8c84fa94-04c1-424b-9868-57a2d4851a1d" relativeResultsDirectory="bb0e814c-c716-40ce-916d-8a98a42f7c1c" />
    <UnitTestResult executionId="98892ec6-d8ba-4b92-91a8-679f751a3b45" testId="47a34316-261a-7709-522f-dfc84731954c" testName="KnowledgeService.DomainTests.GraphDeltaTests.Supported_merge_uses_compatible_parent_without_blind_union" computerName="RICKEBO" duration="00:00:00.0001193" startTime="2026-08-27T02:28:50.9942639+02:00" endTime="2026-08-27T02:28:50.9942842+02:00" testType="13cdc9d9-ddb5-4fa4-a97d-d965ccfc6d4b" outcome="Passed" testListId="8c84fa94-04c1-424b-9868-57a2d4851a1d" relativeResultsDirectory="98892ec6-d8ba-4b92-91a8-679f751a3b45" />
    <UnitTestResult executionId="eddaf4a8-496b-4ca4-87df-8a7951582cb3" testId="628fa2ec-4ea6-6a5c-6dc0-1d94a0bddcb9" testName="KnowledgeService.DomainTests.GraphDeltaTests.Force_update_reuses_nearest_compatible_ancestor" computerName="RICKEBO" duration="00:00:00.0208283" startTime="2026-08-27T02:28:50.9580892+02:00" endTime="2026-08-27T02:28:50.9815030+02:00" testType="13cdc9d9-ddb5-4fa4-a97d-d965ccfc6d4b" outcome="Passed" testListId="8c84fa94-04c1-424b-9868-57a2d4851a1d" relativeResultsDirectory="eddaf4a8-496b-4ca4-87df-8a7951582cb3" />
    <UnitTestResult executionId="4936b5f9-c4ef-466a-9a98-4ab2c932b6f2" testId="8f4e955a-3f9c-9d8b-b1f1-a40eb039fc60" testName="KnowledgeService.DomainTests.ProcessingAndPlanningTests.Build_state_machine_rejects_terminal_or_skipped_transitions(current: Queued, next: Acquiring, allowed: True)" computerName="RICKEBO" duration="00:00:00.0000007" startTime="2026-08-27T02:28:50.9873178+02:00" endTime="2026-08-27T02:28:50.9873387+02:00" testType="13cdc9d9-ddb5-4fa4-a97d-d965ccfc6d4b" outcome="Passed" testListId="8c84fa94-04c1-424b-9868-57a2d4851a1d" relativeResultsDirectory="4936b5f9-c4ef-466a-9a98-4ab2c932b6f2" />
    <UnitTestResult executionId="4c96a689-f241-42b6-bd5c-4f0c875aaf69" testId="d2cb036c-53fa-8f4b-9ef4-5beb25a3a029" testName="KnowledgeService.DomainTests.GraphDeltaTests.Exact_snapshot_on_another_track_reuses_publication_without_processor_work" computerName="RICKEBO" duration="00:00:00.0000610" startTime="2026-08-27T02:28:50.9943301+02:00" endTime="2026-08-27T02:28:50.9943496+02:00" testType="13cdc9d9-ddb5-4fa4-a97d-d965ccfc6d4b" outcome="Passed" testListId="8c84fa94-04c1-424b-9868-57a2d4851a1d" relativeResultsDirectory="4c96a689-f241-42b6-bd5c-4f0c875aaf69" />
    <UnitTestResult executionId="80f8dc5f-e10a-4ed8-ab3a-1ce74904a979" testId="0176c483-d7a4-625f-40ff-783f235b7e00" testName="KnowledgeService.DomainTests.GraphDeltaTests.Incremental_delta_materializes_to_same_normalized_graph_as_cold_build" computerName="RICKEBO" duration="00:00:00.0042391" startTime="2026-08-27T02:28:50.9941972+02:00" endTime="2026-08-27T02:28:50.9942198+02:00" testType="13cdc9d9-ddb5-4fa4-a97d-d965ccfc6d4b" outcome="Passed" testListId="8c84fa94-04c1-424b-9868-57a2d4851a1d" relativeResultsDirectory="80f8dc5f-e10a-4ed8-ab3a-1ce74904a979" />
    <UnitTestResult executionId="73ca429a-9fa3-4c7d-af3e-c89209d20f35" testId="95dc3d0e-f7aa-3cf5-0275-0aedcb3c9d64" testName="KnowledgeService.DomainTests.GraphDeltaTests.Incremental_variants_are_logically_equivalent_to_cold_results(change: &quot;type_change&quot;)" computerName="RICKEBO" duration="00:00:00.0001161" startTime="2026-08-27T02:28:50.9939456+02:00" endTime="2026-08-27T02:28:50.9939682+02:00" testType="13cdc9d9-ddb5-4fa4-a97d-d965ccfc6d4b" outcome="Passed" testListId="8c84fa94-04c1-424b-9868-57a2d4851a1d" relativeResultsDirectory="73ca429a-9fa3-4c7d-af3e-c89209d20f35" />
    <UnitTestResult executionId="75cb6e6c-a0fa-46f2-92f4-688e53949316" testId="4f216b0b-8aa3-2eaa-dbcf-9305e0a24762" testName="KnowledgeService.DomainTests.ProcessingAndPlanningTests.Build_state_machine_rejects_terminal_or_skipped_transitions(current: Validating, next: Publishing, allowed: True)" computerName="RICKEBO" duration="00:00:00.0002085" startTime="2026-08-27T02:28:50.9867255+02:00" endTime="2026-08-27T02:28:50.9871059+02:00" testType="13cdc9d9-ddb5-4fa4-a97d-d965ccfc6d4b" outcome="Passed" testListId="8c84fa94-04c1-424b-9868-57a2d4851a1d" relativeResultsDirectory="75cb6e6c-a0fa-46f2-92f4-688e53949316" />
    <UnitTestResult executionId="3ad831d5-9b47-407a-b43a-5e5e43137003" testId="91caafb5-4a2a-4866-cf65-c652c2734ed5" testName="KnowledgeService.DomainTests.GraphDeltaTests.Unsupported_merge_is_an_explicit_cold_fallback" computerName="RICKEBO" duration="00:00:00.0013018" startTime="2026-08-27T02:28:50.9947956+02:00" endTime="2026-08-27T02:28:50.9948204+02:00" testType="13cdc9d9-ddb5-4fa4-a97d-d965ccfc6d4b" outcome="Passed" testListId="8c84fa94-04c1-424b-9868-57a2d4851a1d" relativeResultsDirectory="3ad831d5-9b47-407a-b43a-5e5e43137003" />
    <UnitTestResult executionId="fe1dceb1-b058-452e-8897-eb0eb0a14fbd" testId="da439a3a-d4fa-3c84-6e11-33f6ea1c152d" testName="KnowledgeService.DomainTests.GraphDeltaTests.Checkpoint_chain_is_bounded(deltaCount: 49, expected: False)" computerName="RICKEBO" duration="00:00:00.0002627" startTime="2026-08-27T02:28:50.9940727+02:00" endTime="2026-08-27T02:28:50.9940972+02:00" testType="13cdc9d9-ddb5-4fa4-a97d-d965ccfc6d4b" outcome="Passed" testListId="8c84fa94-04c1-424b-9868-57a2d4851a1d" relativeResultsDirectory="fe1dceb1-b058-452e-8897-eb0eb0a14fbd" />
    <UnitTestResult executionId="9d79e539-35ce-4f8f-9c7b-9f27d7e3a81a" testId="378bb97d-da3b-3738-3a7d-cd216f695254" testName="KnowledgeService.DomainTests.GraphDeltaTests.Incremental_variants_are_logically_equivalent_to_cold_results(change: &quot;delete&quot;)" computerName="RICKEBO" duration="00:00:00.0047018" startTime="2026-08-27T02:28:50.9870836+02:00" endTime="2026-08-27T02:28:50.9880293+02:00" testType="13cdc9d9-ddb5-4fa4-a97d-d965ccfc6d4b" outcome="Passed" testListId="8c84fa94-04c1-424b-9868-57a2d4851a1d" relativeResultsDirectory="9d79e539-35ce-4f8f-9c7b-9f27d7e3a81a" />
    <UnitTestResult executionId="cda58aba-9b60-4894-853a-fe091ded6c0f" testId="bf58847e-f0bb-9ae4-45f4-413b8fe8b89f" testName="KnowledgeService.DomainTests.ProcessingAndPlanningTests.Processing_generation_is_deterministic_and_every_input_affects_it" computerName="RICKEBO" duration="00:00:00.0019820" startTime="2026-08-27T02:28:50.9874635+02:00" endTime="2026-08-27T02:28:50.9874820+02:00" testType="13cdc9d9-ddb5-4fa4-a97d-d965ccfc6d4b" outcome="Passed" testListId="8c84fa94-04c1-424b-9868-57a2d4851a1d" relativeResultsDirectory="cda58aba-9b60-4894-853a-fe091ded6c0f" />
    <UnitTestResult executionId="4623a1ec-3431-4f42-a422-e09c618e2f12" testId="9e8276a9-cd2e-3ad7-499f-33314d992eba" testName="KnowledgeService.DomainTests.GraphDeltaTests.Checkpoint_chain_is_bounded(deltaCount: 50, expected: True)" computerName="RICKEBO" duration="00:00:00.0001437" startTime="2026-08-27T02:28:50.9941310+02:00" endTime="2026-08-27T02:28:50.9941513+02:00" testType="13cdc9d9-ddb5-4fa4-a97d-d965ccfc6d4b" outcome="Passed" testListId="8c84fa94-04c1-424b-9868-57a2d4851a1d" relativeResultsDirectory="4623a1ec-3431-4f42-a422-e09c618e2f12" />
    <UnitTestResult executionId="5cb89220-a57d-445e-ae1d-cba8288a31f3" testId="a8a72cd5-bc27-5694-762e-d9239fb95dcb" testName="KnowledgeService.DomainTests.ProcessingAndPlanningTests.Base_selection_prefers_direct_parent_and_records_rejections" computerName="RICKEBO" duration="00:00:00.0012091" startTime="2026-08-27T02:28:50.9874010+02:00" endTime="2026-08-27T02:28:50.9874191+02:00" testType="13cdc9d9-ddb5-4fa4-a97d-d965ccfc6d4b" outcome="Passed" testListId="8c84fa94-04c1-424b-9868-57a2d4851a1d" relativeResultsDirectory="5cb89220-a57d-445e-ae1d-cba8288a31f3" />
    <UnitTestResult executionId="68637f14-91d7-4853-a578-b8fecf1869a9" testId="9d23e7eb-f6f1-f473-c1ef-b977ed597a19" testName="KnowledgeService.DomainTests.GraphDeltaTests.Incremental_variants_are_logically_equivalent_to_cold_results(change: &quot;rename&quot;)" computerName="RICKEBO" duration="00:00:00.0000372" startTime="2026-08-27T02:28:50.9938861+02:00" endTime="2026-08-27T02:28:50.9939093+02:00" testType="13cdc9d9-ddb5-4fa4-a97d-d965ccfc6d4b" outcome="Passed" testListId="8c84fa94-04c1-424b-9868-57a2d4851a1d" relativeResultsDirectory="68637f14-91d7-4853-a578-b8fecf1869a9" />
  </Results>
  <TestDefinitions>
    <UnitTest name="KnowledgeService.DomainTests.GraphDeltaTests.Exact_snapshot_on_another_track_reuses_publication_without_processor_work" storage="/mnt/rickebo-p/workspace-manager/.worktrees/workspace-manager-fix_knowledge-production-generation-resolver/tests/knowledge-service/knowledgeservice.domaintests/bin/release/net10.0/knowledgeservice.domaintests.dll" id="d2cb036c-53fa-8f4b-9ef4-5beb25a3a029">
      <Execution id="4c96a689-f241-42b6-bd5c-4f0c875aaf69" />
      <TestMethod codeBase="/mnt/rickebo-p/workspace-manager/.worktrees/workspace-manager-fix_knowledge-production-generation-resolver/tests/knowledge-service/KnowledgeService.DomainTests/bin/Release/net10.0/KnowledgeService.DomainTests.dll" adapterTypeName="executor://xunit/VsTestRunner3/netcore/" className="KnowledgeService.DomainTests.GraphDeltaTests" name="Exact_snapshot_on_another_track_reuses_publication_without_processor_work" />
    </UnitTest>
    <UnitTest name="KnowledgeService.DomainTests.GraphDeltaTests.Checkpoint_chain_is_bounded(deltaCount: 50, expected: True)" storage="/mnt/rickebo-p/workspace-manager/.worktrees/workspace-manager-fix_knowledge-production-generation-resolver/tests/knowledge-service/knowledgeservice.domaintests/bin/release/net10.0/knowledgeservice.domaintests.dll" id="9e8276a9-cd2e-3ad7-499f-33314d992eba">
      <Execution id="4623a1ec-3431-4f42-a422-e09c618e2f12" />
      <TestMethod codeBase="/mnt/rickebo-p/workspace-manager/.worktrees/workspace-manager-fix_knowledge-production-generation-resolver/tests/knowledge-service/KnowledgeService.DomainTests/bin/Release/net10.0/KnowledgeService.DomainTests.dll" adapterTypeName="executor://xunit/VsTestRunner3/netcore/" className="KnowledgeService.DomainTests.GraphDeltaTests" name="Checkpoint_chain_is_bounded" />
    </UnitTest>
    <UnitTest name="KnowledgeService.DomainTests.GraphDeltaTests.Checkpoint_chain_is_bounded(deltaCount: 49, expected: False)" storage="/mnt/rickebo-p/workspace-manager/.worktrees/workspace-manager-fix_knowledge-production-generation-resolver/tests/knowledge-service/knowledgeservice.domaintests/bin/release/net10.0/knowledgeservice.domaintests.dll" id="da439a3a-d4fa-3c84-6e11-33f6ea1c152d">
      <Execution id="fe1dceb1-b058-452e-8897-eb0eb0a14fbd" />
      <TestMethod codeBase="/mnt/rickebo-p/workspace-manager/.worktrees/workspace-manager-fix_knowledge-production-generation-resolver/tests/knowledge-service/KnowledgeService.DomainTests/bin/Release/net10.0/KnowledgeService.DomainTests.dll" adapterTypeName="executor://xunit/VsTestRunner3/netcore/" className="KnowledgeService.DomainTests.GraphDeltaTests" name="Checkpoint_chain_is_bounded" />
    </UnitTest>
    <UnitTest name="KnowledgeService.DomainTests.GraphDeltaTests.Incremental_variants_are_logically_equivalent_to_cold_results(change: &quot;rename&quot;)" storage="/mnt/rickebo-p/workspace-manager/.worktrees/workspace-manager-fix_knowledge-production-generation-resolver/tests/knowledge-service/knowledgeservice.domaintests/bin/release/net10.0/knowledgeservice.domaintests.dll" id="9d23e7eb-f6f1-f473-c1ef-b977ed597a19">
      <Execution id="68637f14-91d7-4853-a578-b8fecf1869a9" />
      <TestMethod codeBase="/mnt/rickebo-p/workspace-manager/.worktrees/workspace-manager-fix_knowledge-production-generation-resolver/tests/knowledge-service/KnowledgeService.DomainTests/bin/Release/net10.0/KnowledgeService.DomainTests.dll" adapterTypeName="executor://xunit/VsTestRunner3/netcore/" className="KnowledgeService.DomainTests.GraphDeltaTests" name="Incremental_variants_are_logically_equivalent_to_cold_results" />
    </UnitTest>
    <UnitTest name="KnowledgeService.DomainTests.ProcessingAndPlanningTests.Build_state_machine_rejects_terminal_or_skipped_transitions(current: Queued, next: Acquiring, allowed: True)" storage="/mnt/rickebo-p/workspace-manager/.worktrees/workspace-manager-fix_knowledge-production-generation-resolver/tests/knowledge-service/knowledgeservice.domaintests/bin/release/net10.0/knowledgeservice.domaintests.dll" id="8f4e955a-3f9c-9d8b-b1f1-a40eb039fc60">
      <Execution id="4936b5f9-c4ef-466a-9a98-4ab2c932b6f2" />
      <TestMethod codeBase="/mnt/rickebo-p/workspace-manager/.worktrees/workspace-manager-fix_knowledge-production-generation-resolver/tests/knowledge-service/KnowledgeService.DomainTests/bin/Release/net10.0/KnowledgeService.DomainTests.dll" adapterTypeName="executor://xunit/VsTestRunner3/netcore/" className="KnowledgeService.DomainTests.ProcessingAndPlanningTests" name="Build_state_machine_rejects_terminal_or_skipped_transitions" />
    </UnitTest>
    <UnitTest name="KnowledgeService.DomainTests.GraphDeltaTests.Incremental_variants_are_logically_equivalent_to_cold_results(change: &quot;add&quot;)" storage="/mnt/rickebo-p/workspace-manager/.worktrees/workspace-manager-fix_knowledge-production-generation-resolver/tests/knowledge-service/knowledgeservice.domaintests/bin/release/net10.0/knowledgeservice.domaintests.dll" id="377a4d8a-444e-8693-69ee-3b5f83be947e">
      <Execution id="bb0e814c-c716-40ce-916d-8a98a42f7c1c" />
      <TestMethod codeBase="/mnt/rickebo-p/workspace-manager/.worktrees/workspace-manager-fix_knowledge-production-generation-resolver/tests/knowledge-service/KnowledgeService.DomainTests/bin/Release/net10.0/KnowledgeService.DomainTests.dll" adapterTypeName="executor://xunit/VsTestRunner3/netcore/" className="KnowledgeService.DomainTests.GraphDeltaTests" name="Incremental_variants_are_logically_equivalent_to_cold_results" />
    </UnitTest>
    <UnitTest name="KnowledgeService.DomainTests.GraphDeltaTests.Incremental_delta_materializes_to_same_normalized_graph_as_cold_build" storage="/mnt/rickebo-p/workspace-manager/.worktrees/workspace-manager-fix_knowledge-production-generation-resolver/tests/knowledge-service/knowledgeservice.domaintests/bin/release/net10.0/knowledgeservice.domaintests.dll" id="0176c483-d7a4-625f-40ff-783f235b7e00">
      <Execution id="80f8dc5f-e10a-4ed8-ab3a-1ce74904a979" />
      <TestMethod codeBase="/mnt/rickebo-p/workspace-manager/.worktrees/workspace-manager-fix_knowledge-production-generation-resolver/tests/knowledge-service/KnowledgeService.DomainTests/bin/Release/net10.0/KnowledgeService.DomainTests.dll" adapterTypeName="executor://xunit/VsTestRunner3/netcore/" className="KnowledgeService.DomainTests.GraphDeltaTests" name="Incremental_delta_materializes_to_same_normalized_graph_as_cold_build" />
    </UnitTest>
    <UnitTest name="KnowledgeService.DomainTests.ProcessingAndPlanningTests.Base_selection_prefers_direct_parent_and_records_rejections" storage="/mnt/rickebo-p/workspace-manager/.worktrees/workspace-manager-fix_knowledge-production-generation-resolver/tests/knowledge-service/knowledgeservice.domaintests/bin/release/net10.0/knowledgeservice.domaintests.dll" id="a8a72cd5-bc27-5694-762e-d9239fb95dcb">
      <Execution id="5cb89220-a57d-445e-ae1d-cba8288a31f3" />
      <TestMethod codeBase="/mnt/rickebo-p/workspace-manager/.worktrees/workspace-manager-fix_knowledge-production-generation-resolver/tests/knowledge-service/KnowledgeService.DomainTests/bin/Release/net10.0/KnowledgeService.DomainTests.dll" adapterTypeName="executor://xunit/VsTestRunner3/netcore/" className="KnowledgeService.DomainTests.ProcessingAndPlanningTests" name="Base_selection_prefers_direct_parent_and_records_rejections" />
    </UnitTest>
    <UnitTest name="KnowledgeService.DomainTests.ProcessingAndPlanningTests.Build_state_machine_rejects_terminal_or_skipped_transitions(current: Superseded, next: Succeeded, allowed: False)" storage="/mnt/rickebo-p/workspace-manager/.worktrees/workspace-manager-fix_knowledge-production-generation-resolver/tests/knowledge-service/knowledgeservice.domaintests/bin/release/net10.0/knowledgeservice.domaintests.dll" id="b4c197f3-9cda-e0bb-a145-e04831bf4ad1">
      <Execution id="e3d75e4e-3684-4569-b64b-3b2bb71ffe21" />
      <TestMethod codeBase="/mnt/rickebo-p/workspace-manager/.worktrees/workspace-manager-fix_knowledge-production-generation-resolver/tests/knowledge-service/KnowledgeService.DomainTests/bin/Release/net10.0/KnowledgeService.DomainTests.dll" adapterTypeName="executor://xunit/VsTestRunner3/netcore/" className="KnowledgeService.DomainTests.ProcessingAndPlanningTests" name="Build_state_machine_rejects_terminal_or_skipped_transitions" />
    </UnitTest>
    <UnitTest name="KnowledgeService.DomainTests.ProcessingAndPlanningTests.Build_state_machine_rejects_terminal_or_skipped_transitions(current: Failed, next: Publishing, allowed: False)" storage="/mnt/rickebo-p/workspace-manager/.worktrees/workspace-manager-fix_knowledge-production-generation-resolver/tests/knowledge-service/knowledgeservice.domaintests/bin/release/net10.0/knowledgeservice.domaintests.dll" id="76ce4a2c-370c-7e10-2d5f-1e33f02e8776">
      <Execution id="236d7bb5-50fd-46ea-a0c0-5103033df1f0" />
      <TestMethod codeBase="/mnt/rickebo-p/workspace-manager/.worktrees/workspace-manager-fix_knowledge-production-generation-resolver/tests/knowledge-service/KnowledgeService.DomainTests/bin/Release/net10.0/KnowledgeService.DomainTests.dll" adapterTypeName="executor://xunit/VsTestRunner3/netcore/" className="KnowledgeService.DomainTests.ProcessingAndPlanningTests" name="Build_state_machine_rejects_terminal_or_skipped_transitions" />
    </UnitTest>
    <UnitTest name="KnowledgeService.DomainTests.GraphDeltaTests.Incremental_variants_are_logically_equivalent_to_cold_results(change: &quot;modify&quot;)" storage="/mnt/rickebo-p/workspace-manager/.worktrees/workspace-manager-fix_knowledge-production-generation-resolver/tests/knowledge-service/knowledgeservice.domaintests/bin/release/net10.0/knowledgeservice.domaintests.dll" id="330d8c1b-92bc-af8d-9bae-65bc358db106">
      <Execution id="f0c5b340-82ff-4bde-afce-684df13c71b6" />
      <TestMethod codeBase="/mnt/rickebo-p/workspace-manager/.worktrees/workspace-manager-fix_knowledge-production-generation-resolver/tests/knowledge-service/KnowledgeService.DomainTests/bin/Release/net10.0/KnowledgeService.DomainTests.dll" adapterTypeName="executor://xunit/VsTestRunner3/netcore/" className="KnowledgeService.DomainTests.GraphDeltaTests" name="Incremental_variants_are_logically_equivalent_to_cold_results" />
    </UnitTest>
    <UnitTest name="KnowledgeService.DomainTests.GraphDeltaTests.Incremental_variants_are_logically_equivalent_to_cold_results(change: &quot;delete&quot;)" storage="/mnt/rickebo-p/workspace-manager/.worktrees/workspace-manager-fix_knowledge-production-generation-resolver/tests/knowledge-service/knowledgeservice.domaintests/bin/release/net10.0/knowledgeservice.domaintests.dll" id="378bb97d-da3b-3738-3a7d-cd216f695254">
      <Execution id="9d79e539-35ce-4f8f-9c7b-9f27d7e3a81a" />
      <TestMethod codeBase="/mnt/rickebo-p/workspace-manager/.worktrees/workspace-manager-fix_knowledge-production-generation-resolver/tests/knowledge-service/KnowledgeService.DomainTests/bin/Release/net10.0/KnowledgeService.DomainTests.dll" adapterTypeName="executor://xunit/VsTestRunner3/netcore/" className="KnowledgeService.DomainTests.GraphDeltaTests" name="Incremental_variants_are_logically_equivalent_to_cold_results" />
    </UnitTest>
    <UnitTest name="KnowledgeService.DomainTests.GraphDeltaTests.Supported_merge_uses_compatible_parent_without_blind_union" storage="/mnt/rickebo-p/workspace-manager/.worktrees/workspace-manager-fix_knowledge-production-generation-resolver/tests/knowledge-service/knowledgeservice.domaintests/bin/release/net10.0/knowledgeservice.domaintests.dll" id="47a34316-261a-7709-522f-dfc84731954c">
      <Execution id="98892ec6-d8ba-4b92-91a8-679f751a3b45" />
      <TestMethod codeBase="/mnt/rickebo-p/workspace-manager/.worktrees/workspace-manager-fix_knowledge-production-generation-resolver/tests/knowledge-service/KnowledgeService.DomainTests/bin/Release/net10.0/KnowledgeService.DomainTests.dll" adapterTypeName="executor://xunit/VsTestRunner3/netcore/" className="KnowledgeService.DomainTests.GraphDeltaTests" name="Supported_merge_uses_compatible_parent_without_blind_union" />
    </UnitTest>
    <UnitTest name="KnowledgeService.DomainTests.GraphDeltaTests.Force_update_reuses_nearest_compatible_ancestor" storage="/mnt/rickebo-p/workspace-manager/.worktrees/workspace-manager-fix_knowledge-production-generation-resolver/tests/knowledge-service/knowledgeservice.domaintests/bin/release/net10.0/knowledgeservice.domaintests.dll" id="628fa2ec-4ea6-6a5c-6dc0-1d94a0bddcb9">
      <Execution id="eddaf4a8-496b-4ca4-87df-8a7951582cb3" />
      <TestMethod codeBase="/mnt/rickebo-p/workspace-manager/.worktrees/workspace-manager-fix_knowledge-production-generation-resolver/tests/knowledge-service/KnowledgeService.DomainTests/bin/Release/net10.0/KnowledgeService.DomainTests.dll" adapterTypeName="executor://xunit/VsTestRunner3/netcore/" className="KnowledgeService.DomainTests.GraphDeltaTests" name="Force_update_reuses_nearest_compatible_ancestor" />
    </UnitTest>
    <UnitTest name="KnowledgeService.DomainTests.GraphDeltaTests.Unsupported_merge_is_an_explicit_cold_fallback" storage="/mnt/rickebo-p/workspace-manager/.worktrees/workspace-manager-fix_knowledge-production-generation-resolver/tests/knowledge-service/knowledgeservice.domaintests/bin/release/net10.0/knowledgeservice.domaintests.dll" id="91caafb5-4a2a-4866-cf65-c652c2734ed5">
      <Execution id="3ad831d5-9b47-407a-b43a-5e5e43137003" />
      <TestMethod codeBase="/mnt/rickebo-p/workspace-manager/.worktrees/workspace-manager-fix_knowledge-production-generation-resolver/tests/knowledge-service/KnowledgeService.DomainTests/bin/Release/net10.0/KnowledgeService.DomainTests.dll" adapterTypeName="executor://xunit/VsTestRunner3/netcore/" className="KnowledgeService.DomainTests.GraphDeltaTests" name="Unsupported_merge_is_an_explicit_cold_fallback" />
    </UnitTest>
    <UnitTest name="KnowledgeService.DomainTests.ProcessingAndPlanningTests.Build_state_machine_rejects_terminal_or_skipped_transitions(current: Validating, next: Publishing, allowed: True)" storage="/mnt/rickebo-p/workspace-manager/.worktrees/workspace-manager-fix_knowledge-production-generation-resolver/tests/knowledge-service/knowledgeservice.domaintests/bin/release/net10.0/knowledgeservice.domaintests.dll" id="4f216b0b-8aa3-2eaa-dbcf-9305e0a24762">
      <Execution id="75cb6e6c-a0fa-46f2-92f4-688e53949316" />
      <TestMethod codeBase="/mnt/rickebo-p/workspace-manager/.worktrees/workspace-manager-fix_knowledge-production-generation-resolver/tests/knowledge-service/KnowledgeService.DomainTests/bin/Release/net10.0/KnowledgeService.DomainTests.dll" adapterTypeName="executor://xunit/VsTestRunner3/netcore/" className="KnowledgeService.DomainTests.ProcessingAndPlanningTests" name="Build_state_machine_rejects_terminal_or_skipped_transitions" />
    </UnitTest>
    <UnitTest name="KnowledgeService.DomainTests.GraphDeltaTests.Incremental_variants_are_logically_equivalent_to_cold_results(change: &quot;type_change&quot;)" storage="/mnt/rickebo-p/workspace-manager/.worktrees/workspace-manager-fix_knowledge-production-generation-resolver/tests/knowledge-service/knowledgeservice.domaintests/bin/release/net10.0/knowledgeservice.domaintests.dll" id="95dc3d0e-f7aa-3cf5-0275-0aedcb3c9d64">
      <Execution id="73ca429a-9fa3-4c7d-af3e-c89209d20f35" />
      <TestMethod codeBase="/mnt/rickebo-p/workspace-manager/.worktrees/workspace-manager-fix_knowledge-production-generation-resolver/tests/knowledge-service/KnowledgeService.DomainTests/bin/Release/net10.0/KnowledgeService.DomainTests.dll" adapterTypeName="executor://xunit/VsTestRunner3/netcore/" className="KnowledgeService.DomainTests.GraphDeltaTests" name="Incremental_variants_are_logically_equivalent_to_cold_results" />
    </UnitTest>
    <UnitTest name="KnowledgeService.DomainTests.GraphDeltaTests.Incremental_variants_are_logically_equivalent_to_cold_results(change: &quot;copy&quot;)" storage="/mnt/rickebo-p/workspace-manager/.worktrees/workspace-manager-fix_knowledge-production-generation-resolver/tests/knowledge-service/knowledgeservice.domaintests/bin/release/net10.0/knowledgeservice.domaintests.dll" id="0168c9aa-b1cb-159c-2d91-3888222c02dd">
      <Execution id="4558be35-22aa-4fe7-8eee-e9d999b59d4b" />
      <TestMethod codeBase="/mnt/rickebo-p/workspace-manager/.worktrees/workspace-manager-fix_knowledge-production-generation-resolver/tests/knowledge-service/KnowledgeService.DomainTests/bin/Release/net10.0/KnowledgeService.DomainTests.dll" adapterTypeName="executor://xunit/VsTestRunner3/netcore/" className="KnowledgeService.DomainTests.GraphDeltaTests" name="Incremental_variants_are_logically_equivalent_to_cold_results" />
    </UnitTest>
    <UnitTest name="KnowledgeService.DomainTests.ProcessingAndPlanningTests.Processing_generation_is_deterministic_and_every_input_affects_it" storage="/mnt/rickebo-p/workspace-manager/.worktrees/workspace-manager-fix_knowledge-production-generation-resolver/tests/knowledge-service/knowledgeservice.domaintests/bin/release/net10.0/knowledgeservice.domaintests.dll" id="bf58847e-f0bb-9ae4-45f4-413b8fe8b89f">
      <Execution id="cda58aba-9b60-4894-853a-fe091ded6c0f" />
      <TestMethod codeBase="/mnt/rickebo-p/workspace-manager/.worktrees/workspace-manager-fix_knowledge-production-generation-resolver/tests/knowledge-service/KnowledgeService.DomainTests/bin/Release/net10.0/KnowledgeService.DomainTests.dll" adapterTypeName="executor://xunit/VsTestRunner3/netcore/" className="KnowledgeService.DomainTests.ProcessingAndPlanningTests" name="Processing_generation_is_deterministic_and_every_input_affects_it" />
    </UnitTest>
  </TestDefinitions>
  <TestEntries>
    <TestEntry testId="0168c9aa-b1cb-159c-2d91-3888222c02dd" executionId="4558be35-22aa-4fe7-8eee-e9d999b59d4b" testListId="8c84fa94-04c1-424b-9868-57a2d4851a1d" />
    <TestEntry testId="b4c197f3-9cda-e0bb-a145-e04831bf4ad1" executionId="e3d75e4e-3684-4569-b64b-3b2bb71ffe21" testListId="8c84fa94-04c1-424b-9868-57a2d4851a1d" />
    <TestEntry testId="76ce4a2c-370c-7e10-2d5f-1e33f02e8776" executionId="236d7bb5-50fd-46ea-a0c0-5103033df1f0" testListId="8c84fa94-04c1-424b-9868-57a2d4851a1d" />
    <TestEntry testId="330d8c1b-92bc-af8d-9bae-65bc358db106" executionId="f0c5b340-82ff-4bde-afce-684df13c71b6" testListId="8c84fa94-04c1-424b-9868-57a2d4851a1d" />
    <TestEntry testId="377a4d8a-444e-8693-69ee-3b5f83be947e" executionId="bb0e814c-c716-40ce-916d-8a98a42f7c1c" testListId="8c84fa94-04c1-424b-9868-57a2d4851a1d" />
    <TestEntry testId="47a34316-261a-7709-522f-dfc84731954c" executionId="98892ec6-d8ba-4b92-91a8-679f751a3b45" testListId="8c84fa94-04c1-424b-9868-57a2d4851a1d" />
    <TestEntry testId="628fa2ec-4ea6-6a5c-6dc0-1d94a0bddcb9" executionId="eddaf4a8-496b-4ca4-87df-8a7951582cb3" testListId="8c84fa94-04c1-424b-9868-57a2d4851a1d" />
    <TestEntry testId="8f4e955a-3f9c-9d8b-b1f1-a40eb039fc60" executionId="4936b5f9-c4ef-466a-9a98-4ab2c932b6f2" testListId="8c84fa94-04c1-424b-9868-57a2d4851a1d" />
    <TestEntry testId="d2cb036c-53fa-8f4b-9ef4-5beb25a3a029" executionId="4c96a689-f241-42b6-bd5c-4f0c875aaf69" testListId="8c84fa94-04c1-424b-9868-57a2d4851a1d" />
    <TestEntry testId="0176c483-d7a4-625f-40ff-783f235b7e00" executionId="80f8dc5f-e10a-4ed8-ab3a-1ce74904a979" testListId="8c84fa94-04c1-424b-9868-57a2d4851a1d" />
    <TestEntry testId="95dc3d0e-f7aa-3cf5-0275-0aedcb3c9d64" executionId="73ca429a-9fa3-4c7d-af3e-c89209d20f35" testListId="8c84fa94-04c1-424b-9868-57a2d4851a1d" />
    <TestEntry testId="4f216b0b-8aa3-2eaa-dbcf-9305e0a24762" executionId="75cb6e6c-a0fa-46f2-92f4-688e53949316" testListId="8c84fa94-04c1-424b-9868-57a2d4851a1d" />
    <TestEntry testId="91caafb5-4a2a-4866-cf65-c652c2734ed5" executionId="3ad831d5-9b47-407a-b43a-5e5e43137003" testListId="8c84fa94-04c1-424b-9868-57a2d4851a1d" />
    <TestEntry testId="da439a3a-d4fa-3c84-6e11-33f6ea1c152d" executionId="fe1dceb1-b058-452e-8897-eb0eb0a14fbd" testListId="8c84fa94-04c1-424b-9868-57a2d4851a1d" />
    <TestEntry testId="378bb97d-da3b-3738-3a7d-cd216f695254" executionId="9d79e539-35ce-4f8f-9c7b-9f27d7e3a81a" testListId="8c84fa94-04c1-424b-9868-57a2d4851a1d" />
    <TestEntry testId="bf58847e-f0bb-9ae4-45f4-413b8fe8b89f" executionId="cda58aba-9b60-4894-853a-fe091ded6c0f" testListId="8c84fa94-04c1-424b-9868-57a2d4851a1d" />
    <TestEntry testId="9e8276a9-cd2e-3ad7-499f-33314d992eba" executionId="4623a1ec-3431-4f42-a422-e09c618e2f12" testListId="8c84fa94-04c1-424b-9868-57a2d4851a1d" />
    <TestEntry testId="a8a72cd5-bc27-5694-762e-d9239fb95dcb" executionId="5cb89220-a57d-445e-ae1d-cba8288a31f3" testListId="8c84fa94-04c1-424b-9868-57a2d4851a1d" />
    <TestEntry testId="9d23e7eb-f6f1-f473-c1ef-b977ed597a19" executionId="68637f14-91d7-4853-a578-b8fecf1869a9" testListId="8c84fa94-04c1-424b-9868-57a2d4851a1d" />
  </TestEntries>
  <TestLists>
    <TestList name="Results Not in a List" id="8c84fa94-04c1-424b-9868-57a2d4851a1d" />
    <TestList name="All Loaded Results" id="19431567-8539-422a-85d7-44ee4e166bda" />
  </TestLists>
  <ResultSummary outcome="Completed">
    <Counters total="19" executed="19" passed="19" failed="0" error="0" timeout="0" aborted="0" inconclusive="0" passedButRunAborted="0" notRunnable="0" notExecuted="0" disconnected="0" warning="0" completed="0" inProgress="0" pending="0" />
    <Output>
      <StdOut>[xUnit.net 00:00:00.00] xUnit.net VSTest Adapter v4.0.0+05679a7ab5 (64-bit .NET 10.0.11)
[xUnit.net 00:00:00.12]   Discovering: KnowledgeService.DomainTests
[xUnit.net 00:00:00.15]   Discovered:  KnowledgeService.DomainTests
[xUnit.net 00:00:00.17]   Starting:    KnowledgeService.DomainTests
[xUnit.net 00:00:00.22]   Finished:    KnowledgeService.DomainTests
</StdOut>
    </Output>
  </ResultSummary>
</TestRun>