<?xml version="1.0" encoding="utf-8"?>
<TestRun id="dfaca3e6-0c21-4df1-a75d-5cfa779bfbd7" name="@RICKEBO 2026-08-27 04:49:12" xmlns="http://microsoft.com/schemas/VisualStudio/TeamTest/2010">
  <Times creation="2026-08-27T04:49:12.1471813+02:00" queuing="2026-08-27T04:49:12.1471814+02:00" start="2026-08-27T04:49:06.9287427+02:00" finish="2026-08-27T04:49:41.1809235+02:00" />
  <TestSettings name="default" id="bd34fb40-59c2-4cbd-a448-d79460e6a483">
    <Deployment runDeploymentRoot="_RICKEBO_2026-08-27_04_49_12" />
  </TestSettings>
  <Results>
    <UnitTestResult executionId="513bc7f0-593f-42bd-9847-98772a93697d" testId="3890131b-6e27-8688-42a0-a150e81477a4" testName="ModelService.IntegrationTests.WorkspaceDeletionConsumerTests.StaleRequestIsCommittedBeforeFollowingSamePartitionRequestIsProcessed" computerName="RICKEBO" duration="00:00:01.3506134" startTime="2026-08-27T04:49:16.1945799+02:00" endTime="2026-08-27T04:49:22.5089917+02:00" testType="13cdc9d9-ddb5-4fa4-a97d-d965ccfc6d4b" outcome="Passed" testListId="8c84fa94-04c1-424b-9868-57a2d4851a1d" relativeResultsDirectory="513bc7f0-593f-42bd-9847-98772a93697d" />
    <UnitTestResult executionId="9fd823e9-e828-49b2-ac84-974f5f463a7a" testId="2decbfb2-be3d-aeac-1677-818787bad6ef" testName="ModelService.IntegrationTests.ModelServiceApiFlowTests.WorkspaceAndUserCredentials_AreSelectedAttributedAndRevokedWithoutSecretLeakage" computerName="RICKEBO" duration="00:00:00.1699639" startTime="2026-08-27T04:49:38.2993351+02:00" endTime="2026-08-27T04:49:41.1400090+02:00" testType="13cdc9d9-ddb5-4fa4-a97d-d965ccfc6d4b" outcome="Passed" testListId="8c84fa94-04c1-424b-9868-57a2d4851a1d" relativeResultsDirectory="9fd823e9-e828-49b2-ac84-974f5f463a7a" />
    <UnitTestResult executionId="b01d5f27-e595-4759-afd2-1e78bff688c2" testId="083e7172-1f87-3505-828d-d0e3cddb493f" testName="ModelService.IntegrationTests.KafkaOutboxTests.TransactionalOutbox_PublishesCloudEventWithWorkspacePartitionKey" computerName="RICKEBO" duration="00:00:03.3918704" startTime="2026-08-27T04:49:22.5094207+02:00" endTime="2026-08-27T04:49:29.6914786+02:00" testType="13cdc9d9-ddb5-4fa4-a97d-d965ccfc6d4b" outcome="Passed" testListId="8c84fa94-04c1-424b-9868-57a2d4851a1d" relativeResultsDirectory="b01d5f27-e595-4759-afd2-1e78bff688c2" />
    <UnitTestResult executionId="ed71aab3-e508-4162-89ce-890629413856" testId="13bfd25c-530d-b3aa-7ad5-94811111ffa4" testName="ModelService.IntegrationTests.PostgresMigrationAndBudgetTests.Workload_proof_nonce_is_workspace_bound_and_single_use_under_concurrency" computerName="RICKEBO" duration="00:00:00.0888777" startTime="2026-08-27T04:49:12.1341937+02:00" endTime="2026-08-27T04:49:16.1916623+02:00" testType="13cdc9d9-ddb5-4fa4-a97d-d965ccfc6d4b" outcome="Passed" testListId="8c84fa94-04c1-424b-9868-57a2d4851a1d" relativeResultsDirectory="ed71aab3-e508-4162-89ce-890629413856" />
    <UnitTestResult executionId="0ee5e690-5914-4e8b-ba2d-2d597c877363" testId="5f913000-aa25-e109-e1b0-3c21d31dd7b0" testName="ModelService.IntegrationTests.ModelServiceApiFlowTests.KnowledgeGeneration_reads_policy_and_canonical_configuration_from_one_snapshot" computerName="RICKEBO" duration="00:00:00.5294504" startTime="2026-08-27T04:49:29.6919380+02:00" endTime="2026-08-27T04:49:34.1991624+02:00" testType="13cdc9d9-ddb5-4fa4-a97d-d965ccfc6d4b" outcome="Passed" testListId="8c84fa94-04c1-424b-9868-57a2d4851a1d" relativeResultsDirectory="0ee5e690-5914-4e8b-ba2d-2d597c877363" />
    <UnitTestResult executionId="04d0dc6b-41a8-46e5-bcfd-665d28e05cde" testId="7baf3962-44d8-6194-693b-4140541095ce" testName="ModelService.IntegrationTests.PostgresMigrationAndBudgetTests.EmptyDatabase_MigratesAndBudgetAdmissionIsAtomic" computerName="RICKEBO" duration="00:00:00.2116310" startTime="2026-08-27T04:49:07.2923904+02:00" endTime="2026-08-27T04:49:12.1258434+02:00" testType="13cdc9d9-ddb5-4fa4-a97d-d965ccfc6d4b" outcome="Passed" testListId="8c84fa94-04c1-424b-9868-57a2d4851a1d" relativeResultsDirectory="04d0dc6b-41a8-46e5-bcfd-665d28e05cde" />
    <UnitTestResult executionId="a4321427-ab5b-4311-9b20-e17fede202b1" testId="5cd28f78-1552-9670-f987-69808253a3c4" testName="ModelService.IntegrationTests.ModelServiceApiFlowTests.KnowledgeGeneration_RequiresConfiguredWorkloadProofAndWorkspaceBinding" computerName="RICKEBO" duration="00:00:00.1717743" startTime="2026-08-27T04:49:34.2000000+02:00" endTime="2026-08-27T04:49:38.2989786+02:00" testType="13cdc9d9-ddb5-4fa4-a97d-d965ccfc6d4b" outcome="Passed" testListId="8c84fa94-04c1-424b-9868-57a2d4851a1d" relativeResultsDirectory="a4321427-ab5b-4311-9b20-e17fede202b1" />
  </Results>
  <TestDefinitions>
    <UnitTest name="ModelService.IntegrationTests.ModelServiceApiFlowTests.WorkspaceAndUserCredentials_AreSelectedAttributedAndRevokedWithoutSecretLeakage" storage="/mnt/rickebo-p/workspace-manager/.worktrees/workspace-manager-fix_knowledge-production-generation-resolver/tests/model-service/modelservice.integrationtests/bin/release/net10.0/modelservice.integrationtests.dll" id="2decbfb2-be3d-aeac-1677-818787bad6ef">
      <Execution id="9fd823e9-e828-49b2-ac84-974f5f463a7a" />
      <TestMethod codeBase="/mnt/rickebo-p/workspace-manager/.worktrees/workspace-manager-fix_knowledge-production-generation-resolver/tests/model-service/ModelService.IntegrationTests/bin/Release/net10.0/ModelService.IntegrationTests.dll" adapterTypeName="executor://xunit/VsTestRunner3/netcore/" className="ModelService.IntegrationTests.ModelServiceApiFlowTests" name="WorkspaceAndUserCredentials_AreSelectedAttributedAndRevokedWithoutSecretLeakage" />
    </UnitTest>
    <UnitTest name="ModelService.IntegrationTests.ModelServiceApiFlowTests.KnowledgeGeneration_RequiresConfiguredWorkloadProofAndWorkspaceBinding" storage="/mnt/rickebo-p/workspace-manager/.worktrees/workspace-manager-fix_knowledge-production-generation-resolver/tests/model-service/modelservice.integrationtests/bin/release/net10.0/modelservice.integrationtests.dll" id="5cd28f78-1552-9670-f987-69808253a3c4">
      <Execution id="a4321427-ab5b-4311-9b20-e17fede202b1" />
      <TestMethod codeBase="/mnt/rickebo-p/workspace-manager/.worktrees/workspace-manager-fix_knowledge-production-generation-resolver/tests/model-service/ModelService.IntegrationTests/bin/Release/net10.0/ModelService.IntegrationTests.dll" adapterTypeName="executor://xunit/VsTestRunner3/netcore/" className="ModelService.IntegrationTests.ModelServiceApiFlowTests" name="KnowledgeGeneration_RequiresConfiguredWorkloadProofAndWorkspaceBinding" />
    </UnitTest>
    <UnitTest name="ModelService.IntegrationTests.PostgresMigrationAndBudgetTests.Workload_proof_nonce_is_workspace_bound_and_single_use_under_concurrency" storage="/mnt/rickebo-p/workspace-manager/.worktrees/workspace-manager-fix_knowledge-production-generation-resolver/tests/model-service/modelservice.integrationtests/bin/release/net10.0/modelservice.integrationtests.dll" id="13bfd25c-530d-b3aa-7ad5-94811111ffa4">
      <Execution id="ed71aab3-e508-4162-89ce-890629413856" />
      <TestMethod codeBase="/mnt/rickebo-p/workspace-manager/.worktrees/workspace-manager-fix_knowledge-production-generation-resolver/tests/model-service/ModelService.IntegrationTests/bin/Release/net10.0/ModelService.IntegrationTests.dll" adapterTypeName="executor://xunit/VsTestRunner3/netcore/" className="ModelService.IntegrationTests.PostgresMigrationAndBudgetTests" name="Workload_proof_nonce_is_workspace_bound_and_single_use_under_concurrency" />
    </UnitTest>
    <UnitTest name="ModelService.IntegrationTests.KafkaOutboxTests.TransactionalOutbox_PublishesCloudEventWithWorkspacePartitionKey" storage="/mnt/rickebo-p/workspace-manager/.worktrees/workspace-manager-fix_knowledge-production-generation-resolver/tests/model-service/modelservice.integrationtests/bin/release/net10.0/modelservice.integrationtests.dll" id="083e7172-1f87-3505-828d-d0e3cddb493f">
      <Execution id="b01d5f27-e595-4759-afd2-1e78bff688c2" />
      <TestMethod codeBase="/mnt/rickebo-p/workspace-manager/.worktrees/workspace-manager-fix_knowledge-production-generation-resolver/tests/model-service/ModelService.IntegrationTests/bin/Release/net10.0/ModelService.IntegrationTests.dll" adapterTypeName="executor://xunit/VsTestRunner3/netcore/" className="ModelService.IntegrationTests.KafkaOutboxTests" name="TransactionalOutbox_PublishesCloudEventWithWorkspacePartitionKey" />
    </UnitTest>
    <UnitTest name="ModelService.IntegrationTests.PostgresMigrationAndBudgetTests.EmptyDatabase_MigratesAndBudgetAdmissionIsAtomic" storage="/mnt/rickebo-p/workspace-manager/.worktrees/workspace-manager-fix_knowledge-production-generation-resolver/tests/model-service/modelservice.integrationtests/bin/release/net10.0/modelservice.integrationtests.dll" id="7baf3962-44d8-6194-693b-4140541095ce">
      <Execution id="04d0dc6b-41a8-46e5-bcfd-665d28e05cde" />
      <TestMethod codeBase="/mnt/rickebo-p/workspace-manager/.worktrees/workspace-manager-fix_knowledge-production-generation-resolver/tests/model-service/ModelService.IntegrationTests/bin/Release/net10.0/ModelService.IntegrationTests.dll" adapterTypeName="executor://xunit/VsTestRunner3/netcore/" className="ModelService.IntegrationTests.PostgresMigrationAndBudgetTests" name="EmptyDatabase_MigratesAndBudgetAdmissionIsAtomic" />
    </UnitTest>
    <UnitTest name="ModelService.IntegrationTests.ModelServiceApiFlowTests.KnowledgeGeneration_reads_policy_and_canonical_configuration_from_one_snapshot" storage="/mnt/rickebo-p/workspace-manager/.worktrees/workspace-manager-fix_knowledge-production-generation-resolver/tests/model-service/modelservice.integrationtests/bin/release/net10.0/modelservice.integrationtests.dll" id="5f913000-aa25-e109-e1b0-3c21d31dd7b0">
      <Execution id="0ee5e690-5914-4e8b-ba2d-2d597c877363" />
      <TestMethod codeBase="/mnt/rickebo-p/workspace-manager/.worktrees/workspace-manager-fix_knowledge-production-generation-resolver/tests/model-service/ModelService.IntegrationTests/bin/Release/net10.0/ModelService.IntegrationTests.dll" adapterTypeName="executor://xunit/VsTestRunner3/netcore/" className="ModelService.IntegrationTests.ModelServiceApiFlowTests" name="KnowledgeGeneration_reads_policy_and_canonical_configuration_from_one_snapshot" />
    </UnitTest>
    <UnitTest name="ModelService.IntegrationTests.WorkspaceDeletionConsumerTests.StaleRequestIsCommittedBeforeFollowingSamePartitionRequestIsProcessed" storage="/mnt/rickebo-p/workspace-manager/.worktrees/workspace-manager-fix_knowledge-production-generation-resolver/tests/model-service/modelservice.integrationtests/bin/release/net10.0/modelservice.integrationtests.dll" id="3890131b-6e27-8688-42a0-a150e81477a4">
      <Execution id="513bc7f0-593f-42bd-9847-98772a93697d" />
      <TestMethod codeBase="/mnt/rickebo-p/workspace-manager/.worktrees/workspace-manager-fix_knowledge-production-generation-resolver/tests/model-service/ModelService.IntegrationTests/bin/Release/net10.0/ModelService.IntegrationTests.dll" adapterTypeName="executor://xunit/VsTestRunner3/netcore/" className="ModelService.IntegrationTests.WorkspaceDeletionConsumerTests" name="StaleRequestIsCommittedBeforeFollowingSamePartitionRequestIsProcessed" />
    </UnitTest>
  </TestDefinitions>
  <TestEntries>
    <TestEntry testId="3890131b-6e27-8688-42a0-a150e81477a4" executionId="513bc7f0-593f-42bd-9847-98772a93697d" testListId="8c84fa94-04c1-424b-9868-57a2d4851a1d" />
    <TestEntry testId="2decbfb2-be3d-aeac-1677-818787bad6ef" executionId="9fd823e9-e828-49b2-ac84-974f5f463a7a" testListId="8c84fa94-04c1-424b-9868-57a2d4851a1d" />
    <TestEntry testId="083e7172-1f87-3505-828d-d0e3cddb493f" executionId="b01d5f27-e595-4759-afd2-1e78bff688c2" testListId="8c84fa94-04c1-424b-9868-57a2d4851a1d" />
    <TestEntry testId="13bfd25c-530d-b3aa-7ad5-94811111ffa4" executionId="ed71aab3-e508-4162-89ce-890629413856" testListId="8c84fa94-04c1-424b-9868-57a2d4851a1d" />
    <TestEntry testId="5f913000-aa25-e109-e1b0-3c21d31dd7b0" executionId="0ee5e690-5914-4e8b-ba2d-2d597c877363" testListId="8c84fa94-04c1-424b-9868-57a2d4851a1d" />
    <TestEntry testId="7baf3962-44d8-6194-693b-4140541095ce" executionId="04d0dc6b-41a8-46e5-bcfd-665d28e05cde" testListId="8c84fa94-04c1-424b-9868-57a2d4851a1d" />
    <TestEntry testId="5cd28f78-1552-9670-f987-69808253a3c4" executionId="a4321427-ab5b-4311-9b20-e17fede202b1" testListId="8c84fa94-04c1-424b-9868-57a2d4851a1d" />
  </TestEntries>
  <TestLists>
    <TestList name="Results Not in a List" id="8c84fa94-04c1-424b-9868-57a2d4851a1d" />
    <TestList name="All Loaded Results" id="19431567-8539-422a-85d7-44ee4e166bda" />
  </TestLists>
  <ResultSummary outcome="Completed">
    <Counters total="7" executed="7" passed="7" failed="0" error="0" timeout="0" aborted="0" inconclusive="0" passedButRunAborted="0" notRunnable="0" notExecuted="0" disconnected="0" warning="0" completed="0" inProgress="0" pending="0" />
    <Output>
      <StdOut>[xUnit.net 00:00:00.00] xUnit.net VSTest Adapter v3.1.5+1b188a7b0a (64-bit .NET 10.0.11)
[xUnit.net 00:00:00.09]   Discovering: ModelService.IntegrationTests
[xUnit.net 00:00:00.12]   Discovered:  ModelService.IntegrationTests
[xUnit.net 00:00:00.13]   Starting:    ModelService.IntegrationTests
[testcontainers.org 00:00:00.09] Connected to Docker:
  Host: unix:///var/run/docker.sock
  Server Version: 29.7.2
  Kernel Version: 6.18.44-1-lts
  API Version: 1.55
  Operating System: Arch Linux
  Total Memory: 60.48 GB
[testcontainers.org 00:00:00.52] Docker container 3cc08d56cd99 created
[testcontainers.org 00:00:00.55] Start Docker container 3cc08d56cd99
[testcontainers.org 00:00:00.85] Wait for Docker container 3cc08d56cd99 to complete readiness checks
[testcontainers.org 00:00:01.87] Docker container 3cc08d56cd99 ready
[testcontainers.org 00:00:02.03] Docker container 05d8e8e10ac0 created
[testcontainers.org 00:00:02.03] Start Docker container 05d8e8e10ac0
[testcontainers.org 00:00:02.21] Wait for Docker container 05d8e8e10ac0 to complete readiness checks
[testcontainers.org 00:00:02.21] Execute "pg_isready --host localhost --dbname model_service --username model_service" at Docker container 05d8e8e10ac0
[testcontainers.org 00:00:03.24] Execute "pg_isready --host localhost --dbname model_service --username model_service" at Docker container 05d8e8e10ac0
[testcontainers.org 00:00:04.26] Execute "pg_isready --host localhost --dbname model_service --username model_service" at Docker container 05d8e8e10ac0
[testcontainers.org 00:00:04.28] Docker container 05d8e8e10ac0 ready
[testcontainers.org 00:00:04.43] Delete Docker container 05d8e8e10ac0
[testcontainers.org 00:00:04.89] Docker container 636a16e4ce25 created
[testcontainers.org 00:00:04.89] Start Docker container 636a16e4ce25
[testcontainers.org 00:00:05.05] Wait for Docker container 636a16e4ce25 to complete readiness checks
[testcontainers.org 00:00:05.05] Execute "pg_isready --host localhost --dbname model_service --username model_service" at Docker container 636a16e4ce25
[testcontainers.org 00:00:06.07] Execute "pg_isready --host localhost --dbname model_service --username model_service" at Docker container 636a16e4ce25
[testcontainers.org 00:00:07.12] Execute "pg_isready --host localhost --dbname model_service --username model_service" at Docker container 636a16e4ce25
[testcontainers.org 00:00:08.15] Execute "pg_isready --host localhost --dbname model_service --username model_service" at Docker container 636a16e4ce25
[testcontainers.org 00:00:08.17] Docker container 636a16e4ce25 ready
[testcontainers.org 00:00:08.26] Delete Docker container 636a16e4ce25
[testcontainers.org 00:00:09.04] Docker container 5a390d8a277c created
[testcontainers.org 00:00:09.04] Start Docker container 5a390d8a277c
[testcontainers.org 00:00:09.04] Docker container 19755ad48291 created
[testcontainers.org 00:00:09.04] Start Docker container 19755ad48291
[testcontainers.org 00:00:09.26] Add file to tar archive: Content length: 131 byte(s), Target file: "/testcontainers.sh", UID: 0, GID: 0, Mode: 0755
[testcontainers.org 00:00:09.26] Copy tar archive to container: Content length: 131 byte(s), Docker container: 19755ad48291
[testcontainers.org 00:00:09.27] Wait for Docker container 19755ad48291 to complete readiness checks
[testcontainers.org 00:00:09.27] Wait for Docker container 5a390d8a277c to complete readiness checks
[testcontainers.org 00:00:09.27] Execute "pg_isready --host localhost --dbname model_service --username model_service" at Docker container 5a390d8a277c
[testcontainers.org 00:00:10.34] Execute "pg_isready --host localhost --dbname model_service --username model_service" at Docker container 5a390d8a277c
[testcontainers.org 00:00:11.36] Execute "pg_isready --host localhost --dbname model_service --username model_service" at Docker container 5a390d8a277c
[testcontainers.org 00:00:12.39] Execute "pg_isready --host localhost --dbname model_service --username model_service" at Docker container 5a390d8a277c
[testcontainers.org 00:00:12.41] Docker container 5a390d8a277c ready
[testcontainers.org 00:00:13.28] Docker container 19755ad48291 ready
[testcontainers.org 00:00:14.63] Delete Docker container 5a390d8a277c
[testcontainers.org 00:00:14.63] Delete Docker container 19755ad48291
[testcontainers.org 00:00:15.26] Docker container 22fc7e6dbc2a created
[testcontainers.org 00:00:15.26] Start Docker container 22fc7e6dbc2a
[testcontainers.org 00:00:15.26] Docker container 91eecbf5fa58 created
[testcontainers.org 00:00:15.26] Start Docker container 91eecbf5fa58
[testcontainers.org 00:00:15.37] Wait for Docker container 22fc7e6dbc2a to complete readiness checks
[testcontainers.org 00:00:15.37] Execute "pg_isready --host localhost --dbname model_service --username model_service" at Docker container 22fc7e6dbc2a
[testcontainers.org 00:00:15.39] Add file to tar archive: Content length: 131 byte(s), Target file: "/testcontainers.sh", UID: 0, GID: 0, Mode: 0755
[testcontainers.org 00:00:15.39] Copy tar archive to container: Content length: 131 byte(s), Docker container: 91eecbf5fa58
[testcontainers.org 00:00:15.39] Wait for Docker container 91eecbf5fa58 to complete readiness checks
[testcontainers.org 00:00:16.39] Execute "pg_isready --host localhost --dbname model_service --username model_service" at Docker container 22fc7e6dbc2a
[testcontainers.org 00:00:17.40] Execute "pg_isready --host localhost --dbname model_service --username model_service" at Docker container 22fc7e6dbc2a
[testcontainers.org 00:00:17.42] Docker container 22fc7e6dbc2a ready
[testcontainers.org 00:00:18.39] Docker container 91eecbf5fa58 ready
[testcontainers.org 00:00:21.79] Delete Docker container 91eecbf5fa58
[testcontainers.org 00:00:21.79] Delete Docker container 22fc7e6dbc2a
[testcontainers.org 00:00:22.45] Docker container f807b53d5945 created
[testcontainers.org 00:00:22.45] Start Docker container f807b53d5945
[testcontainers.org 00:00:22.61] Wait for Docker container f807b53d5945 to complete readiness checks
[testcontainers.org 00:00:22.61] Execute "pg_isready --host localhost --dbname model_service --username model_service" at Docker container f807b53d5945
[testcontainers.org 00:00:23.64] Execute "pg_isready --host localhost --dbname model_service --username model_service" at Docker container f807b53d5945
[testcontainers.org 00:00:24.67] Execute "pg_isready --host localhost --dbname model_service --username model_service" at Docker container f807b53d5945
[testcontainers.org 00:00:25.68] Execute "pg_isready --host localhost --dbname model_service --username model_service" at Docker container f807b53d5945
[testcontainers.org 00:00:25.73] Docker container f807b53d5945 ready
info: Microsoft.Hosting.Lifetime[0]
      Application started. Press Ctrl+C to shut down.
info: Microsoft.Hosting.Lifetime[0]
      Hosting environment: Testing
info: Microsoft.Hosting.Lifetime[0]
      Content root path: /mnt/rickebo-p/workspace-manager/.worktrees/workspace-manager-fix_knowledge-production-generation-resolver/services/model-service/src/ModelService.Api
info: Microsoft.AspNetCore.Hosting.Diagnostics[1]
      Request starting HTTP/1.1 POST http://localhost/v1/workspaces/018f1000-0000-7000-8000-000000000001/model-endpoints - application/json;+charset=utf-8 178
info: Microsoft.AspNetCore.Routing.EndpointMiddleware[0]
      Executing endpoint 'HTTP: POST /v1/workspaces/{workspaceId:guid}/model-endpoints =&gt; CreateEndpointAsync'
info: Microsoft.AspNetCore.Http.Result.CreatedResult[1]
      Setting HTTP status code 201.
info: Microsoft.AspNetCore.Http.Result.CreatedResult[3]
      Writing value of type 'ProviderEndpointResponse' as Json.
info: Microsoft.AspNetCore.Routing.EndpointMiddleware[1]
      Executed endpoint 'HTTP: POST /v1/workspaces/{workspaceId:guid}/model-endpoints =&gt; CreateEndpointAsync'
info: Microsoft.AspNetCore.Hosting.Diagnostics[2]
      Request finished HTTP/1.1 POST http://localhost/v1/workspaces/018f1000-0000-7000-8000-000000000001/model-endpoints - 201 - application/json;+charset=utf-8 184.6190ms
info: Microsoft.AspNetCore.Hosting.Diagnostics[1]
      Request starting HTTP/1.1 POST http://localhost/v1/workspaces/018f1000-0000-7000-8000-000000000001/model-endpoints - application/json;+charset=utf-8 178
info: Microsoft.AspNetCore.Hosting.Diagnostics[2]
      Request finished HTTP/1.1 POST http://localhost/v1/workspaces/018f1000-0000-7000-8000-000000000001/model-endpoints - 201 - application/json 2.4438ms
info: Microsoft.AspNetCore.Hosting.Diagnostics[1]
      Request starting HTTP/1.1 POST http://localhost/v1/workspaces/018f1000-0000-7000-8000-000000000001/model-configurations - application/json;+charset=utf-8 239
info: Microsoft.AspNetCore.Routing.EndpointMiddleware[0]
      Executing endpoint 'HTTP: POST /v1/workspaces/{workspaceId:guid}/model-configurations =&gt; CreateConfigurationAsync'
info: Microsoft.AspNetCore.Http.Result.CreatedResult[1]
      Setting HTTP status code 201.
info: Microsoft.AspNetCore.Http.Result.CreatedResult[3]
      Writing value of type 'ModelConfigurationResponse' as Json.
info: Microsoft.AspNetCore.Routing.EndpointMiddleware[1]
      Executed endpoint 'HTTP: POST /v1/workspaces/{workspaceId:guid}/model-configurations =&gt; CreateConfigurationAsync'
info: Microsoft.AspNetCore.Hosting.Diagnostics[2]
      Request finished HTTP/1.1 POST http://localhost/v1/workspaces/018f1000-0000-7000-8000-000000000001/model-configurations - 201 - application/json;+charset=utf-8 63.2790ms
info: Microsoft.AspNetCore.Hosting.Diagnostics[1]
      Request starting HTTP/1.1 POST http://localhost/v1/workspaces/018f1000-0000-7000-8000-000000000001/model-credentials - application/json;+charset=utf-8 198
info: Microsoft.AspNetCore.Routing.EndpointMiddleware[0]
      Executing endpoint 'HTTP: POST /v1/workspaces/{workspaceId:guid}/model-credentials =&gt; CreateCredentialAsync'
info: Microsoft.AspNetCore.Http.Result.CreatedResult[1]
      Setting HTTP status code 201.
info: Microsoft.AspNetCore.Http.Result.CreatedResult[3]
      Writing value of type 'CredentialResponse' as Json.
info: Microsoft.AspNetCore.Routing.EndpointMiddleware[1]
      Executed endpoint 'HTTP: POST /v1/workspaces/{workspaceId:guid}/model-credentials =&gt; CreateCredentialAsync'
info: Microsoft.AspNetCore.Hosting.Diagnostics[2]
      Request finished HTTP/1.1 POST http://localhost/v1/workspaces/018f1000-0000-7000-8000-000000000001/model-credentials - 201 - application/json;+charset=utf-8 14.6233ms
info: Microsoft.AspNetCore.Hosting.Diagnostics[1]
      Request starting HTTP/1.1 PUT http://localhost/v1/workspaces/018f1000-0000-7000-8000-000000000001/model-policy - application/json;+charset=utf-8 340
info: Microsoft.AspNetCore.Routing.EndpointMiddleware[0]
      Executing endpoint 'HTTP: PUT /v1/workspaces/{workspaceId:guid}/model-policy =&gt; PutPolicyAsync'
info: Microsoft.AspNetCore.Http.Result.OkObjectResult[1]
      Setting HTTP status code 200.
info: Microsoft.AspNetCore.Http.Result.OkObjectResult[3]
      Writing value of type 'WorkspaceModelPolicyResponse' as Json.
info: Microsoft.AspNetCore.Routing.EndpointMiddleware[1]
      Executed endpoint 'HTTP: PUT /v1/workspaces/{workspaceId:guid}/model-policy =&gt; PutPolicyAsync'
info: Microsoft.AspNetCore.Hosting.Diagnostics[2]
      Request finished HTTP/1.1 PUT http://localhost/v1/workspaces/018f1000-0000-7000-8000-000000000001/model-policy - 200 - application/json;+charset=utf-8 14.2930ms
info: Microsoft.AspNetCore.Hosting.Diagnostics[1]
      Request starting HTTP/1.1 POST http://localhost/v1/workspaces/018f1000-0000-7000-8000-000000000001/model-configurations - application/json;+charset=utf-8 243
info: Microsoft.AspNetCore.Routing.EndpointMiddleware[0]
      Executing endpoint 'HTTP: POST /v1/workspaces/{workspaceId:guid}/model-configurations =&gt; CreateConfigurationAsync'
info: Microsoft.AspNetCore.Http.Result.CreatedResult[1]
      Setting HTTP status code 201.
info: Microsoft.AspNetCore.Http.Result.CreatedResult[3]
      Writing value of type 'ModelConfigurationResponse' as Json.
info: Microsoft.AspNetCore.Routing.EndpointMiddleware[1]
      Executed endpoint 'HTTP: POST /v1/workspaces/{workspaceId:guid}/model-configurations =&gt; CreateConfigurationAsync'
info: Microsoft.AspNetCore.Hosting.Diagnostics[2]
      Request finished HTTP/1.1 POST http://localhost/v1/workspaces/018f1000-0000-7000-8000-000000000001/model-configurations - 201 - application/json;+charset=utf-8 1.3732ms
info: Microsoft.Hosting.Lifetime[0]
      Application is shutting down...
[testcontainers.org 00:00:26.26] Delete Docker container f807b53d5945
[testcontainers.org 00:00:26.96] Docker container fa8f4514dcea created
[testcontainers.org 00:00:26.96] Start Docker container fa8f4514dcea
[testcontainers.org 00:00:27.16] Wait for Docker container fa8f4514dcea to complete readiness checks
[testcontainers.org 00:00:27.16] Execute "pg_isready --host localhost --dbname model_service --username model_service" at Docker container fa8f4514dcea
[testcontainers.org 00:00:28.21] Execute "pg_isready --host localhost --dbname model_service --username model_service" at Docker container fa8f4514dcea
[testcontainers.org 00:00:29.24] Execute "pg_isready --host localhost --dbname model_service --username model_service" at Docker container fa8f4514dcea
[testcontainers.org 00:00:30.26] Execute "pg_isready --host localhost --dbname model_service --username model_service" at Docker container fa8f4514dcea
[testcontainers.org 00:00:30.29] Docker container fa8f4514dcea ready
info: Microsoft.Hosting.Lifetime[0]
      Application started. Press Ctrl+C to shut down.
info: Microsoft.Hosting.Lifetime[0]
      Hosting environment: Testing
info: Microsoft.Hosting.Lifetime[0]
      Content root path: /mnt/rickebo-p/workspace-manager/.worktrees/workspace-manager-fix_knowledge-production-generation-resolver/services/model-service/src/ModelService.Api
info: Microsoft.AspNetCore.Hosting.Diagnostics[1]
      Request starting HTTP/1.1 POST http://localhost/v1/workspaces/018f1000-0000-7000-8000-000000000001/model-endpoints - application/json;+charset=utf-8 178
info: Microsoft.AspNetCore.Routing.EndpointMiddleware[0]
      Executing endpoint 'HTTP: POST /v1/workspaces/{workspaceId:guid}/model-endpoints =&gt; CreateEndpointAsync'
info: Microsoft.AspNetCore.Http.Result.CreatedResult[1]
      Setting HTTP status code 201.
info: Microsoft.AspNetCore.Http.Result.CreatedResult[3]
      Writing value of type 'ProviderEndpointResponse' as Json.
info: Microsoft.AspNetCore.Routing.EndpointMiddleware[1]
      Executed endpoint 'HTTP: POST /v1/workspaces/{workspaceId:guid}/model-endpoints =&gt; CreateEndpointAsync'
info: Microsoft.AspNetCore.Hosting.Diagnostics[2]
      Request finished HTTP/1.1 POST http://localhost/v1/workspaces/018f1000-0000-7000-8000-000000000001/model-endpoints - 201 - application/json;+charset=utf-8 78.3067ms
info: Microsoft.AspNetCore.Hosting.Diagnostics[1]
      Request starting HTTP/1.1 POST http://localhost/v1/workspaces/018f1000-0000-7000-8000-000000000001/model-endpoints - application/json;+charset=utf-8 178
info: Microsoft.AspNetCore.Hosting.Diagnostics[2]
      Request finished HTTP/1.1 POST http://localhost/v1/workspaces/018f1000-0000-7000-8000-000000000001/model-endpoints - 201 - application/json 1.4662ms
info: Microsoft.AspNetCore.Hosting.Diagnostics[1]
      Request starting HTTP/1.1 POST http://localhost/v1/workspaces/018f1000-0000-7000-8000-000000000001/model-configurations - application/json;+charset=utf-8 239
info: Microsoft.AspNetCore.Routing.EndpointMiddleware[0]
      Executing endpoint 'HTTP: POST /v1/workspaces/{workspaceId:guid}/model-configurations =&gt; CreateConfigurationAsync'
info: Microsoft.AspNetCore.Http.Result.CreatedResult[1]
      Setting HTTP status code 201.
info: Microsoft.AspNetCore.Http.Result.CreatedResult[3]
      Writing value of type 'ModelConfigurationResponse' as Json.
info: Microsoft.AspNetCore.Routing.EndpointMiddleware[1]
      Executed endpoint 'HTTP: POST /v1/workspaces/{workspaceId:guid}/model-configurations =&gt; CreateConfigurationAsync'
info: Microsoft.AspNetCore.Hosting.Diagnostics[2]
      Request finished HTTP/1.1 POST http://localhost/v1/workspaces/018f1000-0000-7000-8000-000000000001/model-configurations - 201 - application/json;+charset=utf-8 2.2975ms
info: Microsoft.AspNetCore.Hosting.Diagnostics[1]
      Request starting HTTP/1.1 POST http://localhost/v1/workspaces/018f1000-0000-7000-8000-000000000001/model-credentials - application/json;+charset=utf-8 200
info: Microsoft.AspNetCore.Routing.EndpointMiddleware[0]
      Executing endpoint 'HTTP: POST /v1/workspaces/{workspaceId:guid}/model-credentials =&gt; CreateCredentialAsync'
info: Microsoft.AspNetCore.Http.Result.CreatedResult[1]
      Setting HTTP status code 201.
info: Microsoft.AspNetCore.Http.Result.CreatedResult[3]
      Writing value of type 'CredentialResponse' as Json.
info: Microsoft.AspNetCore.Routing.EndpointMiddleware[1]
      Executed endpoint 'HTTP: POST /v1/workspaces/{workspaceId:guid}/model-credentials =&gt; CreateCredentialAsync'
info: Microsoft.AspNetCore.Hosting.Diagnostics[2]
      Request finished HTTP/1.1 POST http://localhost/v1/workspaces/018f1000-0000-7000-8000-000000000001/model-credentials - 201 - application/json;+charset=utf-8 1.4589ms
info: Microsoft.AspNetCore.Hosting.Diagnostics[1]
      Request starting HTTP/1.1 PUT http://localhost/v1/workspaces/018f1000-0000-7000-8000-000000000001/model-policy - application/json;+charset=utf-8 340
info: Microsoft.AspNetCore.Routing.EndpointMiddleware[0]
      Executing endpoint 'HTTP: PUT /v1/workspaces/{workspaceId:guid}/model-policy =&gt; PutPolicyAsync'
info: Microsoft.AspNetCore.Http.Result.OkObjectResult[1]
      Setting HTTP status code 200.
info: Microsoft.AspNetCore.Http.Result.OkObjectResult[3]
      Writing value of type 'WorkspaceModelPolicyResponse' as Json.
info: Microsoft.AspNetCore.Routing.EndpointMiddleware[1]
      Executed endpoint 'HTTP: PUT /v1/workspaces/{workspaceId:guid}/model-policy =&gt; PutPolicyAsync'
info: Microsoft.AspNetCore.Hosting.Diagnostics[2]
      Request finished HTTP/1.1 PUT http://localhost/v1/workspaces/018f1000-0000-7000-8000-000000000001/model-policy - 200 - application/json;+charset=utf-8 2.1733ms
info: Microsoft.AspNetCore.Hosting.Diagnostics[1]
      Request starting HTTP/1.1 GET http://localhost/internal/v1/workspaces/018f1000-0000-7000-8000-000000000001/knowledge-generation - - -
info: Microsoft.AspNetCore.Routing.EndpointMiddleware[0]
      Executing endpoint 'HTTP: GET /internal/v1/workspaces/{workspaceId:guid}/knowledge-generation =&gt; GetKnowledgeGenerationAsync'
info: Microsoft.AspNetCore.Routing.EndpointMiddleware[1]
      Executed endpoint 'HTTP: GET /internal/v1/workspaces/{workspaceId:guid}/knowledge-generation =&gt; GetKnowledgeGenerationAsync'
info: Microsoft.AspNetCore.Hosting.Diagnostics[2]
      Request finished HTTP/1.1 GET http://localhost/internal/v1/workspaces/018f1000-0000-7000-8000-000000000001/knowledge-generation - 401 - application/json;+charset=utf-8 2.7521ms
info: Microsoft.AspNetCore.Hosting.Diagnostics[1]
      Request starting HTTP/1.1 GET http://localhost/internal/v1/workspaces/01a0411f-7d0b-7749-a618-65414bf7fd23/knowledge-generation - - -
info: Microsoft.AspNetCore.Routing.EndpointMiddleware[0]
      Executing endpoint 'HTTP: GET /internal/v1/workspaces/{workspaceId:guid}/knowledge-generation =&gt; GetKnowledgeGenerationAsync'
info: Microsoft.AspNetCore.Routing.EndpointMiddleware[1]
      Executed endpoint 'HTTP: GET /internal/v1/workspaces/{workspaceId:guid}/knowledge-generation =&gt; GetKnowledgeGenerationAsync'
info: Microsoft.AspNetCore.Hosting.Diagnostics[2]
      Request finished HTTP/1.1 GET http://localhost/internal/v1/workspaces/01a0411f-7d0b-7749-a618-65414bf7fd23/knowledge-generation - 401 - application/json;+charset=utf-8 0.4868ms
info: Microsoft.AspNetCore.Hosting.Diagnostics[1]
      Request starting HTTP/1.1 GET http://localhost/internal/v1/workspaces/018f1000-0000-7000-8000-000000000001/knowledge-generation - - -
info: Microsoft.AspNetCore.Routing.EndpointMiddleware[0]
      Executing endpoint 'HTTP: GET /internal/v1/workspaces/{workspaceId:guid}/knowledge-generation =&gt; GetKnowledgeGenerationAsync'
info: Microsoft.AspNetCore.Routing.EndpointMiddleware[1]
      Executed endpoint 'HTTP: GET /internal/v1/workspaces/{workspaceId:guid}/knowledge-generation =&gt; GetKnowledgeGenerationAsync'
info: Microsoft.AspNetCore.Hosting.Diagnostics[2]
      Request finished HTTP/1.1 GET http://localhost/internal/v1/workspaces/018f1000-0000-7000-8000-000000000001/knowledge-generation - 401 - application/json;+charset=utf-8 0.3534ms
info: Microsoft.AspNetCore.Hosting.Diagnostics[1]
      Request starting HTTP/1.1 GET http://localhost/internal/v1/workspaces/018f1000-0000-7000-8000-000000000001/knowledge-generation - - -
info: Microsoft.AspNetCore.Routing.EndpointMiddleware[0]
      Executing endpoint 'HTTP: GET /internal/v1/workspaces/{workspaceId:guid}/knowledge-generation =&gt; GetKnowledgeGenerationAsync'
info: Microsoft.AspNetCore.Routing.EndpointMiddleware[1]
      Executed endpoint 'HTTP: GET /internal/v1/workspaces/{workspaceId:guid}/knowledge-generation =&gt; GetKnowledgeGenerationAsync'
info: Microsoft.AspNetCore.Hosting.Diagnostics[2]
      Request finished HTTP/1.1 GET http://localhost/internal/v1/workspaces/018f1000-0000-7000-8000-000000000001/knowledge-generation - 401 - application/json;+charset=utf-8 0.0541ms
info: Microsoft.AspNetCore.Hosting.Diagnostics[1]
      Request starting HTTP/1.1 GET http://localhost/internal/v1/workspaces/018f1000-0000-7000-8000-000000000001/knowledge-generation - - -
info: Microsoft.AspNetCore.Routing.EndpointMiddleware[0]
      Executing endpoint 'HTTP: GET /internal/v1/workspaces/{workspaceId:guid}/knowledge-generation =&gt; GetKnowledgeGenerationAsync'
info: Microsoft.AspNetCore.Http.Result.OkObjectResult[1]
      Setting HTTP status code 200.
info: Microsoft.AspNetCore.Http.Result.OkObjectResult[3]
      Writing value of type 'KnowledgeGenerationResponse' as Json.
info: Microsoft.AspNetCore.Routing.EndpointMiddleware[1]
      Executed endpoint 'HTTP: GET /internal/v1/workspaces/{workspaceId:guid}/knowledge-generation =&gt; GetKnowledgeGenerationAsync'
info: Microsoft.AspNetCore.Hosting.Diagnostics[2]
      Request finished HTTP/1.1 GET http://localhost/internal/v1/workspaces/018f1000-0000-7000-8000-000000000001/knowledge-generation - 200 - application/json;+charset=utf-8 2.4140ms
info: Microsoft.AspNetCore.Hosting.Diagnostics[1]
      Request starting HTTP/1.1 GET http://localhost/internal/v1/workspaces/018f1000-0000-7000-8000-000000000001/knowledge-generation - - -
info: Microsoft.AspNetCore.Routing.EndpointMiddleware[0]
      Executing endpoint 'HTTP: GET /internal/v1/workspaces/{workspaceId:guid}/knowledge-generation =&gt; GetKnowledgeGenerationAsync'
info: Microsoft.AspNetCore.Routing.EndpointMiddleware[1]
      Executed endpoint 'HTTP: GET /internal/v1/workspaces/{workspaceId:guid}/knowledge-generation =&gt; GetKnowledgeGenerationAsync'
info: Microsoft.AspNetCore.Hosting.Diagnostics[2]
      Request finished HTTP/1.1 GET http://localhost/internal/v1/workspaces/018f1000-0000-7000-8000-000000000001/knowledge-generation - 401 - application/json;+charset=utf-8 0.1080ms
info: Microsoft.AspNetCore.Hosting.Diagnostics[1]
      Request starting HTTP/1.1 GET http://localhost/internal/v1/workspaces/018f1000-0000-7000-8000-000000000001/knowledge-generation - - -
info: Microsoft.AspNetCore.Routing.EndpointMiddleware[0]
      Executing endpoint 'HTTP: GET /internal/v1/workspaces/{workspaceId:guid}/knowledge-generation =&gt; GetKnowledgeGenerationAsync'
info: Microsoft.AspNetCore.Routing.EndpointMiddleware[1]
      Executed endpoint 'HTTP: GET /internal/v1/workspaces/{workspaceId:guid}/knowledge-generation =&gt; GetKnowledgeGenerationAsync'
info: Microsoft.AspNetCore.Hosting.Diagnostics[2]
      Request finished HTTP/1.1 GET http://localhost/internal/v1/workspaces/018f1000-0000-7000-8000-000000000001/knowledge-generation - 401 - application/json;+charset=utf-8 0.1120ms
info: Microsoft.AspNetCore.Hosting.Diagnostics[1]
      Request starting HTTP/1.1 GET http://localhost/internal/v1/workspaces/018f1000-0000-7000-8000-000000000001/knowledge-generation - - -
info: Microsoft.AspNetCore.Routing.EndpointMiddleware[0]
      Executing endpoint 'HTTP: GET /internal/v1/workspaces/{workspaceId:guid}/knowledge-generation =&gt; GetKnowledgeGenerationAsync'
info: Microsoft.AspNetCore.Http.Result.OkObjectResult[1]
      Setting HTTP status code 200.
info: Microsoft.AspNetCore.Http.Result.OkObjectResult[3]
      Writing value of type 'KnowledgeGenerationResponse' as Json.
info: Microsoft.AspNetCore.Routing.EndpointMiddleware[1]
      Executed endpoint 'HTTP: GET /internal/v1/workspaces/{workspaceId:guid}/knowledge-generation =&gt; GetKnowledgeGenerationAsync'
info: Microsoft.AspNetCore.Hosting.Diagnostics[2]
      Request finished HTTP/1.1 GET http://localhost/internal/v1/workspaces/018f1000-0000-7000-8000-000000000001/knowledge-generation - 200 - application/json;+charset=utf-8 0.7658ms
info: Microsoft.AspNetCore.Hosting.Diagnostics[1]
      Request starting HTTP/1.1 GET http://localhost/internal/v1/workspaces/018f1000-0000-7000-8000-000000000001/knowledge-generation - - -
info: Microsoft.AspNetCore.Routing.EndpointMiddleware[0]
      Executing endpoint 'HTTP: GET /internal/v1/workspaces/{workspaceId:guid}/knowledge-generation =&gt; GetKnowledgeGenerationAsync'
info: Microsoft.AspNetCore.Routing.EndpointMiddleware[1]
      Executed endpoint 'HTTP: GET /internal/v1/workspaces/{workspaceId:guid}/knowledge-generation =&gt; GetKnowledgeGenerationAsync'
info: Microsoft.AspNetCore.Hosting.Diagnostics[2]
      Request finished HTTP/1.1 GET http://localhost/internal/v1/workspaces/018f1000-0000-7000-8000-000000000001/knowledge-generation - 401 - application/json;+charset=utf-8 0.4007ms
info: Microsoft.AspNetCore.Hosting.Diagnostics[1]
      Request starting HTTP/1.1 POST http://localhost/internal/v1/workspaces/018f1000-0000-7000-8000-000000000001/knowledge-generation - application/json;+charset=utf-8 2
info: Microsoft.AspNetCore.Routing.EndpointMiddleware[0]
      Executing endpoint '405 HTTP Method Not Supported'
info: Microsoft.AspNetCore.Routing.EndpointMiddleware[1]
      Executed endpoint '405 HTTP Method Not Supported'
info: Microsoft.AspNetCore.Hosting.Diagnostics[2]
      Request finished HTTP/1.1 POST http://localhost/internal/v1/workspaces/018f1000-0000-7000-8000-000000000001/knowledge-generation - 405 - - 0.1294ms
info: Microsoft.AspNetCore.Hosting.Diagnostics[1]
      Request starting HTTP/1.1 GET http://localhost/internal/v1/workspaces/018f1000-0000-7000-8000-000000000001/knowledge-generation - - -
info: Microsoft.AspNetCore.Routing.EndpointMiddleware[0]
      Executing endpoint 'HTTP: GET /internal/v1/workspaces/{workspaceId:guid}/knowledge-generation =&gt; GetKnowledgeGenerationAsync'
info: Microsoft.AspNetCore.Http.Result.OkObjectResult[1]
      Setting HTTP status code 200.
info: Microsoft.AspNetCore.Http.Result.OkObjectResult[3]
      Writing value of type 'KnowledgeGenerationResponse' as Json.
info: Microsoft.AspNetCore.Routing.EndpointMiddleware[1]
      Executed endpoint 'HTTP: GET /internal/v1/workspaces/{workspaceId:guid}/knowledge-generation =&gt; GetKnowledgeGenerationAsync'
info: Microsoft.AspNetCore.Hosting.Diagnostics[2]
      Request finished HTTP/1.1 GET http://localhost/internal/v1/workspaces/018f1000-0000-7000-8000-000000000001/knowledge-generation - 200 - application/json;+charset=utf-8 0.6867ms
info: Microsoft.Hosting.Lifetime[0]
      Application is shutting down...
[testcontainers.org 00:00:30.46] Delete Docker container fa8f4514dcea
[testcontainers.org 00:00:31.04] Docker container 9fe09b4612f0 created
[testcontainers.org 00:00:31.04] Start Docker container 9fe09b4612f0
[testcontainers.org 00:00:31.16] Wait for Docker container 9fe09b4612f0 to complete readiness checks
[testcontainers.org 00:00:31.16] Execute "pg_isready --host localhost --dbname model_service --username model_service" at Docker container 9fe09b4612f0
[testcontainers.org 00:00:32.17] Execute "pg_isready --host localhost --dbname model_service --username model_service" at Docker container 9fe09b4612f0
[testcontainers.org 00:00:33.19] Execute "pg_isready --host localhost --dbname model_service --username model_service" at Docker container 9fe09b4612f0
[testcontainers.org 00:00:33.21] Docker container 9fe09b4612f0 ready
info: Microsoft.Hosting.Lifetime[0]
      Application started. Press Ctrl+C to shut down.
info: Microsoft.Hosting.Lifetime[0]
      Hosting environment: Testing
info: Microsoft.Hosting.Lifetime[0]
      Content root path: /mnt/rickebo-p/workspace-manager/.worktrees/workspace-manager-fix_knowledge-production-generation-resolver/services/model-service/src/ModelService.Api
info: Microsoft.AspNetCore.Hosting.Diagnostics[1]
      Request starting HTTP/1.1 POST http://localhost/v1/workspaces/018f1000-0000-7000-8000-000000000001/model-endpoints - application/json;+charset=utf-8 178
info: Microsoft.AspNetCore.Routing.EndpointMiddleware[0]
      Executing endpoint 'HTTP: POST /v1/workspaces/{workspaceId:guid}/model-endpoints =&gt; CreateEndpointAsync'
info: Microsoft.AspNetCore.Http.Result.CreatedResult[1]
      Setting HTTP status code 201.
info: Microsoft.AspNetCore.Http.Result.CreatedResult[3]
      Writing value of type 'ProviderEndpointResponse' as Json.
info: Microsoft.AspNetCore.Routing.EndpointMiddleware[1]
      Executed endpoint 'HTTP: POST /v1/workspaces/{workspaceId:guid}/model-endpoints =&gt; CreateEndpointAsync'
info: Microsoft.AspNetCore.Hosting.Diagnostics[2]
      Request finished HTTP/1.1 POST http://localhost/v1/workspaces/018f1000-0000-7000-8000-000000000001/model-endpoints - 201 - application/json;+charset=utf-8 28.6263ms
info: Microsoft.AspNetCore.Hosting.Diagnostics[1]
      Request starting HTTP/1.1 POST http://localhost/v1/workspaces/018f1000-0000-7000-8000-000000000001/model-endpoints - application/json;+charset=utf-8 178
info: Microsoft.AspNetCore.Hosting.Diagnostics[2]
      Request finished HTTP/1.1 POST http://localhost/v1/workspaces/018f1000-0000-7000-8000-000000000001/model-endpoints - 201 - application/json 1.3427ms
info: Microsoft.AspNetCore.Hosting.Diagnostics[1]
      Request starting HTTP/1.1 POST http://localhost/v1/workspaces/018f1000-0000-7000-8000-000000000001/model-configurations - application/json;+charset=utf-8 239
info: Microsoft.AspNetCore.Routing.EndpointMiddleware[0]
      Executing endpoint 'HTTP: POST /v1/workspaces/{workspaceId:guid}/model-configurations =&gt; CreateConfigurationAsync'
info: Microsoft.AspNetCore.Http.Result.CreatedResult[1]
      Setting HTTP status code 201.
info: Microsoft.AspNetCore.Http.Result.CreatedResult[3]
      Writing value of type 'ModelConfigurationResponse' as Json.
info: Microsoft.AspNetCore.Routing.EndpointMiddleware[1]
      Executed endpoint 'HTTP: POST /v1/workspaces/{workspaceId:guid}/model-configurations =&gt; CreateConfigurationAsync'
info: Microsoft.AspNetCore.Hosting.Diagnostics[2]
      Request finished HTTP/1.1 POST http://localhost/v1/workspaces/018f1000-0000-7000-8000-000000000001/model-configurations - 201 - application/json;+charset=utf-8 2.2093ms
info: Microsoft.AspNetCore.Hosting.Diagnostics[1]
      Request starting HTTP/1.1 POST http://localhost/v1/workspaces/018f1000-0000-7000-8000-000000000001/model-credentials - application/json;+charset=utf-8 199
info: Microsoft.AspNetCore.Routing.EndpointMiddleware[0]
      Executing endpoint 'HTTP: POST /v1/workspaces/{workspaceId:guid}/model-credentials =&gt; CreateCredentialAsync'
info: Microsoft.AspNetCore.Http.Result.CreatedResult[1]
      Setting HTTP status code 201.
info: Microsoft.AspNetCore.Http.Result.CreatedResult[3]
      Writing value of type 'CredentialResponse' as Json.
info: Microsoft.AspNetCore.Routing.EndpointMiddleware[1]
      Executed endpoint 'HTTP: POST /v1/workspaces/{workspaceId:guid}/model-credentials =&gt; CreateCredentialAsync'
info: Microsoft.AspNetCore.Hosting.Diagnostics[2]
      Request finished HTTP/1.1 POST http://localhost/v1/workspaces/018f1000-0000-7000-8000-000000000001/model-credentials - 201 - application/json;+charset=utf-8 1.2009ms
info: Microsoft.AspNetCore.Hosting.Diagnostics[1]
      Request starting HTTP/1.1 POST http://localhost/v1/workspaces/018f1000-0000-7000-8000-000000000001/model-credentials - application/json;+charset=utf-8 191
info: Microsoft.AspNetCore.Routing.EndpointMiddleware[0]
      Executing endpoint 'HTTP: POST /v1/workspaces/{workspaceId:guid}/model-credentials =&gt; CreateCredentialAsync'
info: Microsoft.AspNetCore.Http.Result.CreatedResult[1]
      Setting HTTP status code 201.
info: Microsoft.AspNetCore.Http.Result.CreatedResult[3]
      Writing value of type 'CredentialResponse' as Json.
info: Microsoft.AspNetCore.Routing.EndpointMiddleware[1]
      Executed endpoint 'HTTP: POST /v1/workspaces/{workspaceId:guid}/model-credentials =&gt; CreateCredentialAsync'
info: Microsoft.AspNetCore.Hosting.Diagnostics[2]
      Request finished HTTP/1.1 POST http://localhost/v1/workspaces/018f1000-0000-7000-8000-000000000001/model-credentials - 201 - application/json;+charset=utf-8 1.3674ms
info: Microsoft.AspNetCore.Hosting.Diagnostics[1]
      Request starting HTTP/1.1 PUT http://localhost/v1/workspaces/018f1000-0000-7000-8000-000000000001/model-policy - application/json;+charset=utf-8 340
info: Microsoft.AspNetCore.Routing.EndpointMiddleware[0]
      Executing endpoint 'HTTP: PUT /v1/workspaces/{workspaceId:guid}/model-policy =&gt; PutPolicyAsync'
info: Microsoft.AspNetCore.Http.Result.OkObjectResult[1]
      Setting HTTP status code 200.
info: Microsoft.AspNetCore.Http.Result.OkObjectResult[3]
      Writing value of type 'WorkspaceModelPolicyResponse' as Json.
info: Microsoft.AspNetCore.Routing.EndpointMiddleware[1]
      Executed endpoint 'HTTP: PUT /v1/workspaces/{workspaceId:guid}/model-policy =&gt; PutPolicyAsync'
info: Microsoft.AspNetCore.Hosting.Diagnostics[2]
      Request finished HTTP/1.1 PUT http://localhost/v1/workspaces/018f1000-0000-7000-8000-000000000001/model-policy - 200 - application/json;+charset=utf-8 1.7929ms
info: Microsoft.AspNetCore.Hosting.Diagnostics[1]
      Request starting HTTP/1.1 POST http://localhost/internal/v1/model-delegations - application/json;+charset=utf-8 661
info: Microsoft.AspNetCore.Routing.EndpointMiddleware[0]
      Executing endpoint 'HTTP: POST /internal/v1/model-delegations =&gt; CreateDelegationAsync'
info: Microsoft.AspNetCore.Http.Result.CreatedResult[1]
      Setting HTTP status code 201.
info: Microsoft.AspNetCore.Http.Result.CreatedResult[3]
      Writing value of type 'ModelDelegationResponse' as Json.
info: Microsoft.AspNetCore.Routing.EndpointMiddleware[1]
      Executed endpoint 'HTTP: POST /internal/v1/model-delegations =&gt; CreateDelegationAsync'
info: Microsoft.AspNetCore.Hosting.Diagnostics[2]
      Request finished HTTP/1.1 POST http://localhost/internal/v1/model-delegations - 201 - application/json;+charset=utf-8 13.3136ms
info: Microsoft.AspNetCore.Hosting.Diagnostics[1]
      Request starting HTTP/1.1 POST http://localhost/openai/v1/chat/completions - application/json;+charset=utf-8 131
info: Microsoft.AspNetCore.Routing.EndpointMiddleware[0]
      Executing endpoint 'HTTP: POST /openai/v1/chat/completions =&gt; ChatCompletionsAsync'
info: System.Net.Http.HttpClient.OpenAiCompatibleProviderClient.LogicalHandler[100]
      Start processing HTTP request POST http://127.0.0.1:39341/v1/chat/completions
info: System.Net.Http.HttpClient.OpenAiCompatibleProviderClient.ClientHandler[100]
      Sending HTTP request POST http://127.0.0.1:39341/v1/chat/completions
info: System.Net.Http.HttpClient.OpenAiCompatibleProviderClient.ClientHandler[101]
      Received HTTP response headers after 10.0453ms - 200
info: System.Net.Http.HttpClient.OpenAiCompatibleProviderClient.LogicalHandler[101]
      End processing HTTP request after 14.4719ms - 200
info: Microsoft.AspNetCore.Http.Result.JsonResult[3]
      Writing value of type 'JsonElement' as Json.
info: Microsoft.AspNetCore.Routing.EndpointMiddleware[1]
      Executed endpoint 'HTTP: POST /openai/v1/chat/completions =&gt; ChatCompletionsAsync'
info: Microsoft.AspNetCore.Hosting.Diagnostics[2]
      Request finished HTTP/1.1 POST http://localhost/openai/v1/chat/completions - 200 - application/json;+charset=utf-8 32.0449ms
info: Microsoft.AspNetCore.Hosting.Diagnostics[1]
      Request starting HTTP/1.1 POST http://localhost/internal/v1/model-delegations - application/json;+charset=utf-8 687
info: Microsoft.AspNetCore.Routing.EndpointMiddleware[0]
      Executing endpoint 'HTTP: POST /internal/v1/model-delegations =&gt; CreateDelegationAsync'
info: Microsoft.AspNetCore.Http.Result.CreatedResult[1]
      Setting HTTP status code 201.
info: Microsoft.AspNetCore.Http.Result.CreatedResult[3]
      Writing value of type 'ModelDelegationResponse' as Json.
info: Microsoft.AspNetCore.Routing.EndpointMiddleware[1]
      Executed endpoint 'HTTP: POST /internal/v1/model-delegations =&gt; CreateDelegationAsync'
info: Microsoft.AspNetCore.Hosting.Diagnostics[2]
      Request finished HTTP/1.1 POST http://localhost/internal/v1/model-delegations - 201 - application/json;+charset=utf-8 2.9797ms
info: Microsoft.AspNetCore.Hosting.Diagnostics[1]
      Request starting HTTP/1.1 POST http://localhost/openai/v1/chat/completions - application/json;+charset=utf-8 131
info: Microsoft.AspNetCore.Routing.EndpointMiddleware[0]
      Executing endpoint 'HTTP: POST /openai/v1/chat/completions =&gt; ChatCompletionsAsync'
info: System.Net.Http.HttpClient.OpenAiCompatibleProviderClient.LogicalHandler[100]
      Start processing HTTP request POST http://127.0.0.1:39341/v1/chat/completions
info: System.Net.Http.HttpClient.OpenAiCompatibleProviderClient.ClientHandler[100]
      Sending HTTP request POST http://127.0.0.1:39341/v1/chat/completions
info: System.Net.Http.HttpClient.OpenAiCompatibleProviderClient.ClientHandler[101]
      Received HTTP response headers after 0.3563ms - 200
info: System.Net.Http.HttpClient.OpenAiCompatibleProviderClient.LogicalHandler[101]
      End processing HTTP request after 0.3858ms - 200
info: Microsoft.AspNetCore.Http.Result.JsonResult[3]
      Writing value of type 'JsonElement' as Json.
info: Microsoft.AspNetCore.Routing.EndpointMiddleware[1]
      Executed endpoint 'HTTP: POST /openai/v1/chat/completions =&gt; ChatCompletionsAsync'
info: Microsoft.AspNetCore.Hosting.Diagnostics[2]
      Request finished HTTP/1.1 POST http://localhost/openai/v1/chat/completions - 200 - application/json;+charset=utf-8 3.3446ms
info: Microsoft.AspNetCore.Hosting.Diagnostics[1]
      Request starting HTTP/1.1 POST http://localhost/v1/workspaces/018f1000-0000-7000-8000-000000000001/model-credentials/01a0411f-8824-75e0-9a8d-f87786f0ce85/rotations - application/json;+charset=utf-8 33
info: Microsoft.AspNetCore.Routing.EndpointMiddleware[0]
      Executing endpoint 'HTTP: POST /v1/workspaces/{workspaceId:guid}/model-credentials/{credentialId:guid}/rotations =&gt; RotateCredentialAsync'
info: Microsoft.AspNetCore.Http.Result.OkObjectResult[1]
      Setting HTTP status code 200.
info: Microsoft.AspNetCore.Http.Result.OkObjectResult[3]
      Writing value of type 'CredentialResponse' as Json.
info: Microsoft.AspNetCore.Routing.EndpointMiddleware[1]
      Executed endpoint 'HTTP: POST /v1/workspaces/{workspaceId:guid}/model-credentials/{credentialId:guid}/rotations =&gt; RotateCredentialAsync'
info: Microsoft.AspNetCore.Hosting.Diagnostics[2]
      Request finished HTTP/1.1 POST http://localhost/v1/workspaces/018f1000-0000-7000-8000-000000000001/model-credentials/01a0411f-8824-75e0-9a8d-f87786f0ce85/rotations - 200 - application/json;+charset=utf-8 4.7716ms
info: Microsoft.AspNetCore.Hosting.Diagnostics[1]
      Request starting HTTP/1.1 POST http://localhost/internal/v1/model-delegations - application/json;+charset=utf-8 687
info: Microsoft.AspNetCore.Routing.EndpointMiddleware[0]
      Executing endpoint 'HTTP: POST /internal/v1/model-delegations =&gt; CreateDelegationAsync'
info: Microsoft.AspNetCore.Http.Result.CreatedResult[1]
      Setting HTTP status code 201.
info: Microsoft.AspNetCore.Http.Result.CreatedResult[3]
      Writing value of type 'ModelDelegationResponse' as Json.
info: Microsoft.AspNetCore.Routing.EndpointMiddleware[1]
      Executed endpoint 'HTTP: POST /internal/v1/model-delegations =&gt; CreateDelegationAsync'
info: Microsoft.AspNetCore.Hosting.Diagnostics[2]
      Request finished HTTP/1.1 POST http://localhost/internal/v1/model-delegations - 201 - application/json;+charset=utf-8 1.0062ms
info: Microsoft.AspNetCore.Hosting.Diagnostics[1]
      Request starting HTTP/1.1 POST http://localhost/openai/v1/chat/completions - application/json;+charset=utf-8 131
info: Microsoft.AspNetCore.Routing.EndpointMiddleware[0]
      Executing endpoint 'HTTP: POST /openai/v1/chat/completions =&gt; ChatCompletionsAsync'
info: System.Net.Http.HttpClient.OpenAiCompatibleProviderClient.LogicalHandler[100]
      Start processing HTTP request POST http://127.0.0.1:39341/v1/chat/completions
info: System.Net.Http.HttpClient.OpenAiCompatibleProviderClient.ClientHandler[100]
      Sending HTTP request POST http://127.0.0.1:39341/v1/chat/completions
info: System.Net.Http.HttpClient.OpenAiCompatibleProviderClient.ClientHandler[101]
      Received HTTP response headers after 0.1112ms - 200
info: System.Net.Http.HttpClient.OpenAiCompatibleProviderClient.LogicalHandler[101]
      End processing HTTP request after 0.1337ms - 200
info: Microsoft.AspNetCore.Http.Result.JsonResult[3]
      Writing value of type 'JsonElement' as Json.
info: Microsoft.AspNetCore.Routing.EndpointMiddleware[1]
      Executed endpoint 'HTTP: POST /openai/v1/chat/completions =&gt; ChatCompletionsAsync'
info: Microsoft.AspNetCore.Hosting.Diagnostics[2]
      Request finished HTTP/1.1 POST http://localhost/openai/v1/chat/completions - 200 - application/json;+charset=utf-8 2.1814ms
info: Microsoft.AspNetCore.Hosting.Diagnostics[1]
      Request starting HTTP/1.1 GET http://localhost/v1/workspaces/018f1000-0000-7000-8000-000000000001/model-usage - - -
info: Microsoft.AspNetCore.Routing.EndpointMiddleware[0]
      Executing endpoint 'HTTP: GET /v1/workspaces/{workspaceId:guid}/model-usage =&gt; ListUsageAsync'
info: Microsoft.AspNetCore.Http.Result.OkObjectResult[1]
      Setting HTTP status code 200.
info: Microsoft.AspNetCore.Http.Result.OkObjectResult[3]
      Writing value of type '&lt;&gt;f__AnonymousType2`2' as Json.
info: Microsoft.AspNetCore.Routing.EndpointMiddleware[1]
      Executed endpoint 'HTTP: GET /v1/workspaces/{workspaceId:guid}/model-usage =&gt; ListUsageAsync'
info: Microsoft.AspNetCore.Hosting.Diagnostics[2]
      Request finished HTTP/1.1 GET http://localhost/v1/workspaces/018f1000-0000-7000-8000-000000000001/model-usage - 200 - application/json;+charset=utf-8 3.4884ms
info: Microsoft.AspNetCore.Hosting.Diagnostics[1]
      Request starting HTTP/1.1 DELETE http://localhost/v1/workspaces/018f1000-0000-7000-8000-000000000001/model-credentials/01a0411f-8823-77e0-99df-1784134baa0b - - -
info: Microsoft.AspNetCore.Routing.EndpointMiddleware[0]
      Executing endpoint 'HTTP: DELETE /v1/workspaces/{workspaceId:guid}/model-credentials/{credentialId:guid} =&gt; RevokeCredentialAsync'
info: Microsoft.AspNetCore.Http.Result.NoContentResult[1]
      Setting HTTP status code 204.
info: Microsoft.AspNetCore.Routing.EndpointMiddleware[1]
      Executed endpoint 'HTTP: DELETE /v1/workspaces/{workspaceId:guid}/model-credentials/{credentialId:guid} =&gt; RevokeCredentialAsync'
info: Microsoft.AspNetCore.Hosting.Diagnostics[2]
      Request finished HTTP/1.1 DELETE http://localhost/v1/workspaces/018f1000-0000-7000-8000-000000000001/model-credentials/01a0411f-8823-77e0-99df-1784134baa0b - 204 - - 4.0072ms
info: Microsoft.AspNetCore.Hosting.Diagnostics[1]
      Request starting HTTP/1.1 POST http://localhost/openai/v1/chat/completions - application/json;+charset=utf-8 131
info: Microsoft.AspNetCore.Routing.EndpointMiddleware[0]
      Executing endpoint 'HTTP: POST /openai/v1/chat/completions =&gt; ChatCompletionsAsync'
info: Microsoft.AspNetCore.Routing.EndpointMiddleware[1]
      Executed endpoint 'HTTP: POST /openai/v1/chat/completions =&gt; ChatCompletionsAsync'
info: Microsoft.AspNetCore.Hosting.Diagnostics[2]
      Request finished HTTP/1.1 POST http://localhost/openai/v1/chat/completions - 401 - application/json;+charset=utf-8 0.5864ms
info: Microsoft.Hosting.Lifetime[0]
      Application is shutting down...
[testcontainers.org 00:00:33.38] Delete Docker container 9fe09b4612f0
[xUnit.net 00:00:34.03]   Finished:    ModelService.IntegrationTests
</StdOut>
    </Output>
  </ResultSummary>
</TestRun>