<?xml version="1.0" encoding="utf-8"?>
<TestRun id="e1cb22c9-d306-4046-b704-6dbda095fe1b" name="@RICKEBO 2026-08-27 04:29:09" xmlns="http://microsoft.com/schemas/VisualStudio/TeamTest/2010">
  <Times creation="2026-08-27T04:29:09.9120749+02:00" queuing="2026-08-27T04:29:09.9120749+02:00" start="2026-08-27T04:29:09.3671822+02:00" finish="2026-08-27T04:29:09.9426604+02:00" />
  <TestSettings name="default" id="1a7ac967-6cbf-4f4b-a566-68d1a9ac30e9">
    <Deployment runDeploymentRoot="_RICKEBO_2026-08-27_04_29_09" />
  </TestSettings>
  <Results>
    <UnitTestResult executionId="665766bb-9061-4b80-9641-c60d221cd2b2" testId="91caafb5-4a2a-4866-cf65-c652c2734ed5" testName="KnowledgeService.DomainTests.GraphDeltaTests.Unsupported_merge_is_an_explicit_cold_fallback" computerName="RICKEBO" duration="00:00:00.0012396" startTime="2026-08-27T04:29:09.8908751+02:00" endTime="2026-08-27T04:29:09.8909038+02:00" testType="13cdc9d9-ddb5-4fa4-a97d-d965ccfc6d4b" outcome="Passed" testListId="8c84fa94-04c1-424b-9868-57a2d4851a1d" relativeResultsDirectory="665766bb-9061-4b80-9641-c60d221cd2b2" />
    <UnitTestResult executionId="1d75077f-7ff8-475a-b64e-0ee5b45d2295" testId="377a4d8a-444e-8693-69ee-3b5f83be947e" testName="KnowledgeService.DomainTests.GraphDeltaTests.Incremental_variants_are_logically_equivalent_to_cold_results(change: &quot;add&quot;)" computerName="RICKEBO" duration="00:00:00.0000379" startTime="2026-08-27T04:29:09.8900940+02:00" endTime="2026-08-27T04:29:09.8901145+02:00" testType="13cdc9d9-ddb5-4fa4-a97d-d965ccfc6d4b" outcome="Passed" testListId="8c84fa94-04c1-424b-9868-57a2d4851a1d" relativeResultsDirectory="1d75077f-7ff8-475a-b64e-0ee5b45d2295" />
    <UnitTestResult executionId="43324641-2a5c-4823-8ef2-beea490d5ebf" testId="628fa2ec-4ea6-6a5c-6dc0-1d94a0bddcb9" testName="KnowledgeService.DomainTests.GraphDeltaTests.Force_update_reuses_nearest_compatible_ancestor" computerName="RICKEBO" duration="00:00:00.0201755" startTime="2026-08-27T04:29:09.8539883+02:00" endTime="2026-08-27T04:29:09.8770886+02:00" testType="13cdc9d9-ddb5-4fa4-a97d-d965ccfc6d4b" outcome="Passed" testListId="8c84fa94-04c1-424b-9868-57a2d4851a1d" relativeResultsDirectory="43324641-2a5c-4823-8ef2-beea490d5ebf" />
    <UnitTestResult executionId="5363fea3-521a-430a-a6c6-ee7bf606272a" testId="47a34316-261a-7709-522f-dfc84731954c" testName="KnowledgeService.DomainTests.GraphDeltaTests.Supported_merge_uses_compatible_parent_without_blind_union" computerName="RICKEBO" duration="00:00:00.0001212" startTime="2026-08-27T04:29:09.8903489+02:00" endTime="2026-08-27T04:29:09.8903724+02:00" testType="13cdc9d9-ddb5-4fa4-a97d-d965ccfc6d4b" outcome="Passed" testListId="8c84fa94-04c1-424b-9868-57a2d4851a1d" relativeResultsDirectory="5363fea3-521a-430a-a6c6-ee7bf606272a" />
    <UnitTestResult executionId="910bee7e-11bf-4d7d-b9b2-b9331f35f5c3" testId="b4c197f3-9cda-e0bb-a145-e04831bf4ad1" testName="KnowledgeService.DomainTests.ProcessingAndPlanningTests.Build_state_machine_rejects_terminal_or_skipped_transitions(current: Superseded, next: Succeeded, allowed: False)" computerName="RICKEBO" duration="00:00:00.0000030" startTime="2026-08-27T04:29:09.8833865+02:00" endTime="2026-08-27T04:29:09.8834052+02:00" testType="13cdc9d9-ddb5-4fa4-a97d-d965ccfc6d4b" outcome="Passed" testListId="8c84fa94-04c1-424b-9868-57a2d4851a1d" relativeResultsDirectory="910bee7e-11bf-4d7d-b9b2-b9331f35f5c3" />
    <UnitTestResult executionId="047f7a30-fbb7-4160-99bd-7e1a11047ef6" testId="da439a3a-d4fa-3c84-6e11-33f6ea1c152d" testName="KnowledgeService.DomainTests.GraphDeltaTests.Checkpoint_chain_is_bounded(deltaCount: 49, expected: False)" computerName="RICKEBO" duration="00:00:00.0002172" startTime="2026-08-27T04:29:09.8901625+02:00" endTime="2026-08-27T04:29:09.8901864+02:00" testType="13cdc9d9-ddb5-4fa4-a97d-d965ccfc6d4b" outcome="Passed" testListId="8c84fa94-04c1-424b-9868-57a2d4851a1d" relativeResultsDirectory="047f7a30-fbb7-4160-99bd-7e1a11047ef6" />
    <UnitTestResult executionId="d7a54110-d17b-4631-81cf-e1f1abf4ea37" testId="76ce4a2c-370c-7e10-2d5f-1e33f02e8776" testName="KnowledgeService.DomainTests.ProcessingAndPlanningTests.Build_state_machine_rejects_terminal_or_skipped_transitions(current: Failed, next: Publishing, allowed: False)" computerName="RICKEBO" duration="00:00:00.0201823" startTime="2026-08-27T04:29:09.8532520+02:00" endTime="2026-08-27T04:29:09.8790378+02:00" testType="13cdc9d9-ddb5-4fa4-a97d-d965ccfc6d4b" outcome="Passed" testListId="8c84fa94-04c1-424b-9868-57a2d4851a1d" relativeResultsDirectory="d7a54110-d17b-4631-81cf-e1f1abf4ea37" />
    <UnitTestResult executionId="45f5fadf-55dd-467d-a391-2634b861c81d" testId="330d8c1b-92bc-af8d-9bae-65bc358db106" testName="KnowledgeService.DomainTests.GraphDeltaTests.Incremental_variants_are_logically_equivalent_to_cold_results(change: &quot;modify&quot;)" computerName="RICKEBO" duration="00:00:00.0000500" startTime="2026-08-27T04:29:09.8898358+02:00" endTime="2026-08-27T04:29:09.8898699+02:00" testType="13cdc9d9-ddb5-4fa4-a97d-d965ccfc6d4b" outcome="Passed" testListId="8c84fa94-04c1-424b-9868-57a2d4851a1d" relativeResultsDirectory="45f5fadf-55dd-467d-a391-2634b861c81d" />
    <UnitTestResult executionId="0e173617-5e83-4344-b8e9-79c65b10b476" testId="a8a72cd5-bc27-5694-762e-d9239fb95dcb" testName="KnowledgeService.DomainTests.ProcessingAndPlanningTests.Base_selection_prefers_direct_parent_and_records_rejections" computerName="RICKEBO" duration="00:00:00.0012882" startTime="2026-08-27T04:29:09.8835221+02:00" endTime="2026-08-27T04:29:09.8835410+02:00" testType="13cdc9d9-ddb5-4fa4-a97d-d965ccfc6d4b" outcome="Passed" testListId="8c84fa94-04c1-424b-9868-57a2d4851a1d" relativeResultsDirectory="0e173617-5e83-4344-b8e9-79c65b10b476" />
    <UnitTestResult executionId="af929e0d-281d-482f-9626-751dc704c9d0" testId="9d23e7eb-f6f1-f473-c1ef-b977ed597a19" testName="KnowledgeService.DomainTests.GraphDeltaTests.Incremental_variants_are_logically_equivalent_to_cold_results(change: &quot;rename&quot;)" computerName="RICKEBO" duration="00:00:00.0000344" startTime="2026-08-27T04:29:09.8899785+02:00" endTime="2026-08-27T04:29:09.8900007+02:00" testType="13cdc9d9-ddb5-4fa4-a97d-d965ccfc6d4b" outcome="Passed" testListId="8c84fa94-04c1-424b-9868-57a2d4851a1d" relativeResultsDirectory="af929e0d-281d-482f-9626-751dc704c9d0" />
    <UnitTestResult executionId="8d479cf6-4810-4e48-b3dc-43fea72956b3" testId="0168c9aa-b1cb-159c-2d91-3888222c02dd" testName="KnowledgeService.DomainTests.GraphDeltaTests.Incremental_variants_are_logically_equivalent_to_cold_results(change: &quot;copy&quot;)" computerName="RICKEBO" duration="00:00:00.0002208" startTime="2026-08-27T04:29:09.8839797+02:00" endTime="2026-08-27T04:29:09.8842476+02:00" testType="13cdc9d9-ddb5-4fa4-a97d-d965ccfc6d4b" outcome="Passed" testListId="8c84fa94-04c1-424b-9868-57a2d4851a1d" relativeResultsDirectory="8d479cf6-4810-4e48-b3dc-43fea72956b3" />
    <UnitTestResult executionId="4f7485c2-c3d8-4ff3-a93c-8597be5e8fcb" testId="4f216b0b-8aa3-2eaa-dbcf-9305e0a24762" testName="KnowledgeService.DomainTests.ProcessingAndPlanningTests.Build_state_machine_rejects_terminal_or_skipped_transitions(current: Validating, next: Publishing, allowed: True)" computerName="RICKEBO" duration="00:00:00.0001878" startTime="2026-08-27T04:29:09.8828821+02:00" endTime="2026-08-27T04:29:09.8832438+02:00" testType="13cdc9d9-ddb5-4fa4-a97d-d965ccfc6d4b" outcome="Passed" testListId="8c84fa94-04c1-424b-9868-57a2d4851a1d" relativeResultsDirectory="4f7485c2-c3d8-4ff3-a93c-8597be5e8fcb" />
    <UnitTestResult executionId="1bc94e5e-49c4-43b9-925c-2c50b5a05ca2" testId="378bb97d-da3b-3738-3a7d-cd216f695254" testName="KnowledgeService.DomainTests.GraphDeltaTests.Incremental_variants_are_logically_equivalent_to_cold_results(change: &quot;delete&quot;)" computerName="RICKEBO" duration="00:00:00.0045154" startTime="2026-08-27T04:29:09.8832221+02:00" endTime="2026-08-27T04:29:09.8839261+02:00" testType="13cdc9d9-ddb5-4fa4-a97d-d965ccfc6d4b" outcome="Passed" testListId="8c84fa94-04c1-424b-9868-57a2d4851a1d" relativeResultsDirectory="1bc94e5e-49c4-43b9-925c-2c50b5a05ca2" />
    <UnitTestResult executionId="1f7f0ef4-d95b-40d7-8731-951f7a8cdd76" testId="8f4e955a-3f9c-9d8b-b1f1-a40eb039fc60" testName="KnowledgeService.DomainTests.ProcessingAndPlanningTests.Build_state_machine_rejects_terminal_or_skipped_transitions(current: Queued, next: Acquiring, allowed: True)" computerName="RICKEBO" duration="00:00:00.0000008" startTime="2026-08-27T04:29:09.8834443+02:00" endTime="2026-08-27T04:29:09.8834623+02:00" testType="13cdc9d9-ddb5-4fa4-a97d-d965ccfc6d4b" outcome="Passed" testListId="8c84fa94-04c1-424b-9868-57a2d4851a1d" relativeResultsDirectory="1f7f0ef4-d95b-40d7-8731-951f7a8cdd76" />
    <UnitTestResult executionId="0bda3dda-2f28-4700-9c77-6e467fe68071" testId="bf58847e-f0bb-9ae4-45f4-413b8fe8b89f" testName="KnowledgeService.DomainTests.ProcessingAndPlanningTests.Processing_generation_is_deterministic_and_every_input_affects_it" computerName="RICKEBO" duration="00:00:00.0020280" startTime="2026-08-27T04:29:09.8835820+02:00" endTime="2026-08-27T04:29:09.8836119+02:00" testType="13cdc9d9-ddb5-4fa4-a97d-d965ccfc6d4b" outcome="Passed" testListId="8c84fa94-04c1-424b-9868-57a2d4851a1d" relativeResultsDirectory="0bda3dda-2f28-4700-9c77-6e467fe68071" />
    <UnitTestResult executionId="f7f8aad1-8ac1-4448-9af7-97bdbf171f9b" testId="d2cb036c-53fa-8f4b-9ef4-5beb25a3a029" testName="KnowledgeService.DomainTests.GraphDeltaTests.Exact_snapshot_on_another_track_reuses_publication_without_processor_work" computerName="RICKEBO" duration="00:00:00.0000623" startTime="2026-08-27T04:29:09.8904156+02:00" endTime="2026-08-27T04:29:09.8904357+02:00" testType="13cdc9d9-ddb5-4fa4-a97d-d965ccfc6d4b" outcome="Passed" testListId="8c84fa94-04c1-424b-9868-57a2d4851a1d" relativeResultsDirectory="f7f8aad1-8ac1-4448-9af7-97bdbf171f9b" />
    <UnitTestResult executionId="1f4af99e-29eb-4bc2-8eb2-7ced62a15c09" testId="0176c483-d7a4-625f-40ff-783f235b7e00" testName="KnowledgeService.DomainTests.GraphDeltaTests.Incremental_delta_materializes_to_same_normalized_graph_as_cold_build" computerName="RICKEBO" duration="00:00:00.0041539" startTime="2026-08-27T04:29:09.8902869+02:00" endTime="2026-08-27T04:29:09.8903065+02:00" testType="13cdc9d9-ddb5-4fa4-a97d-d965ccfc6d4b" outcome="Passed" testListId="8c84fa94-04c1-424b-9868-57a2d4851a1d" relativeResultsDirectory="1f4af99e-29eb-4bc2-8eb2-7ced62a15c09" />
    <UnitTestResult executionId="c65255da-7926-4bb4-9c28-2a2938d3f245" testId="95dc3d0e-f7aa-3cf5-0275-0aedcb3c9d64" testName="KnowledgeService.DomainTests.GraphDeltaTests.Incremental_variants_are_logically_equivalent_to_cold_results(change: &quot;type_change&quot;)" computerName="RICKEBO" duration="00:00:00.0001407" startTime="2026-08-27T04:29:09.8900390+02:00" endTime="2026-08-27T04:29:09.8900613+02:00" testType="13cdc9d9-ddb5-4fa4-a97d-d965ccfc6d4b" outcome="Passed" testListId="8c84fa94-04c1-424b-9868-57a2d4851a1d" relativeResultsDirectory="c65255da-7926-4bb4-9c28-2a2938d3f245" />
    <UnitTestResult executionId="f81a763e-d7b7-469e-a6eb-9f8cae2cea3d" testId="9e8276a9-cd2e-3ad7-499f-33314d992eba" testName="KnowledgeService.DomainTests.GraphDeltaTests.Checkpoint_chain_is_bounded(deltaCount: 50, expected: True)" computerName="RICKEBO" duration="00:00:00.0001388" startTime="2026-08-27T04:29:09.8902204+02:00" endTime="2026-08-27T04:29:09.8902398+02:00" testType="13cdc9d9-ddb5-4fa4-a97d-d965ccfc6d4b" outcome="Passed" testListId="8c84fa94-04c1-424b-9868-57a2d4851a1d" relativeResultsDirectory="f81a763e-d7b7-469e-a6eb-9f8cae2cea3d" />
  </Results>
  <TestDefinitions>
    <UnitTest name="KnowledgeService.DomainTests.GraphDeltaTests.Exact_snapshot_on_another_track_reuses_publication_without_processor_work" storage="/mnt/rickebo-p/workspace-manager/.worktrees/workspace-manager-fix_knowledge-production-generation-resolver/tests/knowledge-service/knowledgeservice.domaintests/bin/release/net10.0/knowledgeservice.domaintests.dll" id="d2cb036c-53fa-8f4b-9ef4-5beb25a3a029">
      <Execution id="f7f8aad1-8ac1-4448-9af7-97bdbf171f9b" />
      <TestMethod codeBase="/mnt/rickebo-p/workspace-manager/.worktrees/workspace-manager-fix_knowledge-production-generation-resolver/tests/knowledge-service/KnowledgeService.DomainTests/bin/Release/net10.0/KnowledgeService.DomainTests.dll" adapterTypeName="executor://xunit/VsTestRunner3/netcore/" className="KnowledgeService.DomainTests.GraphDeltaTests" name="Exact_snapshot_on_another_track_reuses_publication_without_processor_work" />
    </UnitTest>
    <UnitTest name="KnowledgeService.DomainTests.GraphDeltaTests.Checkpoint_chain_is_bounded(deltaCount: 50, expected: True)" storage="/mnt/rickebo-p/workspace-manager/.worktrees/workspace-manager-fix_knowledge-production-generation-resolver/tests/knowledge-service/knowledgeservice.domaintests/bin/release/net10.0/knowledgeservice.domaintests.dll" id="9e8276a9-cd2e-3ad7-499f-33314d992eba">
      <Execution id="f81a763e-d7b7-469e-a6eb-9f8cae2cea3d" />
      <TestMethod codeBase="/mnt/rickebo-p/workspace-manager/.worktrees/workspace-manager-fix_knowledge-production-generation-resolver/tests/knowledge-service/KnowledgeService.DomainTests/bin/Release/net10.0/KnowledgeService.DomainTests.dll" adapterTypeName="executor://xunit/VsTestRunner3/netcore/" className="KnowledgeService.DomainTests.GraphDeltaTests" name="Checkpoint_chain_is_bounded" />
    </UnitTest>
    <UnitTest name="KnowledgeService.DomainTests.GraphDeltaTests.Checkpoint_chain_is_bounded(deltaCount: 49, expected: False)" storage="/mnt/rickebo-p/workspace-manager/.worktrees/workspace-manager-fix_knowledge-production-generation-resolver/tests/knowledge-service/knowledgeservice.domaintests/bin/release/net10.0/knowledgeservice.domaintests.dll" id="da439a3a-d4fa-3c84-6e11-33f6ea1c152d">
      <Execution id="047f7a30-fbb7-4160-99bd-7e1a11047ef6" />
      <TestMethod codeBase="/mnt/rickebo-p/workspace-manager/.worktrees/workspace-manager-fix_knowledge-production-generation-resolver/tests/knowledge-service/KnowledgeService.DomainTests/bin/Release/net10.0/KnowledgeService.DomainTests.dll" adapterTypeName="executor://xunit/VsTestRunner3/netcore/" className="KnowledgeService.DomainTests.GraphDeltaTests" name="Checkpoint_chain_is_bounded" />
    </UnitTest>
    <UnitTest name="KnowledgeService.DomainTests.GraphDeltaTests.Incremental_variants_are_logically_equivalent_to_cold_results(change: &quot;rename&quot;)" storage="/mnt/rickebo-p/workspace-manager/.worktrees/workspace-manager-fix_knowledge-production-generation-resolver/tests/knowledge-service/knowledgeservice.domaintests/bin/release/net10.0/knowledgeservice.domaintests.dll" id="9d23e7eb-f6f1-f473-c1ef-b977ed597a19">
      <Execution id="af929e0d-281d-482f-9626-751dc704c9d0" />
      <TestMethod codeBase="/mnt/rickebo-p/workspace-manager/.worktrees/workspace-manager-fix_knowledge-production-generation-resolver/tests/knowledge-service/KnowledgeService.DomainTests/bin/Release/net10.0/KnowledgeService.DomainTests.dll" adapterTypeName="executor://xunit/VsTestRunner3/netcore/" className="KnowledgeService.DomainTests.GraphDeltaTests" name="Incremental_variants_are_logically_equivalent_to_cold_results" />
    </UnitTest>
    <UnitTest name="KnowledgeService.DomainTests.ProcessingAndPlanningTests.Build_state_machine_rejects_terminal_or_skipped_transitions(current: Queued, next: Acquiring, allowed: True)" storage="/mnt/rickebo-p/workspace-manager/.worktrees/workspace-manager-fix_knowledge-production-generation-resolver/tests/knowledge-service/knowledgeservice.domaintests/bin/release/net10.0/knowledgeservice.domaintests.dll" id="8f4e955a-3f9c-9d8b-b1f1-a40eb039fc60">
      <Execution id="1f7f0ef4-d95b-40d7-8731-951f7a8cdd76" />
      <TestMethod codeBase="/mnt/rickebo-p/workspace-manager/.worktrees/workspace-manager-fix_knowledge-production-generation-resolver/tests/knowledge-service/KnowledgeService.DomainTests/bin/Release/net10.0/KnowledgeService.DomainTests.dll" adapterTypeName="executor://xunit/VsTestRunner3/netcore/" className="KnowledgeService.DomainTests.ProcessingAndPlanningTests" name="Build_state_machine_rejects_terminal_or_skipped_transitions" />
    </UnitTest>
    <UnitTest name="KnowledgeService.DomainTests.GraphDeltaTests.Incremental_variants_are_logically_equivalent_to_cold_results(change: &quot;add&quot;)" storage="/mnt/rickebo-p/workspace-manager/.worktrees/workspace-manager-fix_knowledge-production-generation-resolver/tests/knowledge-service/knowledgeservice.domaintests/bin/release/net10.0/knowledgeservice.domaintests.dll" id="377a4d8a-444e-8693-69ee-3b5f83be947e">
      <Execution id="1d75077f-7ff8-475a-b64e-0ee5b45d2295" />
      <TestMethod codeBase="/mnt/rickebo-p/workspace-manager/.worktrees/workspace-manager-fix_knowledge-production-generation-resolver/tests/knowledge-service/KnowledgeService.DomainTests/bin/Release/net10.0/KnowledgeService.DomainTests.dll" adapterTypeName="executor://xunit/VsTestRunner3/netcore/" className="KnowledgeService.DomainTests.GraphDeltaTests" name="Incremental_variants_are_logically_equivalent_to_cold_results" />
    </UnitTest>
    <UnitTest name="KnowledgeService.DomainTests.GraphDeltaTests.Incremental_delta_materializes_to_same_normalized_graph_as_cold_build" storage="/mnt/rickebo-p/workspace-manager/.worktrees/workspace-manager-fix_knowledge-production-generation-resolver/tests/knowledge-service/knowledgeservice.domaintests/bin/release/net10.0/knowledgeservice.domaintests.dll" id="0176c483-d7a4-625f-40ff-783f235b7e00">
      <Execution id="1f4af99e-29eb-4bc2-8eb2-7ced62a15c09" />
      <TestMethod codeBase="/mnt/rickebo-p/workspace-manager/.worktrees/workspace-manager-fix_knowledge-production-generation-resolver/tests/knowledge-service/KnowledgeService.DomainTests/bin/Release/net10.0/KnowledgeService.DomainTests.dll" adapterTypeName="executor://xunit/VsTestRunner3/netcore/" className="KnowledgeService.DomainTests.GraphDeltaTests" name="Incremental_delta_materializes_to_same_normalized_graph_as_cold_build" />
    </UnitTest>
    <UnitTest name="KnowledgeService.DomainTests.ProcessingAndPlanningTests.Base_selection_prefers_direct_parent_and_records_rejections" storage="/mnt/rickebo-p/workspace-manager/.worktrees/workspace-manager-fix_knowledge-production-generation-resolver/tests/knowledge-service/knowledgeservice.domaintests/bin/release/net10.0/knowledgeservice.domaintests.dll" id="a8a72cd5-bc27-5694-762e-d9239fb95dcb">
      <Execution id="0e173617-5e83-4344-b8e9-79c65b10b476" />
      <TestMethod codeBase="/mnt/rickebo-p/workspace-manager/.worktrees/workspace-manager-fix_knowledge-production-generation-resolver/tests/knowledge-service/KnowledgeService.DomainTests/bin/Release/net10.0/KnowledgeService.DomainTests.dll" adapterTypeName="executor://xunit/VsTestRunner3/netcore/" className="KnowledgeService.DomainTests.ProcessingAndPlanningTests" name="Base_selection_prefers_direct_parent_and_records_rejections" />
    </UnitTest>
    <UnitTest name="KnowledgeService.DomainTests.ProcessingAndPlanningTests.Build_state_machine_rejects_terminal_or_skipped_transitions(current: Superseded, next: Succeeded, allowed: False)" storage="/mnt/rickebo-p/workspace-manager/.worktrees/workspace-manager-fix_knowledge-production-generation-resolver/tests/knowledge-service/knowledgeservice.domaintests/bin/release/net10.0/knowledgeservice.domaintests.dll" id="b4c197f3-9cda-e0bb-a145-e04831bf4ad1">
      <Execution id="910bee7e-11bf-4d7d-b9b2-b9331f35f5c3" />
      <TestMethod codeBase="/mnt/rickebo-p/workspace-manager/.worktrees/workspace-manager-fix_knowledge-production-generation-resolver/tests/knowledge-service/KnowledgeService.DomainTests/bin/Release/net10.0/KnowledgeService.DomainTests.dll" adapterTypeName="executor://xunit/VsTestRunner3/netcore/" className="KnowledgeService.DomainTests.ProcessingAndPlanningTests" name="Build_state_machine_rejects_terminal_or_skipped_transitions" />
    </UnitTest>
    <UnitTest name="KnowledgeService.DomainTests.ProcessingAndPlanningTests.Build_state_machine_rejects_terminal_or_skipped_transitions(current: Failed, next: Publishing, allowed: False)" storage="/mnt/rickebo-p/workspace-manager/.worktrees/workspace-manager-fix_knowledge-production-generation-resolver/tests/knowledge-service/knowledgeservice.domaintests/bin/release/net10.0/knowledgeservice.domaintests.dll" id="76ce4a2c-370c-7e10-2d5f-1e33f02e8776">
      <Execution id="d7a54110-d17b-4631-81cf-e1f1abf4ea37" />
      <TestMethod codeBase="/mnt/rickebo-p/workspace-manager/.worktrees/workspace-manager-fix_knowledge-production-generation-resolver/tests/knowledge-service/KnowledgeService.DomainTests/bin/Release/net10.0/KnowledgeService.DomainTests.dll" adapterTypeName="executor://xunit/VsTestRunner3/netcore/" className="KnowledgeService.DomainTests.ProcessingAndPlanningTests" name="Build_state_machine_rejects_terminal_or_skipped_transitions" />
    </UnitTest>
    <UnitTest name="KnowledgeService.DomainTests.GraphDeltaTests.Incremental_variants_are_logically_equivalent_to_cold_results(change: &quot;modify&quot;)" storage="/mnt/rickebo-p/workspace-manager/.worktrees/workspace-manager-fix_knowledge-production-generation-resolver/tests/knowledge-service/knowledgeservice.domaintests/bin/release/net10.0/knowledgeservice.domaintests.dll" id="330d8c1b-92bc-af8d-9bae-65bc358db106">
      <Execution id="45f5fadf-55dd-467d-a391-2634b861c81d" />
      <TestMethod codeBase="/mnt/rickebo-p/workspace-manager/.worktrees/workspace-manager-fix_knowledge-production-generation-resolver/tests/knowledge-service/KnowledgeService.DomainTests/bin/Release/net10.0/KnowledgeService.DomainTests.dll" adapterTypeName="executor://xunit/VsTestRunner3/netcore/" className="KnowledgeService.DomainTests.GraphDeltaTests" name="Incremental_variants_are_logically_equivalent_to_cold_results" />
    </UnitTest>
    <UnitTest name="KnowledgeService.DomainTests.GraphDeltaTests.Incremental_variants_are_logically_equivalent_to_cold_results(change: &quot;delete&quot;)" storage="/mnt/rickebo-p/workspace-manager/.worktrees/workspace-manager-fix_knowledge-production-generation-resolver/tests/knowledge-service/knowledgeservice.domaintests/bin/release/net10.0/knowledgeservice.domaintests.dll" id="378bb97d-da3b-3738-3a7d-cd216f695254">
      <Execution id="1bc94e5e-49c4-43b9-925c-2c50b5a05ca2" />
      <TestMethod codeBase="/mnt/rickebo-p/workspace-manager/.worktrees/workspace-manager-fix_knowledge-production-generation-resolver/tests/knowledge-service/KnowledgeService.DomainTests/bin/Release/net10.0/KnowledgeService.DomainTests.dll" adapterTypeName="executor://xunit/VsTestRunner3/netcore/" className="KnowledgeService.DomainTests.GraphDeltaTests" name="Incremental_variants_are_logically_equivalent_to_cold_results" />
    </UnitTest>
    <UnitTest name="KnowledgeService.DomainTests.GraphDeltaTests.Supported_merge_uses_compatible_parent_without_blind_union" storage="/mnt/rickebo-p/workspace-manager/.worktrees/workspace-manager-fix_knowledge-production-generation-resolver/tests/knowledge-service/knowledgeservice.domaintests/bin/release/net10.0/knowledgeservice.domaintests.dll" id="47a34316-261a-7709-522f-dfc84731954c">
      <Execution id="5363fea3-521a-430a-a6c6-ee7bf606272a" />
      <TestMethod codeBase="/mnt/rickebo-p/workspace-manager/.worktrees/workspace-manager-fix_knowledge-production-generation-resolver/tests/knowledge-service/KnowledgeService.DomainTests/bin/Release/net10.0/KnowledgeService.DomainTests.dll" adapterTypeName="executor://xunit/VsTestRunner3/netcore/" className="KnowledgeService.DomainTests.GraphDeltaTests" name="Supported_merge_uses_compatible_parent_without_blind_union" />
    </UnitTest>
    <UnitTest name="KnowledgeService.DomainTests.GraphDeltaTests.Force_update_reuses_nearest_compatible_ancestor" storage="/mnt/rickebo-p/workspace-manager/.worktrees/workspace-manager-fix_knowledge-production-generation-resolver/tests/knowledge-service/knowledgeservice.domaintests/bin/release/net10.0/knowledgeservice.domaintests.dll" id="628fa2ec-4ea6-6a5c-6dc0-1d94a0bddcb9">
      <Execution id="43324641-2a5c-4823-8ef2-beea490d5ebf" />
      <TestMethod codeBase="/mnt/rickebo-p/workspace-manager/.worktrees/workspace-manager-fix_knowledge-production-generation-resolver/tests/knowledge-service/KnowledgeService.DomainTests/bin/Release/net10.0/KnowledgeService.DomainTests.dll" adapterTypeName="executor://xunit/VsTestRunner3/netcore/" className="KnowledgeService.DomainTests.GraphDeltaTests" name="Force_update_reuses_nearest_compatible_ancestor" />
    </UnitTest>
    <UnitTest name="KnowledgeService.DomainTests.GraphDeltaTests.Unsupported_merge_is_an_explicit_cold_fallback" storage="/mnt/rickebo-p/workspace-manager/.worktrees/workspace-manager-fix_knowledge-production-generation-resolver/tests/knowledge-service/knowledgeservice.domaintests/bin/release/net10.0/knowledgeservice.domaintests.dll" id="91caafb5-4a2a-4866-cf65-c652c2734ed5">
      <Execution id="665766bb-9061-4b80-9641-c60d221cd2b2" />
      <TestMethod codeBase="/mnt/rickebo-p/workspace-manager/.worktrees/workspace-manager-fix_knowledge-production-generation-resolver/tests/knowledge-service/KnowledgeService.DomainTests/bin/Release/net10.0/KnowledgeService.DomainTests.dll" adapterTypeName="executor://xunit/VsTestRunner3/netcore/" className="KnowledgeService.DomainTests.GraphDeltaTests" name="Unsupported_merge_is_an_explicit_cold_fallback" />
    </UnitTest>
    <UnitTest name="KnowledgeService.DomainTests.ProcessingAndPlanningTests.Build_state_machine_rejects_terminal_or_skipped_transitions(current: Validating, next: Publishing, allowed: True)" storage="/mnt/rickebo-p/workspace-manager/.worktrees/workspace-manager-fix_knowledge-production-generation-resolver/tests/knowledge-service/knowledgeservice.domaintests/bin/release/net10.0/knowledgeservice.domaintests.dll" id="4f216b0b-8aa3-2eaa-dbcf-9305e0a24762">
      <Execution id="4f7485c2-c3d8-4ff3-a93c-8597be5e8fcb" />
      <TestMethod codeBase="/mnt/rickebo-p/workspace-manager/.worktrees/workspace-manager-fix_knowledge-production-generation-resolver/tests/knowledge-service/KnowledgeService.DomainTests/bin/Release/net10.0/KnowledgeService.DomainTests.dll" adapterTypeName="executor://xunit/VsTestRunner3/netcore/" className="KnowledgeService.DomainTests.ProcessingAndPlanningTests" name="Build_state_machine_rejects_terminal_or_skipped_transitions" />
    </UnitTest>
    <UnitTest name="KnowledgeService.DomainTests.GraphDeltaTests.Incremental_variants_are_logically_equivalent_to_cold_results(change: &quot;type_change&quot;)" storage="/mnt/rickebo-p/workspace-manager/.worktrees/workspace-manager-fix_knowledge-production-generation-resolver/tests/knowledge-service/knowledgeservice.domaintests/bin/release/net10.0/knowledgeservice.domaintests.dll" id="95dc3d0e-f7aa-3cf5-0275-0aedcb3c9d64">
      <Execution id="c65255da-7926-4bb4-9c28-2a2938d3f245" />
      <TestMethod codeBase="/mnt/rickebo-p/workspace-manager/.worktrees/workspace-manager-fix_knowledge-production-generation-resolver/tests/knowledge-service/KnowledgeService.DomainTests/bin/Release/net10.0/KnowledgeService.DomainTests.dll" adapterTypeName="executor://xunit/VsTestRunner3/netcore/" className="KnowledgeService.DomainTests.GraphDeltaTests" name="Incremental_variants_are_logically_equivalent_to_cold_results" />
    </UnitTest>
    <UnitTest name="KnowledgeService.DomainTests.GraphDeltaTests.Incremental_variants_are_logically_equivalent_to_cold_results(change: &quot;copy&quot;)" storage="/mnt/rickebo-p/workspace-manager/.worktrees/workspace-manager-fix_knowledge-production-generation-resolver/tests/knowledge-service/knowledgeservice.domaintests/bin/release/net10.0/knowledgeservice.domaintests.dll" id="0168c9aa-b1cb-159c-2d91-3888222c02dd">
      <Execution id="8d479cf6-4810-4e48-b3dc-43fea72956b3" />
      <TestMethod codeBase="/mnt/rickebo-p/workspace-manager/.worktrees/workspace-manager-fix_knowledge-production-generation-resolver/tests/knowledge-service/KnowledgeService.DomainTests/bin/Release/net10.0/KnowledgeService.DomainTests.dll" adapterTypeName="executor://xunit/VsTestRunner3/netcore/" className="KnowledgeService.DomainTests.GraphDeltaTests" name="Incremental_variants_are_logically_equivalent_to_cold_results" />
    </UnitTest>
    <UnitTest name="KnowledgeService.DomainTests.ProcessingAndPlanningTests.Processing_generation_is_deterministic_and_every_input_affects_it" storage="/mnt/rickebo-p/workspace-manager/.worktrees/workspace-manager-fix_knowledge-production-generation-resolver/tests/knowledge-service/knowledgeservice.domaintests/bin/release/net10.0/knowledgeservice.domaintests.dll" id="bf58847e-f0bb-9ae4-45f4-413b8fe8b89f">
      <Execution id="0bda3dda-2f28-4700-9c77-6e467fe68071" />
      <TestMethod codeBase="/mnt/rickebo-p/workspace-manager/.worktrees/workspace-manager-fix_knowledge-production-generation-resolver/tests/knowledge-service/KnowledgeService.DomainTests/bin/Release/net10.0/KnowledgeService.DomainTests.dll" adapterTypeName="executor://xunit/VsTestRunner3/netcore/" className="KnowledgeService.DomainTests.ProcessingAndPlanningTests" name="Processing_generation_is_deterministic_and_every_input_affects_it" />
    </UnitTest>
  </TestDefinitions>
  <TestEntries>
    <TestEntry testId="91caafb5-4a2a-4866-cf65-c652c2734ed5" executionId="665766bb-9061-4b80-9641-c60d221cd2b2" testListId="8c84fa94-04c1-424b-9868-57a2d4851a1d" />
    <TestEntry testId="377a4d8a-444e-8693-69ee-3b5f83be947e" executionId="1d75077f-7ff8-475a-b64e-0ee5b45d2295" testListId="8c84fa94-04c1-424b-9868-57a2d4851a1d" />
    <TestEntry testId="628fa2ec-4ea6-6a5c-6dc0-1d94a0bddcb9" executionId="43324641-2a5c-4823-8ef2-beea490d5ebf" testListId="8c84fa94-04c1-424b-9868-57a2d4851a1d" />
    <TestEntry testId="47a34316-261a-7709-522f-dfc84731954c" executionId="5363fea3-521a-430a-a6c6-ee7bf606272a" testListId="8c84fa94-04c1-424b-9868-57a2d4851a1d" />
    <TestEntry testId="b4c197f3-9cda-e0bb-a145-e04831bf4ad1" executionId="910bee7e-11bf-4d7d-b9b2-b9331f35f5c3" testListId="8c84fa94-04c1-424b-9868-57a2d4851a1d" />
    <TestEntry testId="da439a3a-d4fa-3c84-6e11-33f6ea1c152d" executionId="047f7a30-fbb7-4160-99bd-7e1a11047ef6" testListId="8c84fa94-04c1-424b-9868-57a2d4851a1d" />
    <TestEntry testId="76ce4a2c-370c-7e10-2d5f-1e33f02e8776" executionId="d7a54110-d17b-4631-81cf-e1f1abf4ea37" testListId="8c84fa94-04c1-424b-9868-57a2d4851a1d" />
    <TestEntry testId="330d8c1b-92bc-af8d-9bae-65bc358db106" executionId="45f5fadf-55dd-467d-a391-2634b861c81d" testListId="8c84fa94-04c1-424b-9868-57a2d4851a1d" />
    <TestEntry testId="a8a72cd5-bc27-5694-762e-d9239fb95dcb" executionId="0e173617-5e83-4344-b8e9-79c65b10b476" testListId="8c84fa94-04c1-424b-9868-57a2d4851a1d" />
    <TestEntry testId="9d23e7eb-f6f1-f473-c1ef-b977ed597a19" executionId="af929e0d-281d-482f-9626-751dc704c9d0" testListId="8c84fa94-04c1-424b-9868-57a2d4851a1d" />
    <TestEntry testId="0168c9aa-b1cb-159c-2d91-3888222c02dd" executionId="8d479cf6-4810-4e48-b3dc-43fea72956b3" testListId="8c84fa94-04c1-424b-9868-57a2d4851a1d" />
    <TestEntry testId="4f216b0b-8aa3-2eaa-dbcf-9305e0a24762" executionId="4f7485c2-c3d8-4ff3-a93c-8597be5e8fcb" testListId="8c84fa94-04c1-424b-9868-57a2d4851a1d" />
    <TestEntry testId="378bb97d-da3b-3738-3a7d-cd216f695254" executionId="1bc94e5e-49c4-43b9-925c-2c50b5a05ca2" testListId="8c84fa94-04c1-424b-9868-57a2d4851a1d" />
    <TestEntry testId="8f4e955a-3f9c-9d8b-b1f1-a40eb039fc60" executionId="1f7f0ef4-d95b-40d7-8731-951f7a8cdd76" testListId="8c84fa94-04c1-424b-9868-57a2d4851a1d" />
    <TestEntry testId="bf58847e-f0bb-9ae4-45f4-413b8fe8b89f" executionId="0bda3dda-2f28-4700-9c77-6e467fe68071" testListId="8c84fa94-04c1-424b-9868-57a2d4851a1d" />
    <TestEntry testId="d2cb036c-53fa-8f4b-9ef4-5beb25a3a029" executionId="f7f8aad1-8ac1-4448-9af7-97bdbf171f9b" testListId="8c84fa94-04c1-424b-9868-57a2d4851a1d" />
    <TestEntry testId="0176c483-d7a4-625f-40ff-783f235b7e00" executionId="1f4af99e-29eb-4bc2-8eb2-7ced62a15c09" testListId="8c84fa94-04c1-424b-9868-57a2d4851a1d" />
    <TestEntry testId="95dc3d0e-f7aa-3cf5-0275-0aedcb3c9d64" executionId="c65255da-7926-4bb4-9c28-2a2938d3f245" testListId="8c84fa94-04c1-424b-9868-57a2d4851a1d" />
    <TestEntry testId="9e8276a9-cd2e-3ad7-499f-33314d992eba" executionId="f81a763e-d7b7-469e-a6eb-9f8cae2cea3d" testListId="8c84fa94-04c1-424b-9868-57a2d4851a1d" />
  </TestEntries>
  <TestLists>
    <TestList name="Results Not in a List" id="8c84fa94-04c1-424b-9868-57a2d4851a1d" />
    <TestList name="All Loaded Results" id="19431567-8539-422a-85d7-44ee4e166bda" />
  </TestLists>
  <ResultSummary outcome="Completed">
    <Counters total="19" executed="19" passed="19" failed="0" error="0" timeout="0" aborted="0" inconclusive="0" passedButRunAborted="0" notRunnable="0" notExecuted="0" disconnected="0" warning="0" completed="0" inProgress="0" pending="0" />
    <Output>
      <StdOut>[xUnit.net 00:00:00.00] xUnit.net VSTest Adapter v4.0.0+05679a7ab5 (64-bit .NET 10.0.11)
[xUnit.net 00:00:00.09]   Discovering: KnowledgeService.DomainTests
[xUnit.net 00:00:00.12]   Discovered:  KnowledgeService.DomainTests
[xUnit.net 00:00:00.14]   Starting:    KnowledgeService.DomainTests
[xUnit.net 00:00:00.19]   Finished:    KnowledgeService.DomainTests
</StdOut>
    </Output>
  </ResultSummary>
</TestRun>